16:27:26 **** Incremental Build of configuration Debug for project ethernet ****
make -r -j8 all 
Building file: ../source/ethernet.c
Invoking: MCU C Compiler
arm-none-eabi-gcc -std=gnu99 -D__REDLIB__ -DCPU_RW612ETA2I -DCPU_RW612ETA2I_cm33_nodsp -DMCUXPRESSO_SDK -DFSL_SDK_DRIVER_QUICK_ACCESS_ENABLE=1 -DPRINTF_ADVANCED_ENABLE=1 -DFSL_FEATURE_PHYKSZ8081_USE_RMII50M_MODE -DSDK_DEBUGCONSOLE=1 -DMCUX_META_BUILD -DBOOT_HEADER_ENABLE=1 -DWIFI_BOARD_RW610 -DCR_INTEGER_PRINTF -DPRINTF_FLOAT_ENABLE=0 -D__MCUXPRESSO -D__USE_CMSIS -DDEBUG -I"C:\repos\embedded_practices\workspace\ethernet\source" -I"C:\repos\embedded_practices\workspace\ethernet\flash_config" -I"C:\repos\embedded_practices\workspace\ethernet\drivers" -I"C:\repos\embedded_practices\workspace\ethernet\CMSIS" -I"C:\repos\embedded_practices\workspace\ethernet\CMSIS\m-profile" -I"C:\repos\embedded_practices\workspace\ethernet\device" -I"C:\repos\embedded_practices\workspace\ethernet\device\periph" -I"C:\repos\embedded_practices\workspace\ethernet\utilities" -I"C:\repos\embedded_practices\workspace\ethernet\utilities\str" -I"C:\repos\embedded_practices\workspace\ethernet\utilities\debug_console_lite" -I"C:\repos\embedded_practices\workspace\ethernet\component\uart" -I"C:\repos\embedded_practices\workspace\ethernet\component\els_pkc" -I"C:\repos\embedded_practices\workspace\ethernet\component\els_pkc\src\comps\mcuxClBuffer\inc" -I"C:\repos\embedded_practices\workspace\ethernet\component\els_pkc\src\comps\mcuxClBuffer\inc\internal" -I"C:\repos\embedded_practices\workspace\ethernet\component\els_pkc\src\comps\mcuxClCore\inc" -I"C:\repos\embedded_practices\workspace\ethernet\component\els_pkc\src\comps\mcuxClEls\inc" -I"C:\repos\embedded_practices\workspace\ethernet\component\els_pkc\src\comps\mcuxClEls\inc\internal" -I"C:\repos\embedded_practices\workspace\ethernet\component\els_pkc\src\comps\mcuxClMemory\inc" -I"C:\repos\embedded_practices\workspace\ethernet\component\els_pkc\src\comps\mcuxClMemory\inc\internal" -I"C:\repos\embedded_practices\workspace\ethernet\component\els_pkc\src\comps\mcuxCsslMemory\inc" -I"C:\repos\embedded_practices\workspace\ethernet\component\els_pkc\src\comps\mcuxCsslMemory\inc\internal" -I"C:\repos\embedded_practices\workspace\ethernet\component\els_pkc\src\comps\mcuxCsslCPreProcessor\inc" -I"C:\repos\embedded_practices\workspace\ethernet\component\els_pkc\src\comps\mcuxCsslDataIntegrity\inc" -I"C:\repos\embedded_practices\workspace\ethernet\component\els_pkc\src\comps\mcuxCsslFlowProtection\inc" -I"C:\repos\embedded_practices\workspace\ethernet\component\els_pkc\src\comps\mcuxCsslParamIntegrity\inc" -I"C:\repos\embedded_practices\workspace\ethernet\component\els_pkc\src\comps\mcuxCsslSecureCounter\inc" -I"C:\repos\embedded_practices\workspace\ethernet\component\els_pkc\src\compiler" -I"C:\repos\embedded_practices\workspace\ethernet\component\els_pkc\src\platforms\rw61x" -I"C:\repos\embedded_practices\workspace\ethernet\component\els_pkc\src\platforms\rw61x\inc" -I"C:\repos\embedded_practices\workspace\ethernet\component\els_pkc\includes\platform\rw61x" -I"C:\repos\embedded_practices\workspace\ethernet\component\phy" -I"C:\repos\embedded_practices\workspace\ethernet\component\silicon_id" -I"C:\repos\embedded_practices\workspace\ethernet\component" -I"C:\repos\embedded_practices\workspace\ethernet\board" -O0 -fno-common -g3 -gdwarf-4 -c -ffunction-sections -fdata-sections -fno-builtin -mcpu=cortex-m33+nodsp -imacros "C:\repos\embedded_practices\workspace\ethernet\source\mcux_config.h" -fmerge-constants -fmacro-prefix-map="../source/"= -mcpu=cortex-m33+nodsp -mfpu=fpv5-sp-d16 -mfloat-abi=hard -mthumb -D__REDLIB__ -fstack-usage -specs=redlib.specs -MMD -MP -MF"source/ethernet.d" -MT"source/ethernet.o" -MT"source/ethernet.d" -o "source/ethernet.o" "../source/ethernet.c"
Finished building: ../source/ethernet.c
 
Building target: ethernet.axf
Invoking: MCU Linker
arm-none-eabi-gcc -nostdlib -Xlinker -no-warn-rwx-segments -Xlinker -Map="ethernet.map" -Xlinker --gc-sections -Xlinker -print-memory-usage -Xlinker --sort-section=alignment -Xlinker --cref -mcpu=cortex-m33+nodsp -mfpu=fpv5-sp-d16 -mfloat-abi=hard -mthumb -T ethernet_Debug.ld -o "ethernet.axf" ./utilities/str/fsl_str.o  ./utilities/debug_console_lite/fsl_debug_console.o  ./utilities/fsl_assert.o ./utilities/fsl_memcpy.o  ./startup/startup_rw612.o  ./source/ethernet.o ./source/semihost_hardfault.o  ./flash_config/flash_config.o  ./drivers/fsl_cache.o ./drivers/fsl_clock.o ./drivers/fsl_common.o ./drivers/fsl_common_arm.o ./drivers/fsl_enet.o ./drivers/fsl_flexcomm.o ./drivers/fsl_flexspi.o ./drivers/fsl_gpio.o ./drivers/fsl_i2s_bridge.o ./drivers/fsl_iped.o ./drivers/fsl_ocotp.o ./drivers/fsl_power.o ./drivers/fsl_reset.o ./drivers/fsl_usart.o  ./device/system_RW612.o  ./component/uart/fsl_adapter_usart.o  ./component/silicon_id/fsl_silicon_id.o ./component/silicon_id/fsl_silicon_id_soc.o  ./component/phy/fsl_phyksz8081.o  ./component/els_pkc/src/comps/mcuxCsslParamIntegrity/src/mcuxCsslParamIntegrity32.o  ./component/els_pkc/src/comps/mcuxCsslMemory/src/mcuxCsslMemory_Clear.o ./component/els_pkc/src/comps/mcuxCsslMemory/src/mcuxCsslMemory_Compare.o ./component/els_pkc/src/comps/mcuxCsslMemory/src/mcuxCsslMemory_Copy.o ./component/els_pkc/src/comps/mcuxCsslMemory/src/mcuxCsslMemory_Set.o  ./component/els_pkc/src/comps/mcuxClMemory/src/mcuxClMemory.o  ./component/els_pkc/src/comps/mcuxClEls/src/mcuxClEls_Common.o ./component/els_pkc/src/comps/mcuxClEls/src/mcuxClEls_GlitchDetector.o  ./component/els_pkc/src/comps/mcuxClBuffer/src/mcuxClBuffer.o  ./board/board.o ./board/clock_config.o ./board/hardware_init.o ./board/pin_mux.o   
Memory region         Used Size  Region Size  %age Used
      QSPI_FLASH:       47508 B         8 MB      0.57%
            SRAM:       25476 B      1216 KB      2.05%
Finished building target: ethernet.axf
 
Performing post-build steps
arm-none-eabi-size "ethernet.axf"; # arm-none-eabi-objcopy -v -O binary "ethernet.axf" "ethernet.bin" ; # checksum -p RW612 -d "ethernet.bin";
   text	   data	    bss	    dec	    hex	filename
  47508	      0	  22404	  69912	  11118	ethernet.axf
 

16:27:30 Build Finished. 0 errors, 0 warnings. (took 3s.995ms)

