22:03:52 **** Incremental Build of configuration Debug for project frdmrw612_lwip_ipv4_ipv6_echo_freertos ****
make -r -j8 all 
make[1]: Nothing to be done for 'main-build'.
Performing post-build steps
arm-none-eabi-size "frdmrw612_lwip_ipv4_ipv6_echo_freertos.axf"; # arm-none-eabi-objcopy -v -O binary "frdmrw612_lwip_ipv4_ipv6_echo_freertos.axf" "frdmrw612_lwip_ipv4_ipv6_echo_freertos.bin" ; # checksum -p RW612 -d "frdmrw612_lwip_ipv4_ipv6_echo_freertos.bin";
   text	   data	    bss	    dec	    hex	filename
 198684	      0	  90288	 288972	  468cc	frdmrw612_lwip_ipv4_ipv6_echo_freertos.axf
 

22:03:53 Build Finished. 0 errors, 0 warnings. (took 1s.219ms)

