17:30:14 **** Incremental Build of configuration Debug for project frdmmcxa153_gpio_input_interrupt ****
make -r -j8 all 
Building file: ../source/gpio_input_interrupt.c
Invoking: MCU C Compiler
arm-none-eabi-gcc -std=gnu99 -DCPU_MCXA153VLH -DCPU_MCXA153VLH_cm33_nodsp -DMCUXPRESSO_SDK -DSDK_DEBUGCONSOLE=1 -DMCUX_META_BUILD -DCR_INTEGER_PRINTF -DPRINTF_FLOAT_ENABLE=0 -D__MCUXPRESSO -D__USE_CMSIS -DDEBUG -D__REDLIB__ -I"C:\Users\adria\Documents\MCUXpressoIDE_24.12.148\workspace\frdmmcxa153_gpio_input_interrupt\source" -I"C:\Users\adria\Documents\MCUXpressoIDE_24.12.148\workspace\frdmmcxa153_gpio_input_interrupt\drivers" -I"C:\Users\adria\Documents\MCUXpressoIDE_24.12.148\workspace\frdmmcxa153_gpio_input_interrupt\CMSIS" -I"C:\Users\adria\Documents\MCUXpressoIDE_24.12.148\workspace\frdmmcxa153_gpio_input_interrupt\CMSIS\m-profile" -I"C:\Users\adria\Documents\MCUXpressoIDE_24.12.148\workspace\frdmmcxa153_gpio_input_interrupt\device" -I"C:\Users\adria\Documents\MCUXpressoIDE_24.12.148\workspace\frdmmcxa153_gpio_input_interrupt\device\periph" -I"C:\Users\adria\Documents\MCUXpressoIDE_24.12.148\workspace\frdmmcxa153_gpio_input_interrupt\utilities" -I"C:\Users\adria\Documents\MCUXpressoIDE_24.12.148\workspace\frdmmcxa153_gpio_input_interrupt\utilities\str" -I"C:\Users\adria\Documents\MCUXpressoIDE_24.12.148\workspace\frdmmcxa153_gpio_input_interrupt\utilities\debug_console_lite" -I"C:\Users\adria\Documents\MCUXpressoIDE_24.12.148\workspace\frdmmcxa153_gpio_input_interrupt\component\uart" -I"C:\Users\adria\Documents\MCUXpressoIDE_24.12.148\workspace\frdmmcxa153_gpio_input_interrupt\board" -O0 -fno-common -g3 -gdwarf-4 -mcpu=cortex-m33+nodsp -c -ffunction-sections -fdata-sections -fno-builtin -imacros "C:\Users\adria\Documents\MCUXpressoIDE_24.12.148\workspace\frdmmcxa153_gpio_input_interrupt\source\mcux_config.h" -fmerge-constants -fmacro-prefix-map="../source/"= -mcpu=cortex-m33+nodsp -mthumb -D__REDLIB__ -fstack-usage -specs=redlib.specs -MMD -MP -MF"source/gpio_input_interrupt.d" -MT"source/gpio_input_interrupt.o" -MT"source/gpio_input_interrupt.d" -o "source/gpio_input_interrupt.o" "../source/gpio_input_interrupt.c"
Finished building: ../source/gpio_input_interrupt.c
 
Building target: frdmmcxa153_gpio_input_interrupt.axf
Invoking: MCU Linker
arm-none-eabi-gcc -nostdlib -Xlinker -no-warn-rwx-segments -Xlinker -Map="frdmmcxa153_gpio_input_interrupt.map" -Xlinker --gc-sections -Xlinker -print-memory-usage -Xlinker --sort-section=alignment -Xlinker --cref -mcpu=cortex-m33+nodsp -mthumb -T frdmmcxa153_gpio_input_interrupt_Debug.ld -o "frdmmcxa153_gpio_input_interrupt.axf" ./utilities/str/fsl_str.o  ./utilities/debug_console_lite/fsl_debug_console.o  ./utilities/fsl_assert.o ./utilities/fsl_memcpy.o  ./startup/startup_mcxa153.o  ./source/gpio_input_interrupt.o ./source/semihost_hardfault.o  ./drivers/fsl_clock.o ./drivers/fsl_common.o ./drivers/fsl_common_arm.o ./drivers/fsl_gpio.o ./drivers/fsl_inputmux.o ./drivers/fsl_lpuart.o ./drivers/fsl_reset.o ./drivers/fsl_spc.o  ./device/system_MCXA153.o  ./component/uart/fsl_adapter_lpuart.o  ./board/board.o ./board/clock_config.o ./board/hardware_init.o ./board/pin_mux.o   
Memory region         Used Size  Region Size  %age Used
   PROGRAM_FLASH:       13592 B       128 KB     10.37%
            SRAM:        3340 B        24 KB     13.59%
          SRAMX0:          0 GB         8 KB      0.00%
          SRAMX1:          0 GB         4 KB      0.00%
Finished building target: frdmmcxa153_gpio_input_interrupt.axf
 
Performing post-build steps
arm-none-eabi-size "frdmmcxa153_gpio_input_interrupt.axf"; # arm-none-eabi-objcopy -v -O binary "frdmmcxa153_gpio_input_interrupt.axf" "frdmmcxa153_gpio_input_interrupt.bin" ; # checksum -p MCXA153 -d "frdmmcxa153_gpio_input_interrupt.bin";
   text	   data	    bss	    dec	    hex	filename
  13556	     36	   3304	  16896	   4200	frdmmcxa153_gpio_input_interrupt.axf
 

17:30:15 Build Finished. 0 errors, 0 warnings. (took 864ms)

