21:55:02 **** Incremental Build of configuration Debug for project frdmmcxa153_wheels ****
make -r -j8 all 
make[1]: Nothing to be done for 'main-build'.
Performing post-build steps
arm-none-eabi-size "frdmmcxa153_wheels.axf"; # arm-none-eabi-objcopy -v -O binary "frdmmcxa153_wheels.axf" "frdmmcxa153_wheels.bin" ; # checksum -p MCXA153 -d "frdmmcxa153_wheels.bin";
   text	   data	    bss	    dec	    hex	filename
  13536	      8	   3300	  16844	   41cc	frdmmcxa153_wheels.axf
 

21:55:04 Build Finished. 0 errors, 0 warnings. (took 2s.200ms)

