"Task Aware Debugger for GDB" version 24.12.0 (202407110909)
Copyright 2016-2023 NXP
==================================
02:22:39.575 INFO: [TadModel] DSF session ID 30 has started.
02:22:42.439 INFO: [TadModel] DSF session ID 31 has started.
02:22:43.690 INFO: [TadState] TAD state changed: DEBUG_STARTED -> DEBUG_INIT_0 (SUSPENDED, USER_REQUEST)
02:22:43.808 INFO: [TadState] TAD state changed: DEBUG_INIT_0 -> DEBUG_INIT_1 (SUSPENDED, USER_REQUEST)
02:22:45.637 INFO: [TadState] TAD state changed: DEBUG_INIT_1 -> DEBUG_SUSPENDED (RESUMED, USER_REQUEST)
02:22:45.667 INFO: [TadState] TAD state changed: DEBUG_SUSPENDED -> DEBUG_SUSPENDED (SUSPENDED, BREAKPOINT)
02:22:51.711 INFO: [TadState] TAD state changed: DEBUG_SUSPENDED -> DEBUG_RESUMED (RESUMED, USER_REQUEST)
02:22:54.601 INFO: [TadState] TAD state changed: DEBUG_RESUMED -> READY (SUSPENDED, BREAKPOINT)
02:22:57.573 INFO: [TadState] TAD state changed: READY -> DEBUG_RESUMED (RESUMED, STEP)
02:22:57.613 INFO: [TadState] TAD state changed: DEBUG_RESUMED -> READY (SUSPENDED, STEP)
02:22:58.454 INFO: [TadState] TAD state changed: READY -> DEBUG_RESUMED (RESUMED, STEP)
02:22:58.473 INFO: [TadState] TAD state changed: DEBUG_RESUMED -> READY (SUSPENDED, STEP)
02:22:58.909 INFO: [TadState] TAD state changed: READY -> DEBUG_RESUMED (RESUMED, STEP)
02:22:58.947 INFO: [TadState] TAD state changed: DEBUG_RESUMED -> READY (SUSPENDED, STEP)
02:22:59.285 INFO: [TadState] TAD state changed: READY -> DEBUG_RESUMED (RESUMED, STEP)
02:22:59.306 INFO: [TadState] TAD state changed: DEBUG_RESUMED -> READY (SUSPENDED, STEP)
02:22:59.634 INFO: [TadState] TAD state changed: READY -> DEBUG_RESUMED (RESUMED, STEP)
02:22:59.655 INFO: [TadState] TAD state changed: DEBUG_RESUMED -> READY (SUSPENDED, STEP)
02:22:59.916 INFO: [TadState] TAD state changed: READY -> DEBUG_RESUMED (RESUMED, STEP)
02:22:59.934 INFO: [TadState] TAD state changed: DEBUG_RESUMED -> READY (SUSPENDED, STEP)
02:23:00.195 INFO: [TadState] TAD state changed: READY -> DEBUG_RESUMED (RESUMED, STEP)
02:23:00.217 INFO: [TadState] TAD state changed: DEBUG_RESUMED -> READY (SUSPENDED, STEP)
02:23:02.56 INFO: [TadState] TAD state changed: READY -> DEBUG_RESUMED (RESUMED, STEP)
02:23:02.113 INFO: [TadState] TAD state changed: DEBUG_RESUMED -> READY (SUSPENDED, STEP)
02:23:19.602 INFO: [TadState] TAD state changed: READY -> DEBUG_RESUMED (RESUMED, STEP)
02:23:19.628 INFO: [TadState] TAD state changed: DEBUG_RESUMED -> READY (SUSPENDED, STEP)
02:23:21.136 INFO: [TadState] TAD state changed: READY -> DEBUG_RESUMED (RESUMED, USER_REQUEST)
02:23:26.203 INFO: [TadState] TAD state changed: DEBUG_RESUMED -> READY (SUSPENDED, BREAKPOINT)
02:23:28.225 INFO: [TadState] TAD state changed: READY -> DEBUG_RESUMED (RESUMED, STEP)
02:23:28.262 INFO: [TadState] TAD state changed: DEBUG_RESUMED -> READY (SUSPENDED, STEP)
02:23:29.392 INFO: [TadState] TAD state changed: READY -> DEBUG_RESUMED (RESUMED, STEP)
02:23:29.413 INFO: [TadState] TAD state changed: DEBUG_RESUMED -> READY (SUSPENDED, STEP)
02:23:29.604 INFO: [TadState] TAD state changed: READY -> DEBUG_RESUMED (RESUMED, STEP)
02:23:29.647 INFO: [TadState] TAD state changed: DEBUG_RESUMED -> READY (SUSPENDED, STEP)
02:23:30.130 INFO: [TadState] TAD state changed: READY -> DEBUG_RESUMED (RESUMED, STEP)
02:23:30.151 INFO: [TadState] TAD state changed: DEBUG_RESUMED -> READY (SUSPENDED, STEP)
02:23:30.618 INFO: [TadState] TAD state changed: READY -> DEBUG_RESUMED (RESUMED, STEP)
02:23:30.639 INFO: [TadState] TAD state changed: DEBUG_RESUMED -> READY (SUSPENDED, STEP)
02:23:31.281 INFO: [TadState] TAD state changed: READY -> DEBUG_RESUMED (RESUMED, STEP)
02:23:31.302 INFO: [TadState] TAD state changed: DEBUG_RESUMED -> READY (SUSPENDED, STEP)
02:23:31.877 INFO: [TadState] TAD state changed: READY -> DEBUG_RESUMED (RESUMED, STEP)
02:23:31.896 INFO: [TadState] TAD state changed: DEBUG_RESUMED -> READY (SUSPENDED, STEP)
02:23:32.961 INFO: [TadState] TAD state changed: READY -> DEBUG_RESUMED (RESUMED, STEP)
02:23:33.14 INFO: [TadState] TAD state changed: DEBUG_RESUMED -> READY (SUSPENDED, STEP)
02:23:36.214 INFO: [TadState] TAD state changed: READY -> DEBUG_RESUMED (RESUMED, STEP)
02:23:36.243 INFO: [TadState] TAD state changed: DEBUG_RESUMED -> READY (SUSPENDED, STEP)
02:23:48.672 INFO: [TadState] TAD state changed: READY -> DEBUG_RESUMED (RESUMED, STEP)
02:23:48.701 INFO: [TadState] TAD state changed: DEBUG_RESUMED -> READY (SUSPENDED, STEP)
02:23:55.385 INFO: [TadState] TAD state changed: READY -> DEBUG_RESUMED (RESUMED, STEP)
02:23:55.413 INFO: [TadState] TAD state changed: DEBUG_RESUMED -> READY (SUSPENDED, STEP)
02:24:00.115 INFO: [TadState] TAD state changed: READY -> DEBUG_RESUMED (RESUMED, STEP)
02:24:00.161 INFO: [TadState] TAD state changed: DEBUG_RESUMED -> READY (SUSPENDED, STEP)
02:24:04.522 INFO: [TadState] TAD state changed: READY -> DEBUG_RESUMED (RESUMED, USER_REQUEST)
02:24:09.574 INFO: [TadState] TAD state changed: DEBUG_RESUMED -> READY (SUSPENDED, BREAKPOINT)
02:24:12.841 INFO: [TadState] TAD state changed: READY -> DEBUG_RESUMED (RESUMED, STEP)
02:24:12.875 INFO: [TadState] TAD state changed: DEBUG_RESUMED -> READY (SUSPENDED, STEP)
02:24:14.69 INFO: [TadState] TAD state changed: READY -> DEBUG_RESUMED (RESUMED, STEP)
02:24:14.90 INFO: [TadState] TAD state changed: DEBUG_RESUMED -> READY (SUSPENDED, STEP)
02:24:14.509 INFO: [TadState] TAD state changed: READY -> DEBUG_RESUMED (RESUMED, STEP)
02:24:14.562 INFO: [TadState] TAD state changed: DEBUG_RESUMED -> READY (SUSPENDED, STEP)
02:24:14.935 INFO: [TadState] TAD state changed: READY -> DEBUG_RESUMED (RESUMED, STEP)
02:24:14.956 INFO: [TadState] TAD state changed: DEBUG_RESUMED -> READY (SUSPENDED, STEP)
02:24:15.234 INFO: [TadState] TAD state changed: READY -> DEBUG_RESUMED (RESUMED, STEP)
02:24:15.254 INFO: [TadState] TAD state changed: DEBUG_RESUMED -> READY (SUSPENDED, STEP)
02:24:15.503 INFO: [TadState] TAD state changed: READY -> DEBUG_RESUMED (RESUMED, STEP)
02:24:15.524 INFO: [TadState] TAD state changed: DEBUG_RESUMED -> READY (SUSPENDED, STEP)
02:24:15.810 INFO: [TadState] TAD state changed: READY -> DEBUG_RESUMED (RESUMED, STEP)
02:24:15.831 INFO: [TadState] TAD state changed: DEBUG_RESUMED -> READY (SUSPENDED, STEP)
02:24:17.468 INFO: [TadState] TAD state changed: READY -> DEBUG_RESUMED (RESUMED, STEP)
02:24:17.524 INFO: [TadState] TAD state changed: DEBUG_RESUMED -> READY (SUSPENDED, STEP)
02:24:18.834 INFO: [TadState] TAD state changed: READY -> DEBUG_RESUMED (RESUMED, STEP)
02:24:18.859 INFO: [TadState] TAD state changed: DEBUG_RESUMED -> READY (SUSPENDED, STEP)
02:24:26.737 INFO: [TadState] TAD state changed: READY -> DEBUG_RESUMED (RESUMED, STEP)
02:24:26.769 INFO: [TadState] TAD state changed: DEBUG_RESUMED -> READY (SUSPENDED, STEP)
02:24:29.69 INFO: [TadState] TAD state changed: READY -> DEBUG_RESUMED (RESUMED, STEP)
02:24:29.96 INFO: [TadState] TAD state changed: DEBUG_RESUMED -> READY (SUSPENDED, STEP)
02:24:32.695 INFO: [TadState] TAD state changed: READY -> DEBUG_RESUMED (RESUMED, STEP)
02:24:32.742 INFO: [TadState] TAD state changed: DEBUG_RESUMED -> READY (SUSPENDED, STEP)
02:24:34.605 INFO: [TadState] TAD state changed: READY -> DEBUG_RESUMED (RESUMED, USER_REQUEST)
02:24:39.659 INFO: [TadState] TAD state changed: DEBUG_RESUMED -> READY (SUSPENDED, BREAKPOINT)
02:24:43.243 INFO: [TadState] TAD state changed: READY -> DEBUG_RESUMED (RESUMED, STEP)
02:24:43.276 INFO: [TadState] TAD state changed: DEBUG_RESUMED -> READY (SUSPENDED, STEP)
02:24:44.128 INFO: [TadState] TAD state changed: READY -> DEBUG_RESUMED (RESUMED, STEP)
02:24:44.140 INFO: [TadState] TAD state changed: DEBUG_RESUMED -> READY (SUSPENDED, STEP)
02:24:44.431 INFO: [TadState] TAD state changed: READY -> DEBUG_RESUMED (RESUMED, STEP)
02:24:44.473 INFO: [TadState] TAD state changed: DEBUG_RESUMED -> READY (SUSPENDED, STEP)
02:24:44.672 INFO: [TadState] TAD state changed: READY -> DEBUG_RESUMED (RESUMED, STEP)
02:24:44.690 INFO: [TadState] TAD state changed: DEBUG_RESUMED -> READY (SUSPENDED, STEP)
02:24:45.116 INFO: [TadState] TAD state changed: READY -> DEBUG_RESUMED (RESUMED, STEP)
02:24:45.139 INFO: [TadState] TAD state changed: DEBUG_RESUMED -> READY (SUSPENDED, STEP)
02:24:45.636 INFO: [TadState] TAD state changed: READY -> DEBUG_RESUMED (RESUMED, STEP)
02:24:45.656 INFO: [TadState] TAD state changed: DEBUG_RESUMED -> READY (SUSPENDED, STEP)
02:24:46.145 INFO: [TadState] TAD state changed: READY -> DEBUG_RESUMED (RESUMED, STEP)
02:24:46.159 INFO: [TadState] TAD state changed: DEBUG_RESUMED -> READY (SUSPENDED, STEP)
02:24:46.639 INFO: [TadState] TAD state changed: READY -> DEBUG_RESUMED (RESUMED, STEP)
02:24:46.701 INFO: [TadState] TAD state changed: DEBUG_RESUMED -> READY (SUSPENDED, STEP)
02:24:47.837 INFO: [TadState] TAD state changed: READY -> DEBUG_RESUMED (RESUMED, STEP)
02:24:47.863 INFO: [TadState] TAD state changed: DEBUG_RESUMED -> READY (SUSPENDED, STEP)
02:25:09.680 INFO: [TadModel] DSF session ID 30 has ended.
