"Task Aware Debugger for GDB" version 24.12.0 (202407110909)
Copyright 2016-2023 NXP
==================================
02:03:22.915 INFO: [TadModel] DSF session ID 28 has started.
02:03:26.376 INFO: [TadModel] DSF session ID 29 has started.
02:03:27.41 INFO: [TadState] TAD state changed: DEBUG_STARTED -> DEBUG_INIT_0 (SUSPENDED, USER_REQUEST)
02:03:27.227 INFO: [TadState] TAD state changed: DEBUG_INIT_0 -> DEBUG_INIT_1 (SUSPENDED, USER_REQUEST)
02:03:28.644 INFO: [TadState] TAD state changed: DEBUG_INIT_1 -> DEBUG_SUSPENDED (RESUMED, USER_REQUEST)
02:03:28.666 INFO: [TadState] TAD state changed: DEBUG_SUSPENDED -> DEBUG_SUSPENDED (SUSPENDED, BREAKPOINT)
02:03:32.282 INFO: [TadState] TAD state changed: DEBUG_SUSPENDED -> DEBUG_RESUMED (RESUMED, USER_REQUEST)
02:03:35.690 INFO: [TadState] TAD state changed: DEBUG_RESUMED -> READY (SUSPENDED, BREAKPOINT)
02:03:38.740 INFO: [TadState] TAD state changed: READY -> DEBUG_RESUMED (RESUMED, STEP)
02:03:38.771 INFO: [TadState] TAD state changed: DEBUG_RESUMED -> READY (SUSPENDED, STEP)
02:03:40.669 INFO: [TadState] TAD state changed: READY -> DEBUG_RESUMED (RESUMED, STEP)
02:03:40.690 INFO: [TadState] TAD state changed: DEBUG_RESUMED -> READY (SUSPENDED, STEP)
02:03:41.144 INFO: [TadState] TAD state changed: READY -> DEBUG_RESUMED (RESUMED, STEP)
02:03:41.186 INFO: [TadState] TAD state changed: DEBUG_RESUMED -> READY (SUSPENDED, STEP)
02:03:46.253 INFO: [TadState] TAD state changed: READY -> DEBUG_RESUMED (RESUMED, STEP)
02:03:46.273 INFO: [TadState] TAD state changed: DEBUG_RESUMED -> READY (SUSPENDED, STEP)
02:03:46.895 INFO: [TadState] TAD state changed: READY -> DEBUG_RESUMED (RESUMED, STEP)
02:03:46.917 INFO: [TadState] TAD state changed: DEBUG_RESUMED -> READY (SUSPENDED, STEP)
02:03:47.675 INFO: [TadState] TAD state changed: READY -> DEBUG_RESUMED (RESUMED, STEP)
02:03:47.695 INFO: [TadState] TAD state changed: DEBUG_RESUMED -> READY (SUSPENDED, STEP)
02:03:50.141 INFO: [TadState] TAD state changed: READY -> DEBUG_RESUMED (RESUMED, STEP)
02:03:50.191 INFO: [TadState] TAD state changed: DEBUG_RESUMED -> READY (SUSPENDED, STEP)
02:04:39.606 INFO: [TadState] TAD state changed: READY -> DEBUG_RESUMED (RESUMED, STEP)
02:04:39.633 INFO: [TadState] TAD state changed: DEBUG_RESUMED -> READY (SUSPENDED, STEP)
02:05:01.721 INFO: [TadState] TAD state changed: READY -> DEBUG_RESUMED (RESUMED, STEP)
02:05:01.752 INFO: [TadState] TAD state changed: DEBUG_RESUMED -> READY (SUSPENDED, STEP)
02:05:02.222 INFO: [TadState] TAD state changed: READY -> DEBUG_RESUMED (RESUMED, STEP)
02:05:02.251 INFO: [TadState] TAD state changed: DEBUG_RESUMED -> READY (SUSPENDED, STEP)
02:05:02.632 INFO: [TadState] TAD state changed: READY -> DEBUG_RESUMED (RESUMED, STEP)
02:05:02.678 INFO: [TadState] TAD state changed: DEBUG_RESUMED -> READY (SUSPENDED, STEP)
02:05:03.118 INFO: [TadState] TAD state changed: READY -> DEBUG_RESUMED (RESUMED, STEP)
02:05:03.148 INFO: [TadState] TAD state changed: DEBUG_RESUMED -> READY (SUSPENDED, STEP)
02:05:03.677 INFO: [TadState] TAD state changed: READY -> DEBUG_RESUMED (RESUMED, STEP)
02:05:03.710 INFO: [TadState] TAD state changed: DEBUG_RESUMED -> READY (SUSPENDED, STEP)
02:05:04.652 INFO: [TadState] TAD state changed: READY -> DEBUG_RESUMED (RESUMED, STEP)
02:05:04.705 INFO: [TadState] TAD state changed: DEBUG_RESUMED -> READY (SUSPENDED, STEP)
02:05:06.962 INFO: [TadState] TAD state changed: READY -> DEBUG_RESUMED (RESUMED, STEP)
02:05:07.17 INFO: [TadState] TAD state changed: DEBUG_RESUMED -> READY (SUSPENDED, STEP)
02:05:08.338 INFO: [TadState] TAD state changed: READY -> DEBUG_RESUMED (RESUMED, STEP)
02:05:08.396 INFO: [TadState] TAD state changed: DEBUG_RESUMED -> READY (SUSPENDED, STEP)
02:05:09.217 INFO: [TadState] TAD state changed: READY -> DEBUG_RESUMED (RESUMED, STEP)
02:05:09.288 INFO: [TadState] TAD state changed: DEBUG_RESUMED -> READY (SUSPENDED, STEP)
02:05:10.17 INFO: [TadState] TAD state changed: READY -> DEBUG_RESUMED (RESUMED, STEP)
02:05:10.73 INFO: [TadState] TAD state changed: DEBUG_RESUMED -> READY (SUSPENDED, STEP)
02:05:10.761 INFO: [TadState] TAD state changed: READY -> DEBUG_RESUMED (RESUMED, STEP)
02:05:10.829 INFO: [TadState] TAD state changed: DEBUG_RESUMED -> READY (SUSPENDED, STEP)
02:05:11.531 INFO: [TadState] TAD state changed: READY -> DEBUG_RESUMED (RESUMED, STEP)
02:05:11.594 INFO: [TadState] TAD state changed: DEBUG_RESUMED -> READY (SUSPENDED, STEP)
02:05:45.32 INFO: [TadState] TAD state changed: READY -> DEBUG_RESUMED (RESUMED, STEP)
02:05:45.82 INFO: [TadState] TAD state changed: DEBUG_RESUMED -> READY (SUSPENDED, STEP)
02:05:47.549 INFO: [TadState] TAD state changed: READY -> DEBUG_RESUMED (RESUMED, STEP)
02:05:47.609 INFO: [TadState] TAD state changed: DEBUG_RESUMED -> READY (SUSPENDED, STEP)
02:05:49.117 INFO: [TadState] TAD state changed: READY -> DEBUG_RESUMED (RESUMED, STEP)
02:05:49.159 INFO: [TadState] TAD state changed: DEBUG_RESUMED -> READY (SUSPENDED, STEP)
02:05:50.888 INFO: [TadState] TAD state changed: READY -> DEBUG_RESUMED (RESUMED, STEP)
02:05:50.922 INFO: [TadState] TAD state changed: DEBUG_RESUMED -> READY (SUSPENDED, STEP)
02:05:56.57 INFO: [TadState] TAD state changed: READY -> DEBUG_RESUMED (RESUMED, STEP)
02:05:56.90 INFO: [TadState] TAD state changed: DEBUG_RESUMED -> READY (SUSPENDED, STEP)
02:06:27.799 INFO: [TadState] TAD state changed: READY -> DEBUG_RESUMED (RESUMED, STEP)
02:06:27.827 INFO: [TadState] TAD state changed: DEBUG_RESUMED -> READY (SUSPENDED, STEP)
02:06:34.548 INFO: [TadState] TAD state changed: READY -> DEBUG_RESUMED (RESUMED, STEP)
02:06:34.565 INFO: [TadState] TAD state changed: DEBUG_RESUMED -> READY (SUSPENDED, STEP)
02:06:37.712 INFO: [TadState] TAD state changed: READY -> DEBUG_RESUMED (RESUMED, USER_REQUEST)
02:06:42.766 INFO: [TadState] TAD state changed: DEBUG_RESUMED -> READY (SUSPENDED, BREAKPOINT)
02:07:52.98 INFO: [TadModel] DSF session ID 28 has ended.
