"Task Aware Debugger for GDB" version 24.12.0 (202407110909)
Copyright 2016-2023 NXP
==================================
15:31:18.661 INFO: [TadModel] DSF session ID 2 has started.
15:31:22.525 INFO: [TadState] TAD state changed: DEBUG_STARTED -> DEBUG_INIT_0 (SUSPENDED, USER_REQUEST)
15:31:23.865 INFO: [TadState] TAD state changed: DEBUG_INIT_0 -> DEBUG_INIT_1 (RESUMED, USER_REQUEST)
15:31:23.889 INFO: [TadState] TAD state changed: DEBUG_INIT_1 -> DEBUG_SUSPENDED (SUSPENDED, BREAKPOINT)
15:31:26.636 INFO: [TadState] TAD state changed: DEBUG_SUSPENDED -> DEBUG_RESUMED (RESUMED, USER_REQUEST)
15:31:29.583 INFO: [TadState] TAD state changed: DEBUG_RESUMED -> READY (SUSPENDED, BREAKPOINT)
15:31:32.692 INFO: [TadState] TAD state changed: READY -> DEBUG_RESUMED (RESUMED, USER_REQUEST)
15:31:37.771 INFO: [TadState] TAD state changed: DEBUG_RESUMED -> READY (SUSPENDED, BREAKPOINT)
15:31:48.461 INFO: [TadState] TAD state changed: READY -> DEBUG_RESUMED (RESUMED, STEP)
15:31:48.493 INFO: [TadState] TAD state changed: DEBUG_RESUMED -> READY (SUSPENDED, STEP)
15:31:50.452 INFO: [TadState] TAD state changed: READY -> DEBUG_RESUMED (RESUMED, STEP)
15:31:50.472 INFO: [TadState] TAD state changed: DEBUG_RESUMED -> READY (SUSPENDED, STEP)
15:31:51.458 INFO: [TadState] TAD state changed: READY -> DEBUG_RESUMED (RESUMED, STEP)
15:31:51.507 INFO: [TadState] TAD state changed: DEBUG_RESUMED -> READY (SUSPENDED, STEP)
15:32:10.726 INFO: [TadState] TAD state changed: READY -> DEBUG_RESUMED (RESUMED, STEP)
15:32:10.752 INFO: [TadState] TAD state changed: DEBUG_RESUMED -> READY (SUSPENDED, STEP)
15:32:10.967 INFO: [TadState] TAD state changed: READY -> DEBUG_RESUMED (RESUMED, STEP)
15:32:11.10 INFO: [TadState] TAD state changed: DEBUG_RESUMED -> READY (SUSPENDED, STEP)
15:32:11.195 INFO: [TadState] TAD state changed: READY -> DEBUG_RESUMED (RESUMED, STEP)
15:32:11.247 INFO: [TadState] TAD state changed: DEBUG_RESUMED -> READY (SUSPENDED, STEP)
15:32:11.442 INFO: [TadState] TAD state changed: READY -> DEBUG_RESUMED (RESUMED, STEP)
15:32:11.463 INFO: [TadState] TAD state changed: DEBUG_RESUMED -> READY (SUSPENDED, STEP)
15:32:11.653 INFO: [TadState] TAD state changed: READY -> DEBUG_RESUMED (RESUMED, STEP)
15:32:11.677 INFO: [TadState] TAD state changed: DEBUG_RESUMED -> READY (SUSPENDED, STEP)
15:32:11.861 INFO: [TadState] TAD state changed: READY -> DEBUG_RESUMED (RESUMED, STEP)
15:32:11.918 INFO: [TadState] TAD state changed: DEBUG_RESUMED -> READY (SUSPENDED, STEP)
15:32:12.81 INFO: [TadState] TAD state changed: READY -> DEBUG_RESUMED (RESUMED, STEP)
15:32:12.112 INFO: [TadState] TAD state changed: DEBUG_RESUMED -> READY (SUSPENDED, STEP)
15:32:12.294 INFO: [TadState] TAD state changed: READY -> DEBUG_RESUMED (RESUMED, STEP)
15:32:12.316 INFO: [TadState] TAD state changed: DEBUG_RESUMED -> READY (SUSPENDED, STEP)
15:32:12.527 INFO: [TadState] TAD state changed: READY -> DEBUG_RESUMED (RESUMED, STEP)
15:32:12.568 INFO: [TadState] TAD state changed: DEBUG_RESUMED -> READY (SUSPENDED, STEP)
15:32:14.384 INFO: [TadState] TAD state changed: READY -> DEBUG_RESUMED (RESUMED, STEP)
15:32:14.418 INFO: [TadState] TAD state changed: DEBUG_RESUMED -> READY (SUSPENDED, STEP)
15:32:14.695 INFO: [TadState] TAD state changed: READY -> DEBUG_RESUMED (RESUMED, STEP)
15:32:14.744 INFO: [TadState] TAD state changed: DEBUG_RESUMED -> READY (SUSPENDED, STEP)
15:32:15.454 INFO: [TadState] TAD state changed: READY -> DEBUG_RESUMED (RESUMED, STEP)
15:32:15.488 INFO: [TadState] TAD state changed: DEBUG_RESUMED -> READY (SUSPENDED, STEP)
15:32:18.760 INFO: [TadState] TAD state changed: READY -> DEBUG_RESUMED (RESUMED, STEP)
15:32:18.803 INFO: [TadState] TAD state changed: DEBUG_RESUMED -> READY (SUSPENDED, STEP)
15:32:19.521 INFO: [TadState] TAD state changed: READY -> DEBUG_RESUMED (RESUMED, STEP)
15:32:19.570 INFO: [TadState] TAD state changed: DEBUG_RESUMED -> READY (SUSPENDED, STEP)
15:32:19.782 INFO: [TadState] TAD state changed: READY -> DEBUG_RESUMED (RESUMED, STEP)
15:32:19.841 INFO: [TadState] TAD state changed: DEBUG_RESUMED -> READY (SUSPENDED, STEP)
15:32:19.992 INFO: [TadState] TAD state changed: READY -> DEBUG_RESUMED (RESUMED, STEP)
15:32:20.41 INFO: [TadState] TAD state changed: DEBUG_RESUMED -> READY (SUSPENDED, STEP)
15:32:20.214 INFO: [TadState] TAD state changed: READY -> DEBUG_RESUMED (RESUMED, STEP)
15:32:20.271 INFO: [TadState] TAD state changed: DEBUG_RESUMED -> READY (SUSPENDED, STEP)
15:32:20.406 INFO: [TadState] TAD state changed: READY -> DEBUG_RESUMED (RESUMED, STEP)
15:32:20.456 INFO: [TadState] TAD state changed: DEBUG_RESUMED -> READY (SUSPENDED, STEP)
15:32:20.642 INFO: [TadState] TAD state changed: READY -> DEBUG_RESUMED (RESUMED, STEP)
15:32:20.719 INFO: [TadState] TAD state changed: DEBUG_RESUMED -> READY (SUSPENDED, STEP)
15:32:20.878 INFO: [TadState] TAD state changed: READY -> DEBUG_RESUMED (RESUMED, STEP)
15:32:20.931 INFO: [TadState] TAD state changed: DEBUG_RESUMED -> READY (SUSPENDED, STEP)
15:32:21.98 INFO: [TadState] TAD state changed: READY -> DEBUG_RESUMED (RESUMED, STEP)
15:32:21.170 INFO: [TadState] TAD state changed: DEBUG_RESUMED -> READY (SUSPENDED, STEP)
15:32:21.299 INFO: [TadState] TAD state changed: READY -> DEBUG_RESUMED (RESUMED, STEP)
15:32:21.350 INFO: [TadState] TAD state changed: DEBUG_RESUMED -> READY (SUSPENDED, STEP)
15:32:21.501 INFO: [TadState] TAD state changed: READY -> DEBUG_RESUMED (RESUMED, STEP)
15:32:21.566 INFO: [TadState] TAD state changed: DEBUG_RESUMED -> READY (SUSPENDED, STEP)
15:32:21.722 INFO: [TadState] TAD state changed: READY -> DEBUG_RESUMED (RESUMED, STEP)
15:32:21.775 INFO: [TadState] TAD state changed: DEBUG_RESUMED -> READY (SUSPENDED, STEP)
15:32:21.928 INFO: [TadState] TAD state changed: READY -> DEBUG_RESUMED (RESUMED, STEP)
15:32:21.999 INFO: [TadState] TAD state changed: DEBUG_RESUMED -> READY (SUSPENDED, STEP)
15:32:22.150 INFO: [TadState] TAD state changed: READY -> DEBUG_RESUMED (RESUMED, STEP)
15:32:22.205 INFO: [TadState] TAD state changed: DEBUG_RESUMED -> READY (SUSPENDED, STEP)
15:32:22.367 INFO: [TadState] TAD state changed: READY -> DEBUG_RESUMED (RESUMED, STEP)
15:32:22.435 INFO: [TadState] TAD state changed: DEBUG_RESUMED -> READY (SUSPENDED, STEP)
15:32:22.588 INFO: [TadState] TAD state changed: READY -> DEBUG_RESUMED (RESUMED, STEP)
15:32:22.644 INFO: [TadState] TAD state changed: DEBUG_RESUMED -> READY (SUSPENDED, STEP)
15:32:22.776 INFO: [TadState] TAD state changed: READY -> DEBUG_RESUMED (RESUMED, STEP)
15:32:22.844 INFO: [TadState] TAD state changed: DEBUG_RESUMED -> READY (SUSPENDED, STEP)
15:32:22.998 INFO: [TadState] TAD state changed: READY -> DEBUG_RESUMED (RESUMED, STEP)
15:32:23.55 INFO: [TadState] TAD state changed: DEBUG_RESUMED -> READY (SUSPENDED, STEP)
15:32:23.216 INFO: [TadState] TAD state changed: READY -> DEBUG_RESUMED (RESUMED, STEP)
15:32:23.283 INFO: [TadState] TAD state changed: DEBUG_RESUMED -> READY (SUSPENDED, STEP)
15:32:23.420 INFO: [TadState] TAD state changed: READY -> DEBUG_RESUMED (RESUMED, STEP)
15:32:23.473 INFO: [TadState] TAD state changed: DEBUG_RESUMED -> READY (SUSPENDED, STEP)
15:32:23.642 INFO: [TadState] TAD state changed: READY -> DEBUG_RESUMED (RESUMED, STEP)
15:32:23.711 INFO: [TadState] TAD state changed: DEBUG_RESUMED -> READY (SUSPENDED, STEP)
15:32:23.849 INFO: [TadState] TAD state changed: READY -> DEBUG_RESUMED (RESUMED, STEP)
15:32:23.908 INFO: [TadState] TAD state changed: DEBUG_RESUMED -> READY (SUSPENDED, STEP)
15:32:24.42 INFO: [TadState] TAD state changed: READY -> DEBUG_RESUMED (RESUMED, STEP)
15:32:24.109 INFO: [TadState] TAD state changed: DEBUG_RESUMED -> READY (SUSPENDED, STEP)
15:32:24.246 INFO: [TadState] TAD state changed: READY -> DEBUG_RESUMED (RESUMED, STEP)
15:32:24.300 INFO: [TadState] TAD state changed: DEBUG_RESUMED -> READY (SUSPENDED, STEP)
15:32:24.511 INFO: [TadState] TAD state changed: READY -> DEBUG_RESUMED (RESUMED, STEP)
15:32:24.585 INFO: [TadState] TAD state changed: DEBUG_RESUMED -> READY (SUSPENDED, STEP)
15:32:24.732 INFO: [TadState] TAD state changed: READY -> DEBUG_RESUMED (RESUMED, STEP)
15:32:24.792 INFO: [TadState] TAD state changed: DEBUG_RESUMED -> READY (SUSPENDED, STEP)
15:32:24.984 INFO: [TadState] TAD state changed: READY -> DEBUG_RESUMED (RESUMED, STEP)
15:32:25.51 INFO: [TadState] TAD state changed: DEBUG_RESUMED -> READY (SUSPENDED, STEP)
15:32:25.598 INFO: [TadState] TAD state changed: READY -> DEBUG_RESUMED (RESUMED, STEP)
15:32:25.647 INFO: [TadState] TAD state changed: DEBUG_RESUMED -> READY (SUSPENDED, STEP)
15:32:26.120 INFO: [TadState] TAD state changed: READY -> DEBUG_RESUMED (RESUMED, STEP)
15:32:26.190 INFO: [TadState] TAD state changed: DEBUG_RESUMED -> READY (SUSPENDED, STEP)
15:32:26.690 INFO: [TadState] TAD state changed: READY -> DEBUG_RESUMED (RESUMED, STEP)
15:32:26.751 INFO: [TadState] TAD state changed: DEBUG_RESUMED -> READY (SUSPENDED, STEP)
15:32:27.168 INFO: [TadState] TAD state changed: READY -> DEBUG_RESUMED (RESUMED, STEP)
15:32:27.239 INFO: [TadState] TAD state changed: DEBUG_RESUMED -> READY (SUSPENDED, STEP)
15:32:27.703 INFO: [TadState] TAD state changed: READY -> DEBUG_RESUMED (RESUMED, STEP)
15:32:27.762 INFO: [TadState] TAD state changed: DEBUG_RESUMED -> READY (SUSPENDED, STEP)
15:32:28.99 INFO: [TadState] TAD state changed: READY -> DEBUG_RESUMED (RESUMED, STEP)
15:32:28.167 INFO: [TadState] TAD state changed: DEBUG_RESUMED -> READY (SUSPENDED, STEP)
15:32:36.10 INFO: [TadState] TAD state changed: READY -> DEBUG_RESUMED (RESUMED, STEP)
15:32:36.59 INFO: [TadState] TAD state changed: DEBUG_RESUMED -> READY (SUSPENDED, STEP)
15:32:36.437 INFO: [TadState] TAD state changed: READY -> DEBUG_RESUMED (RESUMED, STEP)
15:32:36.492 INFO: [TadState] TAD state changed: DEBUG_RESUMED -> READY (SUSPENDED, STEP)
15:32:36.911 INFO: [TadState] TAD state changed: READY -> DEBUG_RESUMED (RESUMED, STEP)
15:32:36.959 INFO: [TadState] TAD state changed: DEBUG_RESUMED -> READY (SUSPENDED, STEP)
15:32:37.242 INFO: [TadState] TAD state changed: READY -> DEBUG_RESUMED (RESUMED, STEP)
15:32:37.294 INFO: [TadState] TAD state changed: DEBUG_RESUMED -> READY (SUSPENDED, STEP)
15:32:37.587 INFO: [TadState] TAD state changed: READY -> DEBUG_RESUMED (RESUMED, STEP)
15:32:37.637 INFO: [TadState] TAD state changed: DEBUG_RESUMED -> READY (SUSPENDED, STEP)
15:32:37.857 INFO: [TadState] TAD state changed: READY -> DEBUG_RESUMED (RESUMED, STEP)
15:32:37.913 INFO: [TadState] TAD state changed: DEBUG_RESUMED -> READY (SUSPENDED, STEP)
15:32:38.311 INFO: [TadState] TAD state changed: READY -> DEBUG_RESUMED (RESUMED, STEP)
15:32:38.362 INFO: [TadState] TAD state changed: DEBUG_RESUMED -> READY (SUSPENDED, STEP)
15:32:38.857 INFO: [TadState] TAD state changed: READY -> DEBUG_RESUMED (RESUMED, STEP)
15:32:38.922 INFO: [TadState] TAD state changed: DEBUG_RESUMED -> READY (SUSPENDED, STEP)
15:32:39.417 INFO: [TadState] TAD state changed: READY -> DEBUG_RESUMED (RESUMED, STEP)
15:32:39.473 INFO: [TadState] TAD state changed: DEBUG_RESUMED -> READY (SUSPENDED, STEP)
15:32:40.03 INFO: [TadState] TAD state changed: READY -> DEBUG_RESUMED (RESUMED, STEP)
15:32:40.67 INFO: [TadState] TAD state changed: DEBUG_RESUMED -> READY (SUSPENDED, STEP)
15:32:40.519 INFO: [TadState] TAD state changed: READY -> DEBUG_RESUMED (RESUMED, STEP)
15:32:40.577 INFO: [TadState] TAD state changed: DEBUG_RESUMED -> READY (SUSPENDED, STEP)
15:32:41.58 INFO: [TadState] TAD state changed: READY -> DEBUG_RESUMED (RESUMED, STEP)
15:32:41.129 INFO: [TadState] TAD state changed: DEBUG_RESUMED -> READY (SUSPENDED, STEP)
15:32:41.642 INFO: [TadState] TAD state changed: READY -> DEBUG_RESUMED (RESUMED, STEP)
15:32:41.698 INFO: [TadState] TAD state changed: DEBUG_RESUMED -> READY (SUSPENDED, STEP)
15:32:42.222 INFO: [TadState] TAD state changed: READY -> DEBUG_RESUMED (RESUMED, STEP)
15:32:42.278 INFO: [TadState] TAD state changed: DEBUG_RESUMED -> READY (SUSPENDED, STEP)
15:32:42.813 INFO: [TadState] TAD state changed: READY -> DEBUG_RESUMED (RESUMED, STEP)
15:32:42.869 INFO: [TadState] TAD state changed: DEBUG_RESUMED -> READY (SUSPENDED, STEP)
15:32:45.262 INFO: [TadState] TAD state changed: READY -> DEBUG_RESUMED (RESUMED, STEP)
15:32:45.312 INFO: [TadState] TAD state changed: DEBUG_RESUMED -> READY (SUSPENDED, STEP)
15:32:45.794 INFO: [TadState] TAD state changed: READY -> DEBUG_RESUMED (RESUMED, STEP)
15:32:45.855 INFO: [TadState] TAD state changed: DEBUG_RESUMED -> READY (SUSPENDED, STEP)
15:32:46.268 INFO: [TadState] TAD state changed: READY -> DEBUG_RESUMED (RESUMED, STEP)
15:32:46.310 INFO: [TadState] TAD state changed: DEBUG_RESUMED -> READY (SUSPENDED, STEP)
15:32:46.854 INFO: [TadState] TAD state changed: READY -> DEBUG_RESUMED (RESUMED, STEP)
15:32:46.890 INFO: [TadState] TAD state changed: DEBUG_RESUMED -> READY (SUSPENDED, STEP)
15:32:47.391 INFO: [TadState] TAD state changed: READY -> DEBUG_RESUMED (RESUMED, STEP)
15:32:47.419 INFO: [TadState] TAD state changed: DEBUG_RESUMED -> READY (SUSPENDED, STEP)
15:32:54.184 INFO: [TadState] TAD state changed: READY -> DEBUG_RESUMED (RESUMED, STEP)
15:32:54.211 INFO: [TadState] TAD state changed: DEBUG_RESUMED -> READY (SUSPENDED, STEP)
15:34:13.402 INFO: [TadState] TAD state changed: READY -> DEBUG_RESUMED (RESUMED, USER_REQUEST)
15:34:18.473 INFO: [TadState] TAD state changed: DEBUG_RESUMED -> READY (SUSPENDED, BREAKPOINT)
15:35:06.576 INFO: [TadModel] DSF session ID 2 has ended.
