"Task Aware Debugger for GDB" version 24.12.0 (202407110909)
Copyright 2016-2023 NXP
==================================
00:09:19.960 INFO: [ZephyrRTOS] .config file could not be read [C:\repos\embedded_practices\workspace\frdmrw612_wifi_httpsrv\Debug\.config (El sistema no puede encontrar el archivo especificado)]
00:09:19.961 INFO: [TadModel] DSF session ID 4 has started.
00:09:25.817 INFO: [TadState] TAD state changed: DEBUG_STARTED -> DEBUG_INIT_0 (SUSPENDED, USER_REQUEST)
00:09:35.976 INFO: [TadState] TAD state changed: DEBUG_INIT_0 -> DEBUG_INIT_1 (RESUMED, USER_REQUEST)
00:09:36.44 INFO: [TadState] TAD state changed: DEBUG_INIT_1 -> DEBUG_SUSPENDED (SUSPENDED, BREAKPOINT)
00:09:41.309 INFO: [TadState] TAD state changed: DEBUG_SUSPENDED -> DEBUG_RESUMED (RESUMED, STEP)
00:09:41.380 INFO: [TadState] TAD state changed: DEBUG_RESUMED -> READY (SUSPENDED, STEP)
00:09:41.852 INFO: [TadState] TAD state changed: READY -> DEBUG_RESUMED (RESUMED, STEP)
00:09:41.875 INFO: [TadState] TAD state changed: DEBUG_RESUMED -> READY (SUSPENDED, STEP)
00:09:42.297 INFO: [TadState] TAD state changed: READY -> DEBUG_RESUMED (RESUMED, STEP)
00:09:42.369 INFO: [TadState] TAD state changed: DEBUG_RESUMED -> READY (SUSPENDED, STEP)
00:09:42.764 INFO: [TadState] TAD state changed: READY -> DEBUG_RESUMED (RESUMED, STEP)
00:09:42.834 INFO: [TadState] TAD state changed: DEBUG_RESUMED -> READY (SUSPENDED, STEP)
00:09:43.210 INFO: [TadState] TAD state changed: READY -> DEBUG_RESUMED (RESUMED, STEP)
00:09:43.250 INFO: [TadState] TAD state changed: DEBUG_RESUMED -> READY (SUSPENDED, STEP)
00:09:43.699 INFO: [TadState] TAD state changed: READY -> DEBUG_RESUMED (RESUMED, STEP)
00:09:43.722 INFO: [TadState] TAD state changed: DEBUG_RESUMED -> READY (SUSPENDED, STEP)
00:09:43.974 INFO: [TadState] TAD state changed: READY -> DEBUG_RESUMED (RESUMED, STEP)
00:09:44.46 INFO: [TadState] TAD state changed: DEBUG_RESUMED -> READY (SUSPENDED, STEP)
00:09:44.204 INFO: [TadState] TAD state changed: READY -> DEBUG_RESUMED (RESUMED, STEP)
00:09:44.231 INFO: [TadState] TAD state changed: DEBUG_RESUMED -> READY (SUSPENDED, STEP)
00:09:44.842 INFO: [TadState] TAD state changed: READY -> DEBUG_RESUMED (RESUMED, STEP)
00:09:45.730 INFO: [TadState] TAD state changed: DEBUG_RESUMED -> READY (SUSPENDED, STEP)
00:09:46.171 INFO: [TadState] TAD state changed: READY -> DEBUG_RESUMED (RESUMED, STEP)
00:09:46.197 INFO: [TadState] TAD state changed: DEBUG_RESUMED -> READY (SUSPENDED, STEP)
00:09:46.267 INFO: [TadState] TAD state changed: READY -> DEBUG_RESUMED (RESUMED, STEP)
00:09:46.337 INFO: [TadState] TAD state changed: DEBUG_RESUMED -> READY (SUSPENDED, STEP)
00:09:46.625 INFO: [TadState] TAD state changed: READY -> DEBUG_RESUMED (RESUMED, STEP)
00:09:46.647 INFO: [TadState] TAD state changed: DEBUG_RESUMED -> READY (SUSPENDED, STEP)
00:09:50.610 INFO: [TadState] TAD state changed: READY -> DEBUG_RESUMED (RESUMED, STEP)
00:09:51.215 INFO: [TadState] TAD state changed: DEBUG_RESUMED -> READY (SUSPENDED, STEP)
00:10:01.611 INFO: [TadState] TAD state changed: READY -> DEBUG_RESUMED (RESUMED, STEP)
00:10:01.629 INFO: [TadState] TAD state changed: DEBUG_RESUMED -> READY (SUSPENDED, STEP)
00:10:11.963 INFO: [TadState] TAD state changed: READY -> DEBUG_RESUMED (RESUMED, USER_REQUEST)
00:10:12.86 INFO: [TadState] TAD state changed: DEBUG_RESUMED -> READY (SUSPENDED, BREAKPOINT)
00:10:16.635 INFO: [TadState] TAD state changed: READY -> DEBUG_RESUMED (RESUMED, STEP)
00:10:16.661 INFO: [TadState] TAD state changed: DEBUG_RESUMED -> READY (SUSPENDED, STEP)
00:10:17.398 INFO: [TadState] TAD state changed: READY -> DEBUG_RESUMED (RESUMED, STEP)
00:10:17.657 INFO: [TadState] TAD state changed: DEBUG_RESUMED -> READY (SUSPENDED, STEP)
00:10:19.792 INFO: [TadState] TAD state changed: READY -> DEBUG_RESUMED (RESUMED, STEP)
00:10:19.830 INFO: [TadState] TAD state changed: DEBUG_RESUMED -> READY (SUSPENDED, STEP)
00:10:24.308 INFO: [TadState] TAD state changed: READY -> DEBUG_RESUMED (RESUMED, STEP)
00:10:24.630 INFO: [TadState] TAD state changed: DEBUG_RESUMED -> READY (SUSPENDED, STEP)
00:10:30.899 INFO: [TadState] TAD state changed: READY -> DEBUG_RESUMED (RESUMED, STEP)
00:10:30.917 INFO: [TadState] TAD state changed: DEBUG_RESUMED -> READY (SUSPENDED, STEP)
00:10:34.276 INFO: [TadState] TAD state changed: READY -> DEBUG_RESUMED (RESUMED, STEP)
00:10:34.300 INFO: [TadState] TAD state changed: DEBUG_RESUMED -> READY (SUSPENDED, STEP)
00:10:36.473 INFO: [TadState] TAD state changed: READY -> DEBUG_RESUMED (RESUMED, STEP)
00:10:36.493 INFO: [TadState] TAD state changed: DEBUG_RESUMED -> READY (SUSPENDED, STEP)
00:10:38.286 INFO: [TadState] TAD state changed: READY -> DEBUG_RESUMED (RESUMED, STEP)
00:10:38.310 INFO: [TadState] TAD state changed: DEBUG_RESUMED -> READY (SUSPENDED, STEP)
00:10:39.845 INFO: [TadState] TAD state changed: READY -> DEBUG_RESUMED (RESUMED, STEP)
00:10:40.52 INFO: [TadState] TAD state changed: DEBUG_RESUMED -> READY (SUSPENDED, STEP)
00:10:41.215 INFO: [TadState] TAD state changed: READY -> DEBUG_RESUMED (RESUMED, STEP)
00:10:41.239 INFO: [TadState] TAD state changed: DEBUG_RESUMED -> READY (SUSPENDED, STEP)
00:10:42.495 INFO: [TadState] TAD state changed: READY -> DEBUG_RESUMED (RESUMED, STEP)
00:10:42.515 INFO: [TadState] TAD state changed: DEBUG_RESUMED -> READY (SUSPENDED, STEP)
00:10:43.317 INFO: [TadState] TAD state changed: READY -> DEBUG_RESUMED (RESUMED, STEP)
00:10:44.51 INFO: [TadState] TAD state changed: DEBUG_RESUMED -> READY (SUSPENDED, STEP)
00:10:46.330 INFO: [TadState] TAD state changed: READY -> DEBUG_RESUMED (RESUMED, STEP)
00:10:46.349 INFO: [TadState] TAD state changed: DEBUG_RESUMED -> READY (SUSPENDED, STEP)
00:10:47.988 INFO: [TadState] TAD state changed: READY -> DEBUG_RESUMED (RESUMED, STEP)
00:10:48.08 INFO: [TadState] TAD state changed: DEBUG_RESUMED -> READY (SUSPENDED, STEP)
00:10:48.937 INFO: [TadState] TAD state changed: READY -> DEBUG_RESUMED (RESUMED, STEP)
00:10:48.960 INFO: [TadState] TAD state changed: DEBUG_RESUMED -> READY (SUSPENDED, STEP)
00:10:49.631 INFO: [TadState] TAD state changed: READY -> DEBUG_RESUMED (RESUMED, STEP)
00:10:49.646 INFO: [TadState] TAD state changed: DEBUG_RESUMED -> READY (SUSPENDED, STEP)
00:10:50.294 INFO: [TadState] TAD state changed: READY -> DEBUG_RESUMED (RESUMED, STEP)
00:10:50.350 INFO: [TadState] TAD state changed: DEBUG_RESUMED -> READY (SUSPENDED, STEP)
00:10:52.388 INFO: [TadState] TAD state changed: READY -> DEBUG_RESUMED (RESUMED, STEP)
00:10:52.408 INFO: [TadState] TAD state changed: DEBUG_RESUMED -> READY (SUSPENDED, STEP)
00:10:57.183 INFO: [TadState] TAD state changed: READY -> DEBUG_RESUMED (RESUMED, STEP)
00:10:57.774 INFO: [TadState] TAD state changed: DEBUG_RESUMED -> READY (SUSPENDED, STEP)
00:10:58.330 INFO: [TadState] TAD state changed: READY -> DEBUG_RESUMED (RESUMED, STEP)
00:10:58.351 INFO: [TadState] TAD state changed: DEBUG_RESUMED -> READY (SUSPENDED, STEP)
00:11:01.109 INFO: [TadState] TAD state changed: READY -> DEBUG_RESUMED (RESUMED, STEP)
00:11:01.145 INFO: [TadState] TAD state changed: DEBUG_RESUMED -> READY (SUSPENDED, STEP)
00:11:03.990 INFO: [TadState] TAD state changed: READY -> DEBUG_RESUMED (RESUMED, STEP)
00:11:04.453 INFO: [TadState] TAD state changed: DEBUG_RESUMED -> READY (SUSPENDED, STEP)
00:11:06.37 INFO: [TadState] TAD state changed: READY -> DEBUG_RESUMED (RESUMED, STEP)
00:11:06.59 INFO: [TadState] TAD state changed: DEBUG_RESUMED -> READY (SUSPENDED, STEP)
00:11:18.267 INFO: [TadState] TAD state changed: READY -> DEBUG_RESUMED (RESUMED, STEP)
00:11:18.328 INFO: [TadState] TAD state changed: DEBUG_RESUMED -> READY (SUSPENDED, STEP)
00:11:21.844 INFO: [TadState] TAD state changed: READY -> DEBUG_RESUMED (RESUMED, STEP)
00:11:21.862 INFO: [TadState] TAD state changed: DEBUG_RESUMED -> READY (SUSPENDED, STEP)
00:11:23.253 INFO: [TadState] TAD state changed: READY -> DEBUG_RESUMED (RESUMED, STEP)
00:11:23.297 INFO: [TadState] TAD state changed: DEBUG_RESUMED -> READY (SUSPENDED, STEP)
00:11:25.135 INFO: [TadState] TAD state changed: READY -> DEBUG_RESUMED (RESUMED, STEP)
00:11:39.760 INFO: [TadState] TAD state changed: DEBUG_RESUMED -> READY (SUSPENDED, STEP)
00:11:43.453 INFO: [TadState] TAD state changed: READY -> DEBUG_RESUMED (RESUMED, STEP)
00:11:43.480 INFO: [TadState] TAD state changed: DEBUG_RESUMED -> READY (SUSPENDED, STEP)
00:11:45.141 INFO: [TadState] TAD state changed: READY -> DEBUG_RESUMED (RESUMED, STEP)
00:11:45.193 INFO: [TadState] TAD state changed: DEBUG_RESUMED -> READY (SUSPENDED, STEP)
00:11:50.647 INFO: [TadState] TAD state changed: READY -> DEBUG_RESUMED (RESUMED, STEP)
00:11:50.684 INFO: [TadState] TAD state changed: DEBUG_RESUMED -> READY (SUSPENDED, STEP)
00:11:51.861 INFO: [TadState] TAD state changed: READY -> DEBUG_RESUMED (RESUMED, STEP)
00:11:51.913 INFO: [TadState] TAD state changed: DEBUG_RESUMED -> READY (SUSPENDED, STEP)
00:11:54.223 INFO: [TadState] TAD state changed: READY -> DEBUG_RESUMED (RESUMED, STEP)
00:11:54.263 INFO: [TadState] TAD state changed: DEBUG_RESUMED -> READY (SUSPENDED, STEP)
00:12:00.466 INFO: [TadState] TAD state changed: READY -> DEBUG_RESUMED (RESUMED, STEP)
00:12:00.522 INFO: [TadState] TAD state changed: DEBUG_RESUMED -> READY (SUSPENDED, STEP)
00:12:03.91 INFO: [TadState] TAD state changed: READY -> DEBUG_RESUMED (RESUMED, STEP)
00:12:03.176 INFO: [TadState] TAD state changed: DEBUG_RESUMED -> READY (SUSPENDED, STEP)
00:12:06.905 INFO: [TadState] TAD state changed: READY -> DEBUG_RESUMED (RESUMED, STEP)
00:12:06.945 INFO: [TadState] TAD state changed: DEBUG_RESUMED -> READY (SUSPENDED, STEP)
00:12:09.212 INFO: [TadState] TAD state changed: READY -> DEBUG_RESUMED (RESUMED, STEP)
00:15:09.878 INFO: [TadState] TAD state changed: DEBUG_RESUMED -> READY (SUSPENDED, SIGNAL)
00:15:10.914 INFO: [TadModel] DSF session ID 4 has ended.
