Archive member included to satisfy reference by file (symbol)

C:/nxp/MCUXpressoIDE_24.12.148/ide/plugins/com.nxp.mcuxpresso.tools.win32_24.12.0.202407110909/tools/bin/../lib/gcc/arm-none-eabi/13.2.1/../../../../arm-none-eabi/lib/thumb/v8-m.main+fp/hard\libcr_nohost_nf.a(_cr__main.o)
                              ./startup/startup_rw612.o (__main)
C:/nxp/MCUXpressoIDE_24.12.148/ide/plugins/com.nxp.mcuxpresso.tools.win32_24.12.0.202407110909/tools/bin/../lib/gcc/arm-none-eabi/13.2.1/../../../../arm-none-eabi/lib/thumb/v8-m.main+fp/hard\libcr_c.a(memset.o)
                              ./drivers/fsl_cache.o (memset)
C:/nxp/MCUXpressoIDE_24.12.148/ide/plugins/com.nxp.mcuxpresso.tools.win32_24.12.0.202407110909/tools/bin/../lib/gcc/arm-none-eabi/13.2.1/../../../../arm-none-eabi/lib/thumb/v8-m.main+fp/hard\libcr_c.a(alloc.o)
                              ./source/ethernet.o (malloc)
C:/nxp/MCUXpressoIDE_24.12.148/ide/plugins/com.nxp.mcuxpresso.tools.win32_24.12.0.202407110909/tools/bin/../lib/gcc/arm-none-eabi/13.2.1/../../../../arm-none-eabi/lib/thumb/v8-m.main+fp/hard\libcr_c.a(errno.o)
                              ./utilities/str/fsl_str.o (errno)
C:/nxp/MCUXpressoIDE_24.12.148/ide/plugins/com.nxp.mcuxpresso.tools.win32_24.12.0.202407110909/tools/bin/../lib/gcc/arm-none-eabi/13.2.1/../../../../arm-none-eabi/lib/thumb/v8-m.main+fp/hard\libcr_c.a(initio.o)
                              C:/nxp/MCUXpressoIDE_24.12.148/ide/plugins/com.nxp.mcuxpresso.tools.win32_24.12.0.202407110909/tools/bin/../lib/gcc/arm-none-eabi/13.2.1/../../../../arm-none-eabi/lib/thumb/v8-m.main+fp/hard\libcr_nohost_nf.a(_cr__main.o) (_initio)
C:/nxp/MCUXpressoIDE_24.12.148/ide/plugins/com.nxp.mcuxpresso.tools.win32_24.12.0.202407110909/tools/bin/../lib/gcc/arm-none-eabi/13.2.1/../../../../arm-none-eabi/lib/thumb/v8-m.main+fp/hard\libcr_c.a(scanf.o)
                              ./utilities/str/fsl_str.o (strtoul)
C:/nxp/MCUXpressoIDE_24.12.148/ide/plugins/com.nxp.mcuxpresso.tools.win32_24.12.0.202407110909/tools/bin/../lib/gcc/arm-none-eabi/13.2.1/../../../../arm-none-eabi/lib/thumb/v8-m.main+fp/hard\libcr_c.a(setvbuf.o)
                              C:/nxp/MCUXpressoIDE_24.12.148/ide/plugins/com.nxp.mcuxpresso.tools.win32_24.12.0.202407110909/tools/bin/../lib/gcc/arm-none-eabi/13.2.1/../../../../arm-none-eabi/lib/thumb/v8-m.main+fp/hard\libcr_c.a(initio.o) (setvbuf)
C:/nxp/MCUXpressoIDE_24.12.148/ide/plugins/com.nxp.mcuxpresso.tools.win32_24.12.0.202407110909/tools/bin/../lib/gcc/arm-none-eabi/13.2.1/../../../../arm-none-eabi/lib/thumb/v8-m.main+fp/hard\libcr_c.a(strcpy.o)
                              ./source/ethernet.o (strcpy)
C:/nxp/MCUXpressoIDE_24.12.148/ide/plugins/com.nxp.mcuxpresso.tools.win32_24.12.0.202407110909/tools/bin/../lib/gcc/arm-none-eabi/13.2.1/../../../../arm-none-eabi/lib/thumb/v8-m.main+fp/hard\libcr_c.a(strlen.o)
                              ./utilities/str/fsl_str.o (strlen)
C:/nxp/MCUXpressoIDE_24.12.148/ide/plugins/com.nxp.mcuxpresso.tools.win32_24.12.0.202407110909/tools/bin/../lib/gcc/arm-none-eabi/13.2.1/../../../../arm-none-eabi/lib/thumb/v8-m.main+fp/hard\libcr_c.a(ungetc.o)
                              C:/nxp/MCUXpressoIDE_24.12.148/ide/plugins/com.nxp.mcuxpresso.tools.win32_24.12.0.202407110909/tools/bin/../lib/gcc/arm-none-eabi/13.2.1/../../../../arm-none-eabi/lib/thumb/v8-m.main+fp/hard\libcr_c.a(scanf.o) (ungetc)
C:/nxp/MCUXpressoIDE_24.12.148/ide/plugins/com.nxp.mcuxpresso.tools.win32_24.12.0.202407110909/tools/bin/../lib/gcc/arm-none-eabi/13.2.1/../../../../arm-none-eabi/lib/thumb/v8-m.main+fp/hard\libcr_c.a(__fillbuf.o)
                              C:/nxp/MCUXpressoIDE_24.12.148/ide/plugins/com.nxp.mcuxpresso.tools.win32_24.12.0.202407110909/tools/bin/../lib/gcc/arm-none-eabi/13.2.1/../../../../arm-none-eabi/lib/thumb/v8-m.main+fp/hard\libcr_c.a(scanf.o) (__filbuf)
C:/nxp/MCUXpressoIDE_24.12.148/ide/plugins/com.nxp.mcuxpresso.tools.win32_24.12.0.202407110909/tools/bin/../lib/gcc/arm-none-eabi/13.2.1/../../../../arm-none-eabi/lib/thumb/v8-m.main+fp/hard\libcr_c.a(__init_alloc.o)
                              C:/nxp/MCUXpressoIDE_24.12.148/ide/plugins/com.nxp.mcuxpresso.tools.win32_24.12.0.202407110909/tools/bin/../lib/gcc/arm-none-eabi/13.2.1/../../../../arm-none-eabi/lib/thumb/v8-m.main+fp/hard\libcr_c.a(alloc.o) (__heaps)
C:/nxp/MCUXpressoIDE_24.12.148/ide/plugins/com.nxp.mcuxpresso.tools.win32_24.12.0.202407110909/tools/bin/../lib/gcc/arm-none-eabi/13.2.1/../../../../arm-none-eabi/lib/thumb/v8-m.main+fp/hard\libcr_c.a(_cr_sbrk.o)
                              C:/nxp/MCUXpressoIDE_24.12.148/ide/plugins/com.nxp.mcuxpresso.tools.win32_24.12.0.202407110909/tools/bin/../lib/gcc/arm-none-eabi/13.2.1/../../../../arm-none-eabi/lib/thumb/v8-m.main+fp/hard\libcr_c.a(alloc.o) (_sbrk)
C:/nxp/MCUXpressoIDE_24.12.148/ide/plugins/com.nxp.mcuxpresso.tools.win32_24.12.0.202407110909/tools/bin/../lib/gcc/arm-none-eabi/13.2.1/../../../../arm-none-eabi/lib/thumb/v8-m.main+fp/hard\libcr_c.a(_deferredlazyseek.o)
[...]
Memory Configuration

Name             Origin             Length             Attributes
QSPI_FLASH       0x08000000         0x00800000         xr
SRAM             0x20000000         0x00130000         xrw
*default*        0x00000000         0xffffffff

Linker script and memory map

LOAD ./utilities/str/fsl_str.o
LOAD ./utilities/debug_console_lite/fsl_debug_console.o
LOAD ./utilities/fsl_assert.o
LOAD ./utilities/fsl_memcpy.o
LOAD ./startup/startup_rw612.o
LOAD ./source/aes.o
LOAD ./source/crc.o
LOAD ./source/ethernet.o
LOAD ./source/semihost_hardfault.o
LOAD ./flash_config/flash_config.o
LOAD ./drivers/fsl_cache.o
LOAD ./drivers/fsl_clock.o
LOAD ./drivers/fsl_common.o
LOAD ./drivers/fsl_common_arm.o
LOAD ./drivers/fsl_crc.o
LOAD ./drivers/fsl_enet.o
LOAD ./drivers/fsl_flexcomm.o
LOAD ./drivers/fsl_flexspi.o
LOAD ./drivers/fsl_gpio.o
LOAD ./drivers/fsl_i2s_bridge.o
LOAD ./drivers/fsl_iped.o
LOAD ./drivers/fsl_ocotp.o
LOAD ./drivers/fsl_power.o
LOAD ./drivers/fsl_reset.o
LOAD ./drivers/fsl_usart.o
LOAD ./device/system_RW612.o
LOAD ./component/uart/fsl_adapter_usart.o
LOAD ./component/silicon_id/fsl_silicon_id.o
LOAD ./component/silicon_id/fsl_silicon_id_soc.o
LOAD ./component/phy/fsl_phyksz8081.o
LOAD ./component/els_pkc/src/comps/mcuxCsslParamIntegrity/src/mcuxCsslParamIntegrity32.o
LOAD ./component/els_pkc/src/comps/mcuxCsslMemory/src/mcuxCsslMemory_Clear.o
LOAD ./component/els_pkc/src/comps/mcuxCsslMemory/src/mcuxCsslMemory_Compare.o
LOAD ./component/els_pkc/src/comps/mcuxCsslMemory/src/mcuxCsslMemory_Copy.o
LOAD ./component/els_pkc/src/comps/mcuxCsslMemory/src/mcuxCsslMemory_Set.o
LOAD ./component/els_pkc/src/comps/mcuxClMemory/src/mcuxClMemory.o
LOAD ./component/els_pkc/src/comps/mcuxClEls/src/mcuxClEls_Common.o
LOAD ./component/els_pkc/src/comps/mcuxClEls/src/mcuxClEls_GlitchDetector.o
LOAD ./component/els_pkc/src/comps/mcuxClBuffer/src/mcuxClBuffer.o
LOAD ./board/board.o
LOAD ./board/clock_config.o
LOAD ./board/hardware_init.o
LOAD ./board/pin_mux.o
START GROUP
LOAD C:/nxp/MCUXpressoIDE_24.12.148/ide/plugins/com.nxp.mcuxpresso.tools.win32_24.12.0.202407110909/tools/bin/../lib/gcc/arm-none-eabi/13.2.1/../../../../arm-none-eabi/lib/thumb/v8-m.main+fp/hard\libcr_nohost_nf.a
LOAD C:/nxp/MCUXpressoIDE_24.12.148/ide/plugins/com.nxp.mcuxpresso.tools.win32_24.12.0.202407110909/tools/bin/../lib/gcc/arm-none-eabi/13.2.1/../../../../arm-none-eabi/lib/thumb/v8-m.main+fp/hard\libcr_c.a
LOAD C:/nxp/MCUXpressoIDE_24.12.148/ide/plugins/com.nxp.mcuxpresso.tools.win32_24.12.0.202407110909/tools/bin/../lib/gcc/arm-none-eabi/13.2.1/thumb/v8-m.main+fp/hard\libcr_eabihelpers.a
LOAD C:/nxp/MCUXpressoIDE_24.12.148/ide/plugins/com.nxp.mcuxpresso.tools.win32_24.12.0.202407110909/tools/bin/../lib/gcc/arm-none-eabi/13.2.1/thumb/v8-m.main+fp/hard\libgcc.a
END GROUP
                0x08000000                        __base_QSPI_FLASH = 0x8000000
                0x08000000                        __base_Flash = 0x8000000
                0x08800000                        __top_QSPI_FLASH = 0x8800000
                0x08800000                        __top_Flash = 0x8800000
                0x20000000                        __base_SRAM = 0x20000000
                0x20000000                        __base_RAM = 0x20000000
                0x20130000                        __top_SRAM = 0x20130000
                0x20130000                        __top_RAM = 0x20130000

.boot_hdr       0x08000000     0x1000
 FILL mask 0xff
                0x00000400                        . = 0x400
 *fill*         0x08000000      0x400 ff
                0x08000400                        __FLASH_BASE = .
 *(SORT_BY_ALIGNMENT(.flash_conf))
 .flash_conf    0x08000400      0xc00 ./flash_config/flash_config.o
                0x08000400                flexspi_config
                0x00001000                        . = 0x1000

.text           0x08001000     0xa980
 FILL mask 0xff
                0x08001000                        __vectors_start__ = ABSOLUTE (.)
 *(SORT_BY_ALIGNMENT(.isr_vector))
 .isr_vector    0x08001000      0x244 ./startup/startup_rw612.o
                0x08001000                g_pfnVectors
                0x08001000                __Vectors
                0x08001244                        . = ALIGN (0x4)
                0x08001244                        __section_table_start = .
                0x08001244                        __data_section_table = .
                0x08001244        0x4 LONG 0x800b980 LOADADDR (.data)
                0x08001248        0x4 LONG 0x20000000 ADDR (.data)
                0x0800124c        0x4 LONG 0xc14 SIZEOF (.data)
                0x08001250                        __data_section_table_end = .
                0x08001250                        __bss_section_table = .
                0x08001250        0x4 LONG 0x20000c40 ADDR (.bss)
                0x08001254        0x4 LONG 0x3788 SIZEOF (.bss)
                0x08001258                        __bss_section_table_end = .
                0x08001258                        __section_table_end = .
 *(SORT_BY_ALIGNMENT(.after_vectors*))
 .after_vectors.reset
                0x08001258       0x68 ./startup/startup_rw612.o
                0x08001258                ResetISR
 .after_vectors.init_data
                0x080012c0       0x1e ./startup/startup_rw612.o
                0x080012c0                data_init
 .after_vectors.init_bss
                0x080012de       0x12 ./startup/startup_rw612.o
                0x080012de                bss_init
 .after_vectors
                0x080012f0       0x16 ./startup/startup_rw612.o
                0x080012f0                NMI_Handler
                0x080012f4                MemManage_Handler
                0x080012f6                BusFault_Handler
                0x080012f8                UsageFault_Handler
                0x080012fa                SecureFault_Handler
                0x080012fc                SVC_Handler
                0x080012fe                DebugMon_Handler
                0x08001300                PendSV_Handler
                0x08001302                SysTick_Handler
                0x08001304                Reserved75_DriverIRQHandler
                0x08001304                GAU_ACOMP_WKUP_DriverIRQHandler
                0x08001304                SGPIO_INTA_DriverIRQHandler
                0x08001304                B2MWKUP0_DriverIRQHandler
                0x08001304                DMA0_DriverIRQHandler
                0x08001304                B2MWKUP_DONE2_DriverIRQHandler
                0x08001304                PKC_ERR_DriverIRQHandler
                0x08001304                BLE_MCI_INT7_DriverIRQHandler
                0x08001304                BLE_MCI_INT3_DriverIRQHandler
                0x08001304                BLE_MCI_INT5_DriverIRQHandler
                0x08001304                B2MWKUP_DONE0_DriverIRQHandler
                0x08001304                HWVAD_DriverIRQHandler
                0x08001304                USIM_DriverIRQHandler
                0x08001304                WKDEEPSLEEP_DriverIRQHandler
                0x08001304                B2MWKUP_DONE3_DriverIRQHandler
                0x08001304                Reserved73_DriverIRQHandler
                0x08001304                WL_MCI_INT5_DriverIRQHandler
                0x08001304                PIN_INT3_DriverIRQHandler
                0x08001304                PIN_INT2_DriverIRQHandler
                0x08001304                ELS_DriverIRQHandler
                0x08001304                OTP_DriverIRQHandler
                0x08001304                GPIO_INTB_DriverIRQHandler
                0x08001304                TRNG_DriverIRQHandler
                0x08001304                ACC_C_INT_DriverIRQHandler
                0x08001304                PIN_INT0_DriverIRQHandler
                0x08001304                GFMRT_DriverIRQHandler
                0x08001304                Reserved76_DriverIRQHandler
                0x08001304                CTIMER2_DriverIRQHandler
                0x08001304                Reserved69_DriverIRQHandler
                0x08001304                WL_MCI_INT3_DriverIRQHandler
                0x08001304                SECUREVIOLATION_DriverIRQHandler
                0x08001304                BACC_DriverIRQHandler
                0x08001304                Reserved34_DriverIRQHandler
                0x08001304                IntDefaultHandler
                0x08001304                Reserved138_DriverIRQHandler
                0x08001304                Reserved136_DriverIRQHandler
                0x08001304                Reserved67_DriverIRQHandler
                0x08001304                W2MWKUP_DONE7_DriverIRQHandler
                0x08001304                W2MWKUP1_DriverIRQHandler
                0x08001304                W2MWKUP_DONE4_DriverIRQHandler
                0x08001304                WL_MCI_INT1_DriverIRQHandler
                0x08001304                B2MWKUP_DONE7_DriverIRQHandler
                0x08001304                PIN_INT4_DriverIRQHandler
                0x08001304                PIN_INT5_DriverIRQHandler
                0x08001304                PIN0_INT_DriverIRQHandler
                0x08001304                Reserved47_DriverIRQHandler
                0x08001304                GAU_ADC0_DriverIRQHandler
                0x08001304                CTIMER4_DriverIRQHandler
                0x08001304                WL_MCI_INT0_DriverIRQHandler
                0x08001304                PIN_INT7_DriverIRQHandler
                0x08001304                GDMA_DriverIRQHandler
                0x08001304                BLE_MCI_INT1_DriverIRQHandler
                0x08001304                OS_EVENT_TIMER_DriverIRQHandler
                0x08001304                Reserved38_DriverIRQHandler
                0x08001304                POWERQUAD_DriverIRQHandler
                0x08001304                ELS_GDET_DriverIRQHandler
                0x08001304                Reserved35_DriverIRQHandler
                0x08001304                CTIMER0_DriverIRQHandler
                0x08001304                Reserved79_DriverIRQHandler
                0x08001304                MRT_DriverIRQHandler
                0x08001304                BLE_MCI_INT6_DriverIRQHandler
                0x08001304                CTIMER1_DriverIRQHandler
                0x08001304                PIN1_INT_DriverIRQHandler
                0x08001304                PIN_INT6_DriverIRQHandler
                0x08001304                W2MWKUP_DONE6_DriverIRQHandler
                0x08001304                SGPIO_INTB_DriverIRQHandler
                0x08001304                ACC_S_INT_DriverIRQHandler
                0x08001304                PMIP_CHANGE_DriverIRQHandler
                0x08001304                PIN_INT1_DriverIRQHandler
                0x08001304                W2MWKUP0_DriverIRQHandler
                0x08001304                CTIMER3_DriverIRQHandler
                0x08001304                W2MWKUP_DONE0_DriverIRQHandler
                0x08001304                Reserved74_DriverIRQHandler
                0x08001304                PKC_INT_DriverIRQHandler
                0x08001304                GPIO_INTA_DriverIRQHandler
                0x08001304                Reserved61_DriverIRQHandler
                0x08001304                WL_MCI_INT2_DriverIRQHandler
                0x08001304                PUF_DriverIRQHandler
                0x08001304                GAU_ACOMP_DriverIRQHandler
                0x08001304                Reserved40_DriverIRQHandler
                0x08001304                RTC_DriverIRQHandler
                0x08001304                WACC_DriverIRQHandler
                0x08001304                Reserved65_DriverIRQHandler
                0x08001304                LCD_DriverIRQHandler
                0x08001304                B2MWKUP1_DriverIRQHandler
                0x08001304                W2MWKUP_DONE1_DriverIRQHandler
                0x08001304                BLE_MCI_INT4_DriverIRQHandler
                0x08001304                PMIP_DriverIRQHandler
                0x08001304                BLE_MCI_INT2_DriverIRQHandler
                0x08001304                GAU_DAC_DriverIRQHandler
                0x08001304                Reserved60_DriverIRQHandler
                0x08001304                WL_MCI_INT4_DriverIRQHandler
                0x08001304                Reserved49_DriverIRQHandler
                0x08001304                DMIC_DriverIRQHandler
                0x08001304                DMA1_DriverIRQHandler
                0x08001304                Reserved137_DriverIRQHandler
                0x08001304                B2MWKUP_DONE4_DriverIRQHandler
                0x08001304                B2MWKUP_DONE1_DriverIRQHandler
                0x08001304                GAU_ADC1_DriverIRQHandler
                0x08001304                BLE_MCI_INT0_DriverIRQHandler
                0x08001304                ELS_GDET_UM_DriverIRQHandler
                0x08001304                WL_MCI_INT7_DriverIRQHandler
                0x08001304                UTICK_DriverIRQHandler
                0x08001304                W2MWKUP_DONE2_DriverIRQHandler
                0x08001304                B2MWKUP_DONE6_DriverIRQHandler
                0x08001304                WDT0_DriverIRQHandler
                0x08001304                Reserved68_DriverIRQHandler
                0x08001304                Reserved59_DriverIRQHandler
                0x08001304                SDIO_DriverIRQHandler
                0x08001304                WL_MCI_INT6_DriverIRQHandler
                0x08001304                W2MWKUP_DONE3_DriverIRQHandler
                0x08001304                B2MWKUP_DONE5_DriverIRQHandler
                0x08001304                CDOG_INT_DriverIRQHandler
                0x08001304                Reserved46_DriverIRQHandler
                0x08001304                Reserved37_DriverIRQHandler
                0x08001304                SCT0_DriverIRQHandler
                0x08001304                HYPERVISOR_DriverIRQHandler
                0x08001304                ITRC_DriverIRQHandler
                0x08001304                Reserved50_DriverIRQHandler
                0x08001304                W2MWKUP_DONE5_DriverIRQHandler
                0x08001304                USB_DriverIRQHandler
 *(SORT_BY_ALIGNMENT(.text*))
 *fill*         0x08001306        0x2 ff
 .text.DbgConsole_Init
                0x08001308       0x88 ./utilities/debug_console_lite/fsl_debug_console.o
                0x08001308                DbgConsole_Init
 .text.DbgConsole_Vprintf
                0x08001390       0x3c ./utilities/debug_console_lite/fsl_debug_console.o
                0x08001390                DbgConsole_Vprintf
 .text.DbgConsole_Putchar
                0x080013cc       0x30 ./utilities/debug_console_lite/fsl_debug_console.o
                0x080013cc                DbgConsole_Putchar
 .text.DbgConsole_PrintfFormattedData
                0x080013fc      0x9ec ./utilities/debug_console_lite/fsl_debug_console.o
 .text.__assertion_failed
                0x08001de8       0x2c ./utilities/fsl_assert.o
                0x08001de8                __assertion_failed
 .text          0x08001e14       0xa0 ./utilities/fsl_memcpy.o
                0x08001e14                memcpy
 .text.KeyExpansion
                0x08001eb4      0x1a0 ./source/aes.o
 .text.SubBytes
                0x08002054       0x64 ./source/aes.o
 .text.ENET_BuildBroadCastFrame
                0x080020b8      0x1b4 ./source/ethernet.o
 .text.ethernet_Init
                0x0800226c      0x16c ./source/ethernet.o
                0x0800226c                ethernet_Init
 .text.ethernet_Send
                0x080023d8       0xdc ./source/ethernet.o
                0x080023d8                ethernet_Send
 .text.ethernet_Received
                0x080024b4      0x180 ./source/ethernet.o
                0x080024b4                ethernet_Received
 .text.main     0x08002634       0x4c ./source/ethernet.o
                0x08002634                main
 .text.CLOCK_GetSysOscFreq
                0x08002680       0x54 ./drivers/fsl_clock.o
 .text.CLOCK_GetMclkInClkFreq
                0x080026d4       0x18 ./drivers/fsl_clock.o
 .text.CLOCK_GetLpOscFreq
                0x080026ec       0x30 ./drivers/fsl_clock.o
 .text.CLOCK_DelayUs
                0x0800271c       0x4c ./drivers/fsl_clock.o
 .text.CLOCK_GetT3PllMciIrcClkFreq
                0x08002768       0x58 ./drivers/fsl_clock.o
                0x08002768                CLOCK_GetT3PllMciIrcClkFreq
 .text.CLOCK_GetT3PllMci256mClkFreq
                0x080027c0       0x1c ./drivers/fsl_clock.o
                0x080027c0                CLOCK_GetT3PllMci256mClkFreq
 .text.CLOCK_GetTcpuFvcoFreq
                0x080027dc       0xa4 ./drivers/fsl_clock.o
 .text.CLOCK_GetTcpuMciClkFreq
                0x08002880       0x24 ./drivers/fsl_clock.o
                0x08002880                CLOCK_GetTcpuMciClkFreq
 .text.CLOCK_EnableClock
                0x080028a4      0x118 ./drivers/fsl_clock.o
                0x080028a4                CLOCK_EnableClock
 .text.CLOCK_DisableClock
                0x080029bc      0x104 ./drivers/fsl_clock.o
                0x080029bc                CLOCK_DisableClock
 .text.CLOCK_AttachClk
                0x08002ac0       0xf4 ./drivers/fsl_clock.o
                0x08002ac0                CLOCK_AttachClk
 .text.CLOCK_GetAvPllCh1Freq
                0x08002bb4       0x5c ./drivers/fsl_clock.o
                0x08002bb4                CLOCK_GetAvPllCh1Freq
 .text.CLOCK_GetMainPllClkFreq
                0x08002c10       0x20 ./drivers/fsl_clock.o
 .text.CLOCK_GetAudioPllClkFreq
                0x08002c30       0x20 ./drivers/fsl_clock.o
 .text.CLOCK_GetMainClkFreq
                0x08002c50       0xac ./drivers/fsl_clock.o
                0x08002c50                CLOCK_GetMainClkFreq
 .text.CLOCK_GetCoreSysClkFreq
                0x08002cfc       0x20 ./drivers/fsl_clock.o
                0x08002cfc                CLOCK_GetCoreSysClkFreq
 .text.CLOCK_GetFRGClock
                0x08002d1c      0x148 ./drivers/fsl_clock.o
                0x08002d1c                CLOCK_GetFRGClock
 .text.CLOCK_SetFRGClock
                0x08002e64       0xa4 ./drivers/fsl_clock.o
                0x08002e64                CLOCK_SetFRGClock
 .text.CLOCK_GetFlexCommClkFreq
                0x08002f08       0xa4 ./drivers/fsl_clock.o
                0x08002f08                CLOCK_GetFlexCommClkFreq
 .text.CLOCK_CfgTcpuRefClk
                0x08002fac      0x114 ./drivers/fsl_clock.o
 .text.CLOCK_InitTcpuRefClk
                0x080030c0       0x64 ./drivers/fsl_clock.o
                0x080030c0                CLOCK_InitTcpuRefClk
 .text.CLOCK_DeinitTcpuRefClk
                0x08003124       0x40 ./drivers/fsl_clock.o
                0x08003124                CLOCK_DeinitTcpuRefClk
 .text.CLOCK_InitTddrRefClk
                0x08003164       0x70 ./drivers/fsl_clock.o
                0x08003164                CLOCK_InitTddrRefClk
 .text.CLOCK_DeinitTddrRefClk
                0x080031d4       0x40 ./drivers/fsl_clock.o
                0x080031d4                CLOCK_DeinitTddrRefClk
 .text.CLOCK_InitT3RefClk
                0x08003214       0x68 ./drivers/fsl_clock.o
                0x08003214                CLOCK_InitT3RefClk
 .text.CLOCK_DeinitT3RefClk
                0x0800327c       0x38 ./drivers/fsl_clock.o
                0x0800327c                CLOCK_DeinitT3RefClk
 .text.CLOCK_ConfigAvPll
                0x080032b4       0xf4 ./drivers/fsl_clock.o
 .text.CLOCK_ConfigAvPllCh1
                0x080033a8       0x84 ./drivers/fsl_clock.o
 .text.CLOCK_ConfigAvPllCh2
                0x0800342c       0x64 ./drivers/fsl_clock.o
 .text.CLOCK_PowerUpAnaGrp
                0x08003490       0x34 ./drivers/fsl_clock.o
 .text.CLOCK_PowerDownAnaGrp
                0x080034c4       0x30 ./drivers/fsl_clock.o
 .text.CLOCK_EnableAvPllCh
                0x080034f4      0x154 ./drivers/fsl_clock.o
                0x080034f4                CLOCK_EnableAvPllCh
 .text.CLOCK_DisableAvPllCh
                0x08003648       0x60 ./drivers/fsl_clock.o
                0x08003648                CLOCK_DisableAvPllCh
 .text.CLOCK_InitAvPll
                0x080036a8       0x88 ./drivers/fsl_clock.o
                0x080036a8                CLOCK_InitAvPll
 .text.CLOCK_DeinitAvPll
                0x08003730       0x54 ./drivers/fsl_clock.o
                0x08003730                CLOCK_DeinitAvPll
 .text.SDK_DelayAtLeastUs
                0x08003784       0x8c ./drivers/fsl_common_arm.o
                0x08003784                SDK_DelayAtLeastUs
 .text.__NVIC_EnableIRQ
                0x08003810       0x3c ./drivers/fsl_enet.o
 .text.ENET_GetInstance
                0x0800384c       0x44 ./drivers/fsl_enet.o
                0x0800384c                ENET_GetInstance
 .text.ENET_GetDefaultConfig
                0x08003890       0x4c ./drivers/fsl_enet.o
                0x08003890                ENET_GetDefaultConfig
 .text.ENET_Up  0x080038dc       0xb8 ./drivers/fsl_enet.o
                0x080038dc                ENET_Up
 .text.ENET_ResetHardware
                0x08003994       0x34 ./drivers/fsl_enet.o
                0x08003994                ENET_ResetHardware
 .text.ENET_SetRxISRHandler
                0x080039c8       0x30 ./drivers/fsl_enet.o
                0x080039c8                ENET_SetRxISRHandler
 .text.ENET_SetTxISRHandler
                0x080039f8       0x30 ./drivers/fsl_enet.o
                0x080039f8                ENET_SetTxISRHandler
 .text.ENET_SetErrISRHandler
                0x08003a28       0x30 ./drivers/fsl_enet.o
                0x08003a28                ENET_SetErrISRHandler
 .text.ENET_SetHandler
                0x08003a58      0x1a4 ./drivers/fsl_enet.o
 .text.ENET_SetMacController
                0x08003bfc      0x308 ./drivers/fsl_enet.o
 .text.ENET_SetTxBufferDescriptors
                0x08003f04      0x130 ./drivers/fsl_enet.o
 .text.ENET_SetRxBufferDescriptors
                0x08004034      0x138 ./drivers/fsl_enet.o
 .text.ENET_RxBufferFreeAll
                0x0800416c       0xcc ./drivers/fsl_enet.o
 .text.ENET_ActiveReadRing
                0x08004238       0x44 ./drivers/fsl_enet.o
 .text.ENET_ActiveSendRing
                0x0800427c       0x4c ./drivers/fsl_enet.o
 .text.ENET_SetSMI
                0x080042c8       0xa0 ./drivers/fsl_enet.o
                0x080042c8                ENET_SetSMI
 .text.ENET_MDIORead
                0x08004368       0x70 ./drivers/fsl_enet.o
                0x08004368                ENET_MDIORead
 .text.ENET_IncreaseIndex
                0x080043d8       0x40 ./drivers/fsl_enet.o
 .text.ENET_GetRxErrBeforeReadFrame
                0x08004418      0x108 ./drivers/fsl_enet.o
                0x08004418                ENET_GetRxErrBeforeReadFrame
 .text.ENET_GetRxFrameSize
                0x08004520      0x128 ./drivers/fsl_enet.o
                0x08004520                ENET_GetRxFrameSize
 .text.ENET_ReadFrame
                0x08004648      0x190 ./drivers/fsl_enet.o
                0x08004648                ENET_ReadFrame
 .text.ENET_UpdateReadBuffers
                0x080047d8       0x94 ./drivers/fsl_enet.o
 .text.ENET_SendFrame
                0x0800486c      0x388 ./drivers/fsl_enet.o
                0x0800486c                ENET_SendFrame
 .text.ENET_ReclaimTxDescriptor
                0x08004bf4      0x10c ./drivers/fsl_enet.o
                0x08004bf4                ENET_ReclaimTxDescriptor
 .text.ENET_TransmitIRQHandler
                0x08004d00       0x8c ./drivers/fsl_enet.o
                0x08004d00                ENET_TransmitIRQHandler
 .text.ENET_ReceiveIRQHandler
                0x08004d8c       0x5c ./drivers/fsl_enet.o
                0x08004d8c                ENET_ReceiveIRQHandler
 .text.ENET_ErrorIRQHandler
                0x08004de8       0x90 ./drivers/fsl_enet.o
                0x08004de8                ENET_ErrorIRQHandler
 .text.ENET_CommonFrame0IRQHandler
                0x08004e78       0xf0 ./drivers/fsl_enet.o
                0x08004e78                ENET_CommonFrame0IRQHandler
 .text.ENET_Ptp1588IRQHandler
                0x08004f68       0x44 ./drivers/fsl_enet.o
                0x08004f68                ENET_Ptp1588IRQHandler
 .text.ENET_DriverIRQHandler
                0x08004fac       0x14 ./drivers/fsl_enet.o
                0x08004fac                ENET_DriverIRQHandler
 .text.ENET_TIMER_DriverIRQHandler
                0x08004fc0       0x14 ./drivers/fsl_enet.o
                0x08004fc0                ENET_TIMER_DriverIRQHandler
 .text.FLEXCOMM_GetInstance
                0x08004fd4       0x4c ./drivers/fsl_flexcomm.o
                0x08004fd4                FLEXCOMM_GetInstance
 .text.FLEXCOMM_Init
                0x08005020       0x50 ./drivers/fsl_flexcomm.o
                0x08005020                FLEXCOMM_Init
 .text.FLEXCOMM0_DriverIRQHandler
                0x08005070       0x5c ./drivers/fsl_flexcomm.o
                0x08005070                FLEXCOMM0_DriverIRQHandler
 .text.FLEXCOMM1_DriverIRQHandler
                0x080050cc       0x5c ./drivers/fsl_flexcomm.o
                0x080050cc                FLEXCOMM1_DriverIRQHandler
 .text.FLEXCOMM2_DriverIRQHandler
                0x08005128       0x5c ./drivers/fsl_flexcomm.o
                0x08005128                FLEXCOMM2_DriverIRQHandler
 .text.FLEXCOMM3_DriverIRQHandler
                0x08005184       0x5c ./drivers/fsl_flexcomm.o
                0x08005184                FLEXCOMM3_DriverIRQHandler
 .text.FLEXCOMM14_DriverIRQHandler
                0x080051e0       0x5c ./drivers/fsl_flexcomm.o
                0x080051e0                FLEXCOMM14_DriverIRQHandler
 .text.FLEXSPI_DriverIRQHandler
                0x0800523c       0x24 ./drivers/fsl_flexspi.o
                0x0800523c                FLEXSPI_DriverIRQHandler
 .text.GPIO_EnablePortClock
                0x08005260       0x34 ./drivers/fsl_gpio.o
 .text.GPIO_PortInit
                0x08005294       0x2c ./drivers/fsl_gpio.o
                0x08005294                GPIO_PortInit
 .text.otp_get_nonmask_status_result
                0x080052c0       0x60 ./drivers/fsl_ocotp.o
 .text.otp_wait_busy
                0x08005320       0x50 ./drivers/fsl_ocotp.o
 .text.otp_clear_status
                0x08005370       0x28 ./drivers/fsl_ocotp.o
 .text.OCOTP_OtpInit
                0x08005398       0x34 ./drivers/fsl_ocotp.o
                0x08005398                OCOTP_OtpInit
 .text.OCOTP_OtpDeinit
                0x080053cc       0x44 ./drivers/fsl_ocotp.o
                0x080053cc                OCOTP_OtpDeinit
 .text.OCOTP_OtpFuseRead
                0x08005410       0x74 ./drivers/fsl_ocotp.o
                0x08005410                OCOTP_OtpFuseRead
 .text.soc_otp_read
                0x08005484      0x120 ./drivers/fsl_ocotp.o
 .text.OCOTP_ReadSVC
                0x080055a4       0x34 ./drivers/fsl_ocotp.o
                0x080055a4                OCOTP_ReadSVC
 .text.OCOTP_ReadPackage
                0x080055d8       0x58 ./drivers/fsl_ocotp.o
                0x080055d8                OCOTP_ReadPackage
 .text.__NVIC_SetPriorityGrouping
                0x08005630       0x48 ./drivers/fsl_power.o
 .text.__NVIC_GetPriorityGrouping
                0x08005678       0x1c ./drivers/fsl_power.o
 .text.POWER_GetThresholdParams
                0x08005694      0x124 ./drivers/fsl_power.o
 .text.POWER_SaveNvicState
                0x080057b8      0x140 ./drivers/fsl_power.o
 .text.POWER_RestoreNvicState
                0x080058f8      0x11c ./drivers/fsl_power.o
 .text.CAPTIMER_DriverIRQHandler
                0x08005a14       0x34 ./drivers/fsl_power.o
                0x08005a14                CAPTIMER_DriverIRQHandler
 .text.POWER_EnableWakeup
                0x08005a48      0x1d4 ./drivers/fsl_power.o
                0x08005a48                POWER_EnableWakeup
 .text.POWER_InitVSensorThreshold
                0x08005c1c      0x1f0 ./drivers/fsl_power.o
 .text.Power_InitLoadGdetCfg
                0x08005e0c       0x70 ./drivers/fsl_power.o
                0x08005e0c                Power_InitLoadGdetCfg
 .text.POWER_InitVoltage
                0x08005e7c       0x94 ./drivers/fsl_power.o
                0x08005e7c                POWER_InitVoltage
 .text.POWER_TrimSvc
                0x08005f10      0x138 ./drivers/fsl_power.o
                0x08005f10                POWER_TrimSvc
 .text.RESET_SetPeripheralReset
                0x08006048       0xf8 ./drivers/fsl_reset.o
                0x08006048                RESET_SetPeripheralReset
 .text.RESET_ClearPeripheralReset
                0x08006140      0x104 ./drivers/fsl_reset.o
                0x08006140                RESET_ClearPeripheralReset
 .text.USART_Init
                0x08006244      0x1d8 ./drivers/fsl_usart.o
                0x08006244                USART_Init
 .text.USART_GetDefaultConfig
                0x0800641c       0xa0 ./drivers/fsl_usart.o
                0x0800641c                USART_GetDefaultConfig
 .text.USART_SetBaudRate
                0x080064bc      0x18c ./drivers/fsl_usart.o
                0x080064bc                USART_SetBaudRate
 .text.USART_WriteBlocking
                0x08006648       0x8c ./drivers/fsl_usart.o
                0x08006648                USART_WriteBlocking
 .text.USART_ReadBlocking
                0x080066d4      0x104 ./drivers/fsl_usart.o
                0x080066d4                USART_ReadBlocking
 .text.SystemInit
                0x080067d8       0xc4 ./device/system_RW612.o
                0x080067d8                SystemInit
 .text.getT3PllMciIrcClkFreq
                0x0800689c       0x50 ./device/system_RW612.o
 .text.getTcpuFvcoFreq
                0x080068ec       0x9c ./device/system_RW612.o
 .text.getT3PllMci256mClkFreq
                0x08006988       0x1c ./device/system_RW612.o
 .text.getTcpuMciClkFreq
                0x080069a4       0x24 ./device/system_RW612.o
 .text.getSysOscFreq
                0x080069c8       0x48 ./device/system_RW612.o
 .text.getLpOscFreq
                0x08006a10       0x30 ./device/system_RW612.o
 .text.getMainPllClkFreq
                0x08006a40       0x20 ./device/system_RW612.o
 .text.SystemCoreClockUpdate
                0x08006a60       0xc4 ./device/system_RW612.o
                0x08006a60                SystemCoreClockUpdate
 .text.HAL_UartInitCommon
                0x08006b24      0x110 ./component/uart/fsl_adapter_usart.o
 .text.HAL_UartReceiveBlocking
                0x08006c34       0x6c ./component/uart/fsl_adapter_usart.o
                0x08006c34                HAL_UartReceiveBlocking
 .text.HAL_UartSendBlocking
                0x08006ca0       0x64 ./component/uart/fsl_adapter_usart.o
                0x08006ca0                HAL_UartSendBlocking
 .text.PHY_KSZ8081_Init
                0x08006d04      0x180 ./component/phy/fsl_phyksz8081.o
                0x08006d04                PHY_KSZ8081_Init
 .text.PHY_KSZ8081_GetAutoNegotiationStatus
                0x08006e84       0x54 ./component/phy/fsl_phyksz8081.o
                0x08006e84                PHY_KSZ8081_GetAutoNegotiationStatus
 .text.PHY_KSZ8081_GetLinkStatus
                0x08006ed8       0x58 ./component/phy/fsl_phyksz8081.o
                0x08006ed8                PHY_KSZ8081_GetLinkStatus
 .text.PHY_KSZ8081_GetLinkSpeedDuplex
                0x08006f30       0x98 ./component/phy/fsl_phyksz8081.o
                0x08006f30                PHY_KSZ8081_GetLinkSpeedDuplex
 .text.PHY_KSZ8081_SetLinkSpeedDuplex
                0x08006fc8       0x98 ./component/phy/fsl_phyksz8081.o
                0x08006fc8                PHY_KSZ8081_SetLinkSpeedDuplex
 .text.PHY_KSZ8081_EnableLoopback
                0x08007060      0x158 ./component/phy/fsl_phyksz8081.o
                0x08007060                PHY_KSZ8081_EnableLoopback
 .text.mcuxClEls_isBusy
                0x080071b8       0x24 ./component/els_pkc/src/comps/mcuxClEls/src/mcuxClEls_Common.o
 .text.mcuxClEls_GetErrorCode
                0x080071dc      0x1c0 ./component/els_pkc/src/comps/mcuxClEls/src/mcuxClEls_Common.o
                0x080071dc                mcuxClEls_GetErrorCode
 .text.mcuxClEls_WaitForOperation
                0x0800739c       0x9c ./component/els_pkc/src/comps/mcuxClEls/src/mcuxClEls_Common.o
                0x0800739c                mcuxClEls_WaitForOperation
 .text.mcuxClEls_ResetErrorFlags
                0x08007438       0x74 ./component/els_pkc/src/comps/mcuxClEls/src/mcuxClEls_Common.o
                0x08007438                mcuxClEls_ResetErrorFlags
 .text.mcuxClEls_setInput0_fixedSize
                0x080074ac       0x20 ./component/els_pkc/src/comps/mcuxClEls/src/mcuxClEls_GlitchDetector.o
 .text.mcuxClEls_startCommand
                0x080074cc       0x40 ./component/els_pkc/src/comps/mcuxClEls/src/mcuxClEls_GlitchDetector.o
 .text.mcuxClEls_isBusy
                0x0800750c       0x24 ./component/els_pkc/src/comps/mcuxClEls/src/mcuxClEls_GlitchDetector.o
 .text.BOARD_InitDebugConsole
                0x08007530       0x44 ./board/board.o
                0x08007530                BOARD_InitDebugConsole
 .text.LoadGdetCfg
                0x08007574       0xcc ./board/board.o
 .text.ConfigSvcSensor
                0x08007640      0x168 ./board/board.o
 .text.BOARD_ClockPreConfig
                0x080077a8       0x6c ./board/board.o
                0x080077a8                BOARD_ClockPreConfig
 .text.BOARD_ClockPostConfig
                0x08007814       0x3c ./board/board.o
                0x08007814                BOARD_ClockPostConfig
 .text.BOARD_BootClockRUN
                0x08007850      0x108 ./board/clock_config.o
                0x08007850                BOARD_BootClockRUN
 .text.BOARD_InitModuleClock
                0x08007958       0x14 ./board/hardware_init.o
                0x08007958                BOARD_InitModuleClock
 .text.MDIO_Init
                0x0800796c       0x50 ./board/hardware_init.o
 .text.MDIO_Write
                0x080079bc       0x2c ./board/hardware_init.o
 .text.MDIO_Read
                0x080079e8       0x2c ./board/hardware_init.o
 .text.BOARD_InitHardware
                0x08007a14       0x68 ./board/hardware_init.o
                0x08007a14                BOARD_InitHardware
 .text.IO_MUX_SetPinMux
                0x08007a7c      0x294 ./board/pin_mux.o
 .text.IO_MUX_SetPinConfig
                0x08007d10       0xbc ./board/pin_mux.o
 .text.BOARD_InitPins
                0x08007dcc      0x1a8 ./board/pin_mux.o
                0x08007dcc                BOARD_InitPins
 .text.malloc   0x08007f74       0xc8 C:/nxp/MCUXpressoIDE_24.12.148/ide/plugins/com.nxp.mcuxpresso.tools.win32_24.12.0.202407110909/tools/bin/../lib/gcc/arm-none-eabi/13.2.1/../../../../arm-none-eabi/lib/thumb/v8-m.main+fp/hard\libcr_c.a(alloc.o)
                0x08007f74                malloc
 .text._initio  0x0800803c       0x78 C:/nxp/MCUXpressoIDE_24.12.148/ide/plugins/com.nxp.mcuxpresso.tools.win32_24.12.0.202407110909/tools/bin/../lib/gcc/arm-none-eabi/13.2.1/../../../../arm-none-eabi/lib/thumb/v8-m.main+fp/hard\libcr_c.a(initio.o)
                0x0800803c                _initio
 .text._sbrk    0x080080b4       0x3c C:/nxp/MCUXpressoIDE_24.12.148/ide/plugins/com.nxp.mcuxpresso.tools.win32_24.12.0.202407110909/tools/bin/../lib/gcc/arm-none-eabi/13.2.1/../../../../arm-none-eabi/lib/thumb/v8-m.main+fp/hard\libcr_c.a(_cr_sbrk.o)
                0x080080b4                _sbrk
 .text._Cwritebuf
                0x080080f0       0x6c C:/nxp/MCUXpressoIDE_24.12.148/ide/plugins/com.nxp.mcuxpresso.tools.win32_24.12.0.202407110909/tools/bin/../lib/gcc/arm-none-eabi/13.2.1/../../../../arm-none-eabi/lib/thumb/v8-m.main+fp/hard\libcr_c.a(_writebuf.o)
                0x080080f0                _Cwritebuf
 .text.fflush   0x0800815c       0x3c C:/nxp/MCUXpressoIDE_24.12.148/ide/plugins/com.nxp.mcuxpresso.tools.win32_24.12.0.202407110909/tools/bin/../lib/gcc/arm-none-eabi/13.2.1/../../../../arm-none-eabi/lib/thumb/v8-m.main+fp/hard\libcr_c.a(fflush.o)
                0x0800815c                fflush
 .text.fseek    0x08008198       0xf8 C:/nxp/MCUXpressoIDE_24.12.148/ide/plugins/com.nxp.mcuxpresso.tools.win32_24.12.0.202407110909/tools/bin/../lib/gcc/arm-none-eabi/13.2.1/../../../../arm-none-eabi/lib/thumb/v8-m.main+fp/hard\libcr_c.a(fseek.o)
                0x08008198                fseek
 .text.ftell    0x08008290       0x44 C:/nxp/MCUXpressoIDE_24.12.148/ide/plugins/com.nxp.mcuxpresso.tools.win32_24.12.0.202407110909/tools/bin/../lib/gcc/arm-none-eabi/13.2.1/../../../../arm-none-eabi/lib/thumb/v8-m.main+fp/hard\libcr_c.a(ftell.o)
                0x08008290                ftell
 .text.__check_heap_overflow
                0x080082d4       0x18 C:/nxp/MCUXpressoIDE_24.12.148/ide/plugins/com.nxp.mcuxpresso.tools.win32_24.12.0.202407110909/tools/bin/../lib/gcc/arm-none-eabi/13.2.1/../../../../arm-none-eabi/lib/thumb/v8-m.main+fp/hard\libcr_c.a(_cr_check_heap.o)
                0x080082d4                __check_heap_overflow
 .text.DbgConsole_Printf
                0x080082ec       0x2c ./utilities/debug_console_lite/fsl_debug_console.o
                0x080082ec                DbgConsole_Printf
 .text.DbgConsole_PrintfPaddingCharacter
                0x08008318       0x40 ./utilities/debug_console_lite/fsl_debug_console.o
 .text.DbgConsole_ConvertRadixNumToString
                0x08008358      0x2b0 ./utilities/debug_console_lite/fsl_debug_console.o
 .text.fsl_assert_hook
                0x08008608       0x1a ./utilities/fsl_assert.o
                0x08008608                fsl_assert_hook
 .text.WDT0_IRQHandler
                0x08008622        0x8 ./startup/startup_rw612.o
                0x08008622                WDT0_IRQHandler
 .text.DMA0_IRQHandler
                0x0800862a        0x8 ./startup/startup_rw612.o
                0x0800862a                DMA0_IRQHandler
 .text.GPIO_INTA_IRQHandler
                0x08008632        0x8 ./startup/startup_rw612.o
                0x08008632                GPIO_INTA_IRQHandler
 .text.GPIO_INTB_IRQHandler
                0x0800863a        0x8 ./startup/startup_rw612.o
                0x0800863a                GPIO_INTB_IRQHandler
 .text.PIN_INT0_IRQHandler
                0x08008642        0x8 ./startup/startup_rw612.o
                0x08008642                PIN_INT0_IRQHandler
 .text.PIN_INT1_IRQHandler
                0x0800864a        0x8 ./startup/startup_rw612.o
                0x0800864a                PIN_INT1_IRQHandler
 .text.PIN_INT2_IRQHandler
                0x08008652        0x8 ./startup/startup_rw612.o
                0x08008652                PIN_INT2_IRQHandler
 .text.PIN_INT3_IRQHandler
                0x0800865a        0x8 ./startup/startup_rw612.o
                0x0800865a                PIN_INT3_IRQHandler
 .text.UTICK_IRQHandler
                0x08008662        0x8 ./startup/startup_rw612.o
                0x08008662                UTICK_IRQHandler
 .text.MRT_IRQHandler
                0x0800866a        0x8 ./startup/startup_rw612.o
                0x0800866a                MRT_IRQHandler
 .text.CTIMER0_IRQHandler
                0x08008672        0x8 ./startup/startup_rw612.o
                0x08008672                CTIMER0_IRQHandler
 .text.CTIMER1_IRQHandler
                0x0800867a        0x8 ./startup/startup_rw612.o
                0x0800867a                CTIMER1_IRQHandler
 .text.SCT0_IRQHandler
                0x08008682        0x8 ./startup/startup_rw612.o
                0x08008682                SCT0_IRQHandler
 .text.CTIMER3_IRQHandler
                0x0800868a        0x8 ./startup/startup_rw612.o
                0x0800868a                CTIMER3_IRQHandler
 .text.FLEXCOMM0_IRQHandler
                0x08008692        0x8 ./startup/startup_rw612.o
                0x08008692                FLEXCOMM0_IRQHandler
 .text.FLEXCOMM1_IRQHandler
                0x0800869a        0x8 ./startup/startup_rw612.o
                0x0800869a                FLEXCOMM1_IRQHandler
 .text.FLEXCOMM2_IRQHandler
                0x080086a2        0x8 ./startup/startup_rw612.o
                0x080086a2                FLEXCOMM2_IRQHandler
 .text.FLEXCOMM3_IRQHandler
                0x080086aa        0x8 ./startup/startup_rw612.o
                0x080086aa                FLEXCOMM3_IRQHandler
 .text.Reserved34_IRQHandler
                0x080086b2        0x8 ./startup/startup_rw612.o
                0x080086b2                Reserved34_IRQHandler
 .text.Reserved35_IRQHandler
                0x080086ba        0x8 ./startup/startup_rw612.o
                0x080086ba                Reserved35_IRQHandler
 .text.FLEXCOMM14_IRQHandler
                0x080086c2        0x8 ./startup/startup_rw612.o
                0x080086c2                FLEXCOMM14_IRQHandler
 .text.Reserved37_IRQHandler
                0x080086ca        0x8 ./startup/startup_rw612.o
                0x080086ca                Reserved37_IRQHandler
 .text.Reserved38_IRQHandler
                0x080086d2        0x8 ./startup/startup_rw612.o
                0x080086d2                Reserved38_IRQHandler
 .text.GFMRT_IRQHandler
                0x080086da        0x8 ./startup/startup_rw612.o
                0x080086da                GFMRT_IRQHandler
 .text.Reserved40_IRQHandler
                0x080086e2        0x8 ./startup/startup_rw612.o
                0x080086e2                Reserved40_IRQHandler
 .text.DMIC_IRQHandler
                0x080086ea        0x8 ./startup/startup_rw612.o
                0x080086ea                DMIC_IRQHandler
 .text.WKDEEPSLEEP_IRQHandler
                0x080086f2        0x8 ./startup/startup_rw612.o
                0x080086f2                WKDEEPSLEEP_IRQHandler
 .text.HYPERVISOR_IRQHandler
                0x080086fa        0x8 ./startup/startup_rw612.o
                0x080086fa                HYPERVISOR_IRQHandler
 .text.SECUREVIOLATION_IRQHandler
                0x08008702        0x8 ./startup/startup_rw612.o
                0x08008702                SECUREVIOLATION_IRQHandler
 .text.HWVAD_IRQHandler
                0x0800870a        0x8 ./startup/startup_rw612.o
                0x0800870a                HWVAD_IRQHandler
 .text.Reserved46_IRQHandler
                0x08008712        0x8 ./startup/startup_rw612.o
                0x08008712                Reserved46_IRQHandler
 .text.Reserved47_IRQHandler
                0x0800871a        0x8 ./startup/startup_rw612.o
                0x0800871a                Reserved47_IRQHandler
 .text.RTC_IRQHandler
                0x08008722        0x8 ./startup/startup_rw612.o
                0x08008722                RTC_IRQHandler
 .text.Reserved49_IRQHandler
                0x0800872a        0x8 ./startup/startup_rw612.o
                0x0800872a                Reserved49_IRQHandler
 .text.Reserved50_IRQHandler
                0x08008732        0x8 ./startup/startup_rw612.o
                0x08008732                Reserved50_IRQHandler
 .text.PIN_INT4_IRQHandler
                0x0800873a        0x8 ./startup/startup_rw612.o
                0x0800873a                PIN_INT4_IRQHandler
 .text.PIN_INT5_IRQHandler
                0x08008742        0x8 ./startup/startup_rw612.o
                0x08008742                PIN_INT5_IRQHandler
 .text.PIN_INT6_IRQHandler
                0x0800874a        0x8 ./startup/startup_rw612.o
                0x0800874a                PIN_INT6_IRQHandler
 .text.PIN_INT7_IRQHandler
                0x08008752        0x8 ./startup/startup_rw612.o
                0x08008752                PIN_INT7_IRQHandler
 .text.CTIMER2_IRQHandler
                0x0800875a        0x8 ./startup/startup_rw612.o
                0x0800875a                CTIMER2_IRQHandler
 .text.CTIMER4_IRQHandler
                0x08008762        0x8 ./startup/startup_rw612.o
                0x08008762                CTIMER4_IRQHandler
 .text.OS_EVENT_TIMER_IRQHandler
                0x0800876a        0x8 ./startup/startup_rw612.o
                0x0800876a                OS_EVENT_TIMER_IRQHandler
 .text.FLEXSPI_IRQHandler
                0x08008772        0x8 ./startup/startup_rw612.o
                0x08008772                FLEXSPI_IRQHandler
 .text.Reserved59_IRQHandler
                0x0800877a        0x8 ./startup/startup_rw612.o
                0x0800877a                Reserved59_IRQHandler
 .text.Reserved60_IRQHandler
                0x08008782        0x8 ./startup/startup_rw612.o
                0x08008782                Reserved60_IRQHandler
 .text.Reserved61_IRQHandler
                0x0800878a        0x8 ./startup/startup_rw612.o
                0x0800878a                Reserved61_IRQHandler
 .text.SDIO_IRQHandler
                0x08008792        0x8 ./startup/startup_rw612.o
                0x08008792                SDIO_IRQHandler
 .text.SGPIO_INTA_IRQHandler
                0x0800879a        0x8 ./startup/startup_rw612.o
                0x0800879a                SGPIO_INTA_IRQHandler
 .text.SGPIO_INTB_IRQHandler
                0x080087a2        0x8 ./startup/startup_rw612.o
                0x080087a2                SGPIO_INTB_IRQHandler
 .text.Reserved65_IRQHandler
                0x080087aa        0x8 ./startup/startup_rw612.o
                0x080087aa                Reserved65_IRQHandler
 .text.USB_IRQHandler
                0x080087b2        0x8 ./startup/startup_rw612.o
                0x080087b2                USB_IRQHandler
 .text.Reserved67_IRQHandler
                0x080087ba        0x8 ./startup/startup_rw612.o
                0x080087ba                Reserved67_IRQHandler
 .text.Reserved68_IRQHandler
                0x080087c2        0x8 ./startup/startup_rw612.o
                0x080087c2                Reserved68_IRQHandler
 .text.Reserved69_IRQHandler
                0x080087ca        0x8 ./startup/startup_rw612.o
                0x080087ca                Reserved69_IRQHandler
 .text.DMA1_IRQHandler
                0x080087d2        0x8 ./startup/startup_rw612.o
                0x080087d2                DMA1_IRQHandler
 .text.PUF_IRQHandler
                0x080087da        0x8 ./startup/startup_rw612.o
                0x080087da                PUF_IRQHandler
 .text.POWERQUAD_IRQHandler
                0x080087e2        0x8 ./startup/startup_rw612.o
                0x080087e2                POWERQUAD_IRQHandler
 .text.Reserved73_IRQHandler
                0x080087ea        0x8 ./startup/startup_rw612.o
                0x080087ea                Reserved73_IRQHandler
 .text.Reserved74_IRQHandler
                0x080087f2        0x8 ./startup/startup_rw612.o
                0x080087f2                Reserved74_IRQHandler
 .text.Reserved75_IRQHandler
                0x080087fa        0x8 ./startup/startup_rw612.o
                0x080087fa                Reserved75_IRQHandler
 .text.Reserved76_IRQHandler
                0x08008802        0x8 ./startup/startup_rw612.o
                0x08008802                Reserved76_IRQHandler
 .text.LCD_IRQHandler
                0x0800880a        0x8 ./startup/startup_rw612.o
                0x0800880a                LCD_IRQHandler
 .text.CAPTIMER_IRQHandler
                0x08008812        0x8 ./startup/startup_rw612.o
                0x08008812                CAPTIMER_IRQHandler
 .text.Reserved79_IRQHandler
                0x0800881a        0x8 ./startup/startup_rw612.o
                0x0800881a                Reserved79_IRQHandler
 .text.W2MWKUP_DONE0_IRQHandler
                0x08008822        0x8 ./startup/startup_rw612.o
                0x08008822                W2MWKUP_DONE0_IRQHandler
 .text.W2MWKUP_DONE1_IRQHandler
                0x0800882a        0x8 ./startup/startup_rw612.o
                0x0800882a                W2MWKUP_DONE1_IRQHandler
 .text.W2MWKUP_DONE2_IRQHandler
                0x08008832        0x8 ./startup/startup_rw612.o
                0x08008832                W2MWKUP_DONE2_IRQHandler
 .text.W2MWKUP_DONE3_IRQHandler
                0x0800883a        0x8 ./startup/startup_rw612.o
                0x0800883a                W2MWKUP_DONE3_IRQHandler
 .text.W2MWKUP_DONE4_IRQHandler
                0x08008842        0x8 ./startup/startup_rw612.o
                0x08008842                W2MWKUP_DONE4_IRQHandler
 .text.W2MWKUP_DONE5_IRQHandler
                0x0800884a        0x8 ./startup/startup_rw612.o
                0x0800884a                W2MWKUP_DONE5_IRQHandler
 .text.W2MWKUP_DONE6_IRQHandler
                0x08008852        0x8 ./startup/startup_rw612.o
                0x08008852                W2MWKUP_DONE6_IRQHandler
 .text.W2MWKUP_DONE7_IRQHandler
                0x0800885a        0x8 ./startup/startup_rw612.o
                0x0800885a                W2MWKUP_DONE7_IRQHandler
 .text.W2MWKUP0_IRQHandler
                0x08008862        0x8 ./startup/startup_rw612.o
                0x08008862                W2MWKUP0_IRQHandler
 .text.W2MWKUP1_IRQHandler
                0x0800886a        0x8 ./startup/startup_rw612.o
                0x0800886a                W2MWKUP1_IRQHandler
 .text.WL_MCI_INT0_IRQHandler
                0x08008872        0x8 ./startup/startup_rw612.o
                0x08008872                WL_MCI_INT0_IRQHandler
 .text.WL_MCI_INT1_IRQHandler
                0x0800887a        0x8 ./startup/startup_rw612.o
                0x0800887a                WL_MCI_INT1_IRQHandler
 .text.WL_MCI_INT2_IRQHandler
                0x08008882        0x8 ./startup/startup_rw612.o
                0x08008882                WL_MCI_INT2_IRQHandler
 .text.WL_MCI_INT3_IRQHandler
                0x0800888a        0x8 ./startup/startup_rw612.o
                0x0800888a                WL_MCI_INT3_IRQHandler
 .text.WL_MCI_INT4_IRQHandler
                0x08008892        0x8 ./startup/startup_rw612.o
                0x08008892                WL_MCI_INT4_IRQHandler
 .text.WL_MCI_INT5_IRQHandler
                0x0800889a        0x8 ./startup/startup_rw612.o
                0x0800889a                WL_MCI_INT5_IRQHandler
 .text.WL_MCI_INT6_IRQHandler
                0x080088a2        0x8 ./startup/startup_rw612.o
                0x080088a2                WL_MCI_INT6_IRQHandler
 .text.WL_MCI_INT7_IRQHandler
                0x080088aa        0x8 ./startup/startup_rw612.o
                0x080088aa                WL_MCI_INT7_IRQHandler
 .text.B2MWKUP_DONE0_IRQHandler
                0x080088b2        0x8 ./startup/startup_rw612.o
                0x080088b2                B2MWKUP_DONE0_IRQHandler
 .text.B2MWKUP_DONE1_IRQHandler
                0x080088ba        0x8 ./startup/startup_rw612.o
                0x080088ba                B2MWKUP_DONE1_IRQHandler
 .text.B2MWKUP_DONE2_IRQHandler
                0x080088c2        0x8 ./startup/startup_rw612.o
                0x080088c2                B2MWKUP_DONE2_IRQHandler
 .text.B2MWKUP_DONE3_IRQHandler
                0x080088ca        0x8 ./startup/startup_rw612.o
                0x080088ca                B2MWKUP_DONE3_IRQHandler
 .text.B2MWKUP_DONE4_IRQHandler
                0x080088d2        0x8 ./startup/startup_rw612.o
                0x080088d2                B2MWKUP_DONE4_IRQHandler
 .text.B2MWKUP_DONE5_IRQHandler
                0x080088da        0x8 ./startup/startup_rw612.o
                0x080088da                B2MWKUP_DONE5_IRQHandler
 .text.B2MWKUP_DONE6_IRQHandler
                0x080088e2        0x8 ./startup/startup_rw612.o
                0x080088e2                B2MWKUP_DONE6_IRQHandler
 .text.B2MWKUP_DONE7_IRQHandler
                0x080088ea        0x8 ./startup/startup_rw612.o
                0x080088ea                B2MWKUP_DONE7_IRQHandler
 .text.B2MWKUP0_IRQHandler
                0x080088f2        0x8 ./startup/startup_rw612.o
                0x080088f2                B2MWKUP0_IRQHandler
 .text.B2MWKUP1_IRQHandler
                0x080088fa        0x8 ./startup/startup_rw612.o
                0x080088fa                B2MWKUP1_IRQHandler
 .text.BLE_MCI_INT0_IRQHandler
                0x08008902        0x8 ./startup/startup_rw612.o
                0x08008902                BLE_MCI_INT0_IRQHandler
 .text.BLE_MCI_INT1_IRQHandler
                0x0800890a        0x8 ./startup/startup_rw612.o
                0x0800890a                BLE_MCI_INT1_IRQHandler
 .text.BLE_MCI_INT2_IRQHandler
                0x08008912        0x8 ./startup/startup_rw612.o
                0x08008912                BLE_MCI_INT2_IRQHandler
 .text.BLE_MCI_INT3_IRQHandler
                0x0800891a        0x8 ./startup/startup_rw612.o
                0x0800891a                BLE_MCI_INT3_IRQHandler
 .text.BLE_MCI_INT4_IRQHandler
                0x08008922        0x8 ./startup/startup_rw612.o
                0x08008922                BLE_MCI_INT4_IRQHandler
 .text.BLE_MCI_INT5_IRQHandler
                0x0800892a        0x8 ./startup/startup_rw612.o
                0x0800892a                BLE_MCI_INT5_IRQHandler
 .text.BLE_MCI_INT6_IRQHandler
                0x08008932        0x8 ./startup/startup_rw612.o
                0x08008932                BLE_MCI_INT6_IRQHandler
 .text.BLE_MCI_INT7_IRQHandler
                0x0800893a        0x8 ./startup/startup_rw612.o
                0x0800893a                BLE_MCI_INT7_IRQHandler
 .text.PIN0_INT_IRQHandler
                0x08008942        0x8 ./startup/startup_rw612.o
                0x08008942                PIN0_INT_IRQHandler
 .text.PIN1_INT_IRQHandler
                0x0800894a        0x8 ./startup/startup_rw612.o
                0x0800894a                PIN1_INT_IRQHandler
 .text.ELS_IRQHandler
                0x08008952        0x8 ./startup/startup_rw612.o
                0x08008952                ELS_IRQHandler
 .text.ELS_GDET_IRQHandler
                0x0800895a        0x8 ./startup/startup_rw612.o
                0x0800895a                ELS_GDET_IRQHandler
 .text.ELS_GDET_UM_IRQHandler
                0x08008962        0x8 ./startup/startup_rw612.o
                0x08008962                ELS_GDET_UM_IRQHandler
 .text.PKC_INT_IRQHandler
                0x0800896a        0x8 ./startup/startup_rw612.o
                0x0800896a                PKC_INT_IRQHandler
 .text.PKC_ERR_IRQHandler
                0x08008972        0x8 ./startup/startup_rw612.o
                0x08008972                PKC_ERR_IRQHandler
 .text.CDOG_INT_IRQHandler
                0x0800897a        0x8 ./startup/startup_rw612.o
                0x0800897a                CDOG_INT_IRQHandler
 .text.GAU_DAC_IRQHandler
                0x08008982        0x8 ./startup/startup_rw612.o
                0x08008982                GAU_DAC_IRQHandler
 .text.GAU_ACOMP_WKUP_IRQHandler
                0x0800898a        0x8 ./startup/startup_rw612.o
                0x0800898a                GAU_ACOMP_WKUP_IRQHandler
 .text.GAU_ACOMP_IRQHandler
                0x08008992        0x8 ./startup/startup_rw612.o
                0x08008992                GAU_ACOMP_IRQHandler
 .text.GAU_ADC1_IRQHandler
                0x0800899a        0x8 ./startup/startup_rw612.o
                0x0800899a                GAU_ADC1_IRQHandler
 .text.GAU_ADC0_IRQHandler
                0x080089a2        0x8 ./startup/startup_rw612.o
                0x080089a2                GAU_ADC0_IRQHandler
 .text.USIM_IRQHandler
                0x080089aa        0x8 ./startup/startup_rw612.o
                0x080089aa                USIM_IRQHandler
 .text.OTP_IRQHandler
                0x080089b2        0x8 ./startup/startup_rw612.o
                0x080089b2                OTP_IRQHandler
 .text.ENET_IRQHandler
                0x080089ba        0x8 ./startup/startup_rw612.o
                0x080089ba                ENET_IRQHandler
 .text.ENET_TIMER_IRQHandler
                0x080089c2        0x8 ./startup/startup_rw612.o
                0x080089c2                ENET_TIMER_IRQHandler
 .text.PMIP_IRQHandler
                0x080089ca        0x8 ./startup/startup_rw612.o
                0x080089ca                PMIP_IRQHandler
 .text.PMIP_CHANGE_IRQHandler
                0x080089d2        0x8 ./startup/startup_rw612.o
                0x080089d2                PMIP_CHANGE_IRQHandler
 .text.ITRC_IRQHandler
                0x080089da        0x8 ./startup/startup_rw612.o
                0x080089da                ITRC_IRQHandler
 .text.Reserved136_IRQHandler
                0x080089e2        0x8 ./startup/startup_rw612.o
                0x080089e2                Reserved136_IRQHandler
 .text.Reserved137_IRQHandler
                0x080089ea        0x8 ./startup/startup_rw612.o
                0x080089ea                Reserved137_IRQHandler
 .text.Reserved138_IRQHandler
                0x080089f2        0x8 ./startup/startup_rw612.o
                0x080089f2                Reserved138_IRQHandler
 .text.TRNG_IRQHandler
                0x080089fa        0x8 ./startup/startup_rw612.o
                0x080089fa                TRNG_IRQHandler
 .text.ACC_C_INT_IRQHandler
                0x08008a02        0x8 ./startup/startup_rw612.o
                0x08008a02                ACC_C_INT_IRQHandler
 .text.ACC_S_INT_IRQHandler
                0x08008a0a        0x8 ./startup/startup_rw612.o
                0x08008a0a                ACC_S_INT_IRQHandler
 .text.WACC_IRQHandler
                0x08008a12        0x8 ./startup/startup_rw612.o
                0x08008a12                WACC_IRQHandler
 .text.BACC_IRQHandler
                0x08008a1a        0x8 ./startup/startup_rw612.o
                0x08008a1a                BACC_IRQHandler
 .text.GDMA_IRQHandler
                0x08008a22        0x8 ./startup/startup_rw612.o
                0x08008a22                GDMA_IRQHandler
 .text.AES_init_ctx_iv
                0x08008a2a       0x2c ./source/aes.o
                0x08008a2a                AES_init_ctx_iv
 .text.AddRoundKey
                0x08008a56       0x78 ./source/aes.o
 .text.ShiftRows
                0x08008ace       0x84 ./source/aes.o
 .text.xtime    0x08008b52       0x3e ./source/aes.o
 .text.MixColumns
                0x08008b90      0x16a ./source/aes.o
 .text.Cipher   0x08008cfa       0x5c ./source/aes.o
 .text.XorWithIv
                0x08008d56       0x46 ./source/aes.o
 .text.AES_CBC_encrypt_buffer
                0x08008d9c       0x58 ./source/aes.o
                0x08008d9c                AES_CBC_encrypt_buffer
 .text.InitCrc32
                0x08008df4       0x36 ./source/crc.o
                0x08008df4                InitCrc32
 .text.ENET_ActiveRead
                0x08008e2a       0x1c ./source/ethernet.o
 .text.PHY_Init
                0x08008e46       0x28 ./source/ethernet.o
 .text.PHY_GetAutoNegotiationStatus
                0x08008e6e       0x20 ./source/ethernet.o
 .text.PHY_GetLinkStatus
                0x08008e8e       0x20 ./source/ethernet.o
 .text.PHY_GetLinkSpeedDuplex
                0x08008eae       0x24 ./source/ethernet.o
 .text.CRC_Get32bitResult
                0x08008ed2       0x18 ./source/ethernet.o
 .text.HardFault_Handler
                0x08008eea       0x36 ./source/semihost_hardfault.o
                0x08008eea                HardFault_Handler
 .text.CLOCK_GetClk32KFreq
                0x08008f20       0x12 ./drivers/fsl_clock.o
 .text.CLOCK_Delay
                0x08008f32       0x22 ./drivers/fsl_clock.o
 .text.CLOCK_SetClkDiv
                0x08008f54       0x78 ./drivers/fsl_clock.o
                0x08008f54                CLOCK_SetClkDiv
 .text.CLOCK_GetFFroFreq
                0x08008fcc        0xe ./drivers/fsl_clock.o
                0x08008fcc                CLOCK_GetFFroFreq
 .text.CLOCK_GetSFroFreq
                0x08008fda       0x10 ./drivers/fsl_clock.o
                0x08008fda                CLOCK_GetSFroFreq
 .text.DelayLoop
                0x08008fea       0x20 ./drivers/fsl_common_arm.o
 .text.CRC_Init
                0x0800900a       0x66 ./drivers/fsl_crc.o
                0x0800900a                CRC_Init
 .text.CRC_WriteData
                0x08009070       0x84 ./drivers/fsl_crc.o
                0x08009070                CRC_WriteData
 .text.EnableIRQ
                0x080090f4       0x32 ./drivers/fsl_enet.o
 .text.DisableGlobalIRQ
                0x08009126       0x22 ./drivers/fsl_enet.o
 .text.EnableGlobalIRQ
                0x08009148       0x20 ./drivers/fsl_enet.o
 .text.MEMORY_ConvertMemoryMapAddress
                0x08009168       0x74 ./drivers/fsl_enet.o
 .text.ENET_Reset
                0x080091dc       0x20 ./drivers/fsl_enet.o
 .text.ENET_GetSMI
                0x080091fc       0x26 ./drivers/fsl_enet.o
 .text.ENET_ReadSMIData
                0x08009222       0x1a ./drivers/fsl_enet.o
 .text.ENET_StartSMIWrite
                0x0800923c       0x52 ./drivers/fsl_enet.o
 .text.ENET_StartSMIRead
                0x0800928e       0x4e ./drivers/fsl_enet.o
 .text.ENET_EnableSleepMode
                0x080092dc       0x38 ./drivers/fsl_enet.o
 .text.ENET_EnableInterrupts
                0x08009314       0x22 ./drivers/fsl_enet.o
 .text.ENET_GetInterruptStatus
                0x08009336       0x18 ./drivers/fsl_enet.o
 .text.ENET_ClearInterruptStatus
                0x0800934e       0x1c ./drivers/fsl_enet.o
 .text.ENET_Init
                0x0800936a       0x4e ./drivers/fsl_enet.o
                0x0800936a                ENET_Init
 .text.ENET_SetMacAddr
                0x080093b8       0x5e ./drivers/fsl_enet.o
                0x080093b8                ENET_SetMacAddr
 .text.ENET_MDIOWaitTransferOver
                0x08009416       0x2a ./drivers/fsl_enet.o
 .text.ENET_MDIOWrite
                0x08009440       0x5e ./drivers/fsl_enet.o
                0x08009440                ENET_MDIOWrite
 .text.ENET_TxDirtyRingAvailable
                0x0800949e       0x2e ./drivers/fsl_enet.o
 .text.ENET_EnableStatistics
                0x080094cc       0x38 ./drivers/fsl_enet.o
                0x080094cc                ENET_EnableStatistics
 .text.FLEXCOMM_PeripheralIsPresent
                0x08009504       0x64 ./drivers/fsl_flexcomm.o
 .text.FLEXCOMM_SetPeriph
                0x08009568       0x74 ./drivers/fsl_flexcomm.o
 .text.GPIO_PinInit
                0x080095dc       0xa4 ./drivers/fsl_gpio.o
                0x080095dc                GPIO_PinInit
 .text.OCOTP_ReadSocOtp
                0x08009680       0x6a ./drivers/fsl_ocotp.o
                0x08009680                OCOTP_ReadSocOtp
 .text.DisableGlobalIRQ
                0x080096ea       0x22 ./drivers/fsl_power.o
 .text.EnableGlobalIRQ
                0x0800970c       0x20 ./drivers/fsl_power.o
 .text.RESET_PeripheralReset
                0x0800972c       0x22 ./drivers/fsl_reset.o
                0x0800972c                RESET_PeripheralReset
 .text.USART_EnableContinuousSCLK
                0x0800974e       0x38 ./drivers/fsl_usart.o
 .text.USART_SetRxTimeoutConfig
                0x08009786       0x68 ./drivers/fsl_usart.o
                0x08009786                USART_SetRxTimeoutConfig
 .text.getFFroFreq
                0x080097ee        0xe ./device/system_RW612.o
 .text.getSFroFreq
                0x080097fc       0x10 ./device/system_RW612.o
 .text.SystemInitHook
                0x0800980c        0xe ./device/system_RW612.o
                0x0800980c                SystemInitHook
 .text.HAL_UartGetStatus
                0x0800981a       0x22 ./component/uart/fsl_adapter_usart.o
 .text.HAL_UartInit
                0x0800983c       0x36 ./component/uart/fsl_adapter_usart.o
                0x0800983c                HAL_UartInit
 .text.PHY_KSZ8081_Write
                0x08009872       0x2a ./component/phy/fsl_phyksz8081.o
                0x08009872                PHY_KSZ8081_Write
 .text.PHY_KSZ8081_Read
                0x0800989c       0x28 ./component/phy/fsl_phyksz8081.o
                0x0800989c                PHY_KSZ8081_Read
 .text.PHY_KSZ8081_EnableLinkInterrupt
                0x080098c4       0xb6 ./component/phy/fsl_phyksz8081.o
                0x080098c4                PHY_KSZ8081_EnableLinkInterrupt
 .text.PHY_KSZ8081_ClearInterrupt
                0x0800997a       0x24 ./component/phy/fsl_phyksz8081.o
                0x0800997a                PHY_KSZ8081_ClearInterrupt
 .text.mcuxClEls_getSfrField
                0x0800999e       0x24 ./component/els_pkc/src/comps/mcuxClEls/src/mcuxClEls_Common.o
 .text.mcuxClEls_GlitchDetector_LoadConfig_Async
                0x080099c2       0x98 ./component/els_pkc/src/comps/mcuxClEls/src/mcuxClEls_GlitchDetector.o
                0x080099c2                mcuxClEls_GlitchDetector_LoadConfig_Async
 .text.BOARD_InitBootClocks
                0x08009a5a        0xc ./board/clock_config.o
                0x08009a5a                BOARD_InitBootClocks
 .text.GPIO_PinWrite
                0x08009a66       0x2a ./board/hardware_init.o
 .text.BOARD_InitBootPins
                0x08009a90        0xc ./board/pin_mux.o
                0x08009a90                BOARD_InitBootPins
 .text.__main   0x08009a9c        0xe C:/nxp/MCUXpressoIDE_24.12.148/ide/plugins/com.nxp.mcuxpresso.tools.win32_24.12.0.202407110909/tools/bin/../lib/gcc/arm-none-eabi/13.2.1/../../../../arm-none-eabi/lib/thumb/v8-m.main+fp/hard\libcr_nohost_nf.a(_cr__main.o)
                0x08009a9c                __main
 .text.memset   0x08009aaa        0x4 C:/nxp/MCUXpressoIDE_24.12.148/ide/plugins/com.nxp.mcuxpresso.tools.win32_24.12.0.202407110909/tools/bin/../lib/gcc/arm-none-eabi/13.2.1/../../../../arm-none-eabi/lib/thumb/v8-m.main+fp/hard\libcr_c.a(memset.o)
                0x08009aaa                memset
 .text.free     0x08009aae       0x30 C:/nxp/MCUXpressoIDE_24.12.148/ide/plugins/com.nxp.mcuxpresso.tools.win32_24.12.0.202407110909/tools/bin/../lib/gcc/arm-none-eabi/13.2.1/../../../../arm-none-eabi/lib/thumb/v8-m.main+fp/hard\libcr_c.a(alloc.o)
                0x08009aae                free
 .text.setvbuf  0x08009ade       0x3e C:/nxp/MCUXpressoIDE_24.12.148/ide/plugins/com.nxp.mcuxpresso.tools.win32_24.12.0.202407110909/tools/bin/../lib/gcc/arm-none-eabi/13.2.1/../../../../arm-none-eabi/lib/thumb/v8-m.main+fp/hard\libcr_c.a(setvbuf.o)
                0x08009ade                setvbuf
 .text.strcpy   0x08009b1c       0x42 C:/nxp/MCUXpressoIDE_24.12.148/ide/plugins/com.nxp.mcuxpresso.tools.win32_24.12.0.202407110909/tools/bin/../lib/gcc/arm-none-eabi/13.2.1/../../../../arm-none-eabi/lib/thumb/v8-m.main+fp/hard\libcr_c.a(strcpy.o)
                0x08009b1c                strcpy
 .text.strlen   0x08009b5e       0x4e C:/nxp/MCUXpressoIDE_24.12.148/ide/plugins/com.nxp.mcuxpresso.tools.win32_24.12.0.202407110909/tools/bin/../lib/gcc/arm-none-eabi/13.2.1/../../../../arm-none-eabi/lib/thumb/v8-m.main+fp/hard\libcr_c.a(strlen.o)
                0x08009b5e                strlen
 .text._deferredlazyseek
                0x08009bac       0x40 C:/nxp/MCUXpressoIDE_24.12.148/ide/plugins/com.nxp.mcuxpresso.tools.win32_24.12.0.202407110909/tools/bin/../lib/gcc/arm-none-eabi/13.2.1/../../../../arm-none-eabi/lib/thumb/v8-m.main+fp/hard\libcr_c.a(_deferredlazyseek.o)
                0x08009bac                _deferredlazyseek
 .text._fdopen  0x08009bec       0x68 C:/nxp/MCUXpressoIDE_24.12.148/ide/plugins/com.nxp.mcuxpresso.tools.win32_24.12.0.202407110909/tools/bin/../lib/gcc/arm-none-eabi/13.2.1/../../../../arm-none-eabi/lib/thumb/v8-m.main+fp/hard\libcr_c.a(_fdopen.o)
                0x08009bec                _fdopen
 .text._fflush  0x08009c54       0x52 C:/nxp/MCUXpressoIDE_24.12.148/ide/plugins/com.nxp.mcuxpresso.tools.win32_24.12.0.202407110909/tools/bin/../lib/gcc/arm-none-eabi/13.2.1/../../../../arm-none-eabi/lib/thumb/v8-m.main+fp/hard\libcr_c.a(_fflush.o)
                0x08009c54                _fflush
 .text.fclose   0x08009ca6       0x58 C:/nxp/MCUXpressoIDE_24.12.148/ide/plugins/com.nxp.mcuxpresso.tools.win32_24.12.0.202407110909/tools/bin/../lib/gcc/arm-none-eabi/13.2.1/../../../../arm-none-eabi/lib/thumb/v8-m.main+fp/hard\libcr_c.a(fclose.o)
                0x08009ca6                fclose
 .text.remove   0x08009cfe       0x14 C:/nxp/MCUXpressoIDE_24.12.148/ide/plugins/com.nxp.mcuxpresso.tools.win32_24.12.0.202407110909/tools/bin/../lib/gcc/arm-none-eabi/13.2.1/../../../../arm-none-eabi/lib/thumb/v8-m.main+fp/hard\libcr_c.a(remove.o)
                0x08009cfe                remove
 .text._do_fflush
                0x08009d12       0x40 C:/nxp/MCUXpressoIDE_24.12.148/ide/plugins/com.nxp.mcuxpresso.tools.win32_24.12.0.202407110909/tools/bin/../lib/gcc/arm-none-eabi/13.2.1/../../../../arm-none-eabi/lib/thumb/v8-m.main+fp/hard\libcr_c.a(_do_fflush.o)
                0x08009d12                _do_fflush
 .text.__aeabi_division_ldivmod
                0x08009d52       0x26 C:/nxp/MCUXpressoIDE_24.12.148/ide/plugins/com.nxp.mcuxpresso.tools.win32_24.12.0.202407110909/tools/bin/../lib/gcc/arm-none-eabi/13.2.1/thumb/v8-m.main+fp/hard\libcr_eabihelpers.a(division_64.o)
                0x08009d52                __aeabi_ldivmod
 .text.__aeabi_division_uldivmod
                0x08009d78      0x174 C:/nxp/MCUXpressoIDE_24.12.148/ide/plugins/com.nxp.mcuxpresso.tools.win32_24.12.0.202407110909/tools/bin/../lib/gcc/arm-none-eabi/13.2.1/thumb/v8-m.main+fp/hard\libcr_eabihelpers.a(division_64.o)
                0x08009d78                __aeabi_uldivmod
                0x08009d7c                __bhs_ldivmod1
 .text.__aeabi_division_idiv0
                0x08009eec        0x2 C:/nxp/MCUXpressoIDE_24.12.148/ide/plugins/com.nxp.mcuxpresso.tools.win32_24.12.0.202407110909/tools/bin/../lib/gcc/arm-none-eabi/13.2.1/thumb/v8-m.main+fp/hard\libcr_eabihelpers.a(division_idiv0.o)
                0x08009eec                __aeabi_idiv0
 .text.__aeabi_memset_lowlevel
                0x08009eee       0x32 C:/nxp/MCUXpressoIDE_24.12.148/ide/plugins/com.nxp.mcuxpresso.tools.win32_24.12.0.202407110909/tools/bin/../lib/gcc/arm-none-eabi/13.2.1/thumb/v8-m.main+fp/hard\libcr_eabihelpers.a(memcpy.o)
                0x08009eee                __aeabi_lowlevel_memset
 .text.__sys_close
                0x08009f20        0x6 C:/nxp/MCUXpressoIDE_24.12.148/ide/plugins/com.nxp.mcuxpresso.tools.win32_24.12.0.202407110909/tools/bin/../lib/gcc/arm-none-eabi/13.2.1/../../../../arm-none-eabi/lib/thumb/v8-m.main+fp/hard\libcr_nohost_nf.a(__sys_close.o)
                0x08009f20                __sys_close
 .text.__sys_flen
                0x08009f26        0x6 C:/nxp/MCUXpressoIDE_24.12.148/ide/plugins/com.nxp.mcuxpresso.tools.win32_24.12.0.202407110909/tools/bin/../lib/gcc/arm-none-eabi/13.2.1/../../../../arm-none-eabi/lib/thumb/v8-m.main+fp/hard\libcr_nohost_nf.a(__sys_flen.o)
                0x08009f26                __sys_flen
 .text.__sys_istty
                0x08009f2c        0x6 C:/nxp/MCUXpressoIDE_24.12.148/ide/plugins/com.nxp.mcuxpresso.tools.win32_24.12.0.202407110909/tools/bin/../lib/gcc/arm-none-eabi/13.2.1/../../../../arm-none-eabi/lib/thumb/v8-m.main+fp/hard\libcr_nohost_nf.a(__sys_istty.o)
                0x08009f2c                __sys_istty
 .text.__sys_remove
                0x08009f32        0x6 C:/nxp/MCUXpressoIDE_24.12.148/ide/plugins/com.nxp.mcuxpresso.tools.win32_24.12.0.202407110909/tools/bin/../lib/gcc/arm-none-eabi/13.2.1/../../../../arm-none-eabi/lib/thumb/v8-m.main+fp/hard\libcr_nohost_nf.a(__sys_remove.o)
                0x08009f32                __sys_remove
 .text.__sys_seek
                0x08009f38        0x6 C:/nxp/MCUXpressoIDE_24.12.148/ide/plugins/com.nxp.mcuxpresso.tools.win32_24.12.0.202407110909/tools/bin/../lib/gcc/arm-none-eabi/13.2.1/../../../../arm-none-eabi/lib/thumb/v8-m.main+fp/hard\libcr_nohost_nf.a(__sys_seek.o)
                0x08009f38                __sys_seek
 .text.__sys_tmpnam
                0x08009f3e        0x6 C:/nxp/MCUXpressoIDE_24.12.148/ide/plugins/com.nxp.mcuxpresso.tools.win32_24.12.0.202407110909/tools/bin/../lib/gcc/arm-none-eabi/13.2.1/../../../../arm-none-eabi/lib/thumb/v8-m.main+fp/hard\libcr_nohost_nf.a(__sys_tmpnam.o)
                0x08009f3e                __sys_tmpnam
 .text.__sys_write
                0x08009f44        0x4 C:/nxp/MCUXpressoIDE_24.12.148/ide/plugins/com.nxp.mcuxpresso.tools.win32_24.12.0.202407110909/tools/bin/../lib/gcc/arm-none-eabi/13.2.1/../../../../arm-none-eabi/lib/thumb/v8-m.main+fp/hard\libcr_nohost_nf.a(__sys_write.o)
                0x08009f44                __sys_write
 .text.__sys_write.__stub
                0x08009f48       0x20 linker stubs
 *(SORT_BY_ALIGNMENT(.rodata) SORT_BY_ALIGNMENT(.rodata.*) SORT_BY_ALIGNMENT(.constdata) SORT_BY_ALIGNMENT(.constdata.*))
 .rodata.__assertion_failed.str1.4
                0x08009f68     0x1761 ./utilities/fsl_assert.o
                                 0x14 (size before relaxing)
 *fill*         0x0800b6c9        0x3 ff
 .rodata.sbox   0x0800b6cc      0x100 ./source/aes.o
 .rodata.Rcon   0x0800b7cc        0xb ./source/aes.o
 .rodata.str1.4
                0x0800b7d7      0x198 ./source/ethernet.o
 .rodata.ENET_BuildBroadCastFrame.str1.4
                0x0800b7d7       0x25 ./source/ethernet.o
 .rodata.ethernet_Init.str1.4
                0x0800b7d7       0xcb ./source/ethernet.o
 *fill*         0x0800b7d7        0x1 ff
 .rodata        0x0800b7d8       0x20 ./source/ethernet.o
 .rodata.ethernet_Send.str1.4
                0x0800b7f8       0x98 ./source/ethernet.o
 .rodata.ethernet_Received.str1.4
                0x0800b7f8       0xe3 ./source/ethernet.o
 .rodata.main.str1.4
                0x0800b7f8       0x28 ./source/ethernet.o
 .rodata.s_avpllFreq
                0x0800b7f8       0x2c ./drivers/fsl_clock.o
 .rodata.s_avpllFreqOff
                0x0800b824       0x2c ./drivers/fsl_clock.o
 .rodata.s_avpllPostDiv
                0x0800b850       0x2c ./drivers/fsl_clock.o
 .rodata.s_avpllPostDiv0p5
                0x0800b87c       0x2c ./drivers/fsl_clock.o
 .rodata.CLOCK_GetT3PllMciIrcClkFreq.str1.4
                0x0800b8a8       0x18 ./drivers/fsl_clock.o
 .rodata.CLOCK_GetTcpuFvcoFreq.str1.4
                0x0800b8a8       0x18 ./drivers/fsl_clock.o
 .rodata.CLOCK_EnableClock.str1.4
                0x0800b8a8       0x18 ./drivers/fsl_clock.o
 .rodata.CLOCK_DisableClock.str1.4
                0x0800b8a8       0x18 ./drivers/fsl_clock.o
 .rodata.CLOCK_GetFRGClock.str1.4
                0x0800b8a8       0x18 ./drivers/fsl_clock.o
 .rodata.CLOCK_SetFRGClock.str1.4
                0x0800b8a8       0x60 ./drivers/fsl_clock.o
 .rodata.CLOCK_GetFlexCommClkFreq.str1.4
                0x0800b8a8       0x18 ./drivers/fsl_clock.o
 .rodata.CLOCK_CfgTcpuRefClk.str1.4
                0x0800b8a8       0x19 ./drivers/fsl_clock.o
 .rodata.CLOCK_InitAvPll.str1.4
                0x0800b8a8       0x18 ./drivers/fsl_clock.o
 .rodata.SDK_DelayAtLeastUs.str1.4
                0x0800b8a8       0x2b ./drivers/fsl_common_arm.o
 .rodata.s_enetClock
                0x0800b8a8        0x4 ./drivers/fsl_enet.o
                0x0800b8a8                s_enetClock
 .rodata.s_enetExtraClock
                0x0800b8ac        0x4 ./drivers/fsl_enet.o
                0x0800b8ac                s_enetExtraClock
 .rodata.s_enetResets
                0x0800b8b0        0x4 ./drivers/fsl_enet.o
 .rodata.ENET_GetInstance.str1.4
                0x0800b8b4       0x34 ./drivers/fsl_enet.o
 .rodata.ENET_GetDefaultConfig.str1.4
                0x0800b8b4       0x20 ./drivers/fsl_enet.o
 .rodata.ENET_Up.str1.4
                0x0800b8b4       0xe0 ./drivers/fsl_enet.o
 .rodata.ENET_SetHandler.str1.4
                0x0800b8b4       0x58 ./drivers/fsl_enet.o
 .rodata.ENET_SetTxBufferDescriptors.str1.4
                0x0800b8b4       0x60 ./drivers/fsl_enet.o
 .rodata.ENET_SetRxBufferDescriptors.str1.4
                0x0800b8b4       0x96 ./drivers/fsl_enet.o
 .rodata.ENET_RxBufferFreeAll.str1.4
                0x0800b8b4       0x67 ./drivers/fsl_enet.o
 .rodata.ENET_ActiveReadRing.str1.4
                0x0800b8b4       0x64 ./drivers/fsl_enet.o
 .rodata.ENET_ActiveSendRing.str1.4
                0x0800b8b4       0x4b ./drivers/fsl_enet.o
 .rodata.ENET_SetSMI.str1.4
                0x0800b8b4       0x45 ./drivers/fsl_enet.o
 .rodata.ENET_MDIORead.str1.4
                0x0800b8b4       0x20 ./drivers/fsl_enet.o
 .rodata.ENET_IncreaseIndex.str1.4
                0x0800b8b4       0x1e ./drivers/fsl_enet.o
 .rodata.ENET_GetRxErrBeforeReadFrame.str1.4
                0x0800b8b4       0x87 ./drivers/fsl_enet.o
 .rodata.ENET_GetRxFrameSize.str1.4
                0x0800b8b4       0x83 ./drivers/fsl_enet.o
 .rodata.ENET_ReadFrame.str1.4
                0x0800b8b4       0x6f ./drivers/fsl_enet.o
 .rodata.ENET_UpdateReadBuffers.str1.4
                0x0800b8b4       0x6f ./drivers/fsl_enet.o
 .rodata.ENET_SendFrame.str1.4
                0x0800b8b4       0x8f ./drivers/fsl_enet.o
 .rodata.ENET_ReclaimTxDescriptor.str1.4
                0x0800b8b4       0x4b ./drivers/fsl_enet.o
 .rodata.ENET_TransmitIRQHandler.str1.4
                0x0800b8b4       0x21 ./drivers/fsl_enet.o
 .rodata.ENET_ReceiveIRQHandler.str1.4
                0x0800b8b4       0x21 ./drivers/fsl_enet.o
 .rodata.ENET_ErrorIRQHandler.str1.4
                0x0800b8b4       0x21 ./drivers/fsl_enet.o
 .rodata.s_flexcommBaseAddrs
                0x0800b8b4       0x14 ./drivers/fsl_flexcomm.o
 .rodata.s_flexcommClocks
                0x0800b8c8       0x14 ./drivers/fsl_flexcomm.o
 .rodata.s_flexcommResets
                0x0800b8dc        0xa ./drivers/fsl_flexcomm.o
 .rodata.FLEXCOMM_GetInstance.str1.4
                0x0800b8e6       0x41 ./drivers/fsl_flexcomm.o
 .rodata.FLEXCOMM0_DriverIRQHandler.str1.4
                0x0800b8e6       0x3c ./drivers/fsl_flexcomm.o
 .rodata.FLEXCOMM1_DriverIRQHandler.str1.4
                0x0800b8e6       0x3c ./drivers/fsl_flexcomm.o
 .rodata.FLEXCOMM2_DriverIRQHandler.str1.4
                0x0800b8e6       0x3c ./drivers/fsl_flexcomm.o
 .rodata.FLEXCOMM3_DriverIRQHandler.str1.4
                0x0800b8e6       0x3c ./drivers/fsl_flexcomm.o
 .rodata.FLEXCOMM14_DriverIRQHandler.str1.4
                0x0800b8e6       0x3c ./drivers/fsl_flexcomm.o
 *fill*         0x0800b8e6        0x2 ff
 .rodata.s_gpioClockName
                0x0800b8e8        0x8 ./drivers/fsl_gpio.o
 .rodata.s_gpioResets
                0x0800b8f0        0x4 ./drivers/fsl_gpio.o
 .rodata.GPIO_EnablePortClock.str1.4
                0x0800b8f4       0x33 ./drivers/fsl_gpio.o
 .rodata.OCOTP_ReadSVC.str1.4
                0x0800b8f4       0x1e ./drivers/fsl_ocotp.o
 .rodata.OCOTP_ReadPackage.str1.4
                0x0800b8f4       0x1f ./drivers/fsl_ocotp.o
 .rodata.str1.4
                0x0800b8f4      0x127 ./drivers/fsl_power.o
 .rodata.s_droTable
                0x0800b8f4       0x13 ./drivers/fsl_power.o
 .rodata.POWER_GetThresholdParams.str1.4
                0x0800b907       0x60 ./drivers/fsl_power.o
 .rodata.POWER_SaveNvicState.str1.4
                0x0800b907       0x76 ./drivers/fsl_power.o
 .rodata.POWER_EnableWakeup.str1.4
                0x0800b907       0x24 ./drivers/fsl_power.o
 .rodata.Power_InitLoadGdetCfg.str1.4
                0x0800b907       0x62 ./drivers/fsl_power.o
 .rodata.POWER_InitVoltage.str1.4
                0x0800b907       0x46 ./drivers/fsl_power.o
 .rodata.POWER_TrimSvc.str1.4
                0x0800b907       0x1e ./drivers/fsl_power.o
 .rodata.RESET_SetPeripheralReset.str1.4
                0x0800b907       0x1e ./drivers/fsl_reset.o
 .rodata.RESET_ClearPeripheralReset.str1.4
                0x0800b907       0x1f ./drivers/fsl_reset.o
 .rodata.USART_Init.str1.4
                0x0800b907       0x4f ./drivers/fsl_usart.o
 .rodata.USART_GetDefaultConfig.str1.4
                0x0800b907       0x21 ./drivers/fsl_usart.o
 .rodata.USART_SetBaudRate.str1.4
                0x0800b907       0x53 ./drivers/fsl_usart.o
 .rodata.USART_WriteBlocking.str1.4
                0x0800b907       0x36 ./drivers/fsl_usart.o
 .rodata.USART_ReadBlocking.str1.4
                0x0800b907       0x36 ./drivers/fsl_usart.o
 *fill*         0x0800b907        0x1 ff
 .rodata.s_UsartAdapterBase
                0x0800b908       0x14 ./component/uart/fsl_adapter_usart.o
 .rodata.HAL_UartInitCommon.str1.4
                0x0800b91c       0xeb ./component/uart/fsl_adapter_usart.o
 .rodata.HAL_UartReceiveBlocking.str1.4
                0x0800b91c       0x65 ./component/uart/fsl_adapter_usart.o
 .rodata.HAL_UartSendBlocking.str1.4
                0x0800b91c       0x65 ./component/uart/fsl_adapter_usart.o
 .rodata.phyksz8081_ops
                0x0800b91c       0x30 ./component/phy/fsl_phyksz8081.o
                0x0800b91c                phyksz8081_ops
 .rodata.PHY_KSZ8081_Init.str1.4
                0x0800b94c       0x37 ./component/phy/fsl_phyksz8081.o
 .rodata.PHY_KSZ8081_GetAutoNegotiationStatus.str1.4
                0x0800b94c       0x1e ./component/phy/fsl_phyksz8081.o
 .rodata.PHY_KSZ8081_GetLinkStatus.str1.4
                0x0800b94c       0x1e ./component/phy/fsl_phyksz8081.o
 .rodata.PHY_KSZ8081_GetLinkSpeedDuplex.str1.4
                0x0800b94c       0x3e ./component/phy/fsl_phyksz8081.o
 .rodata.PHY_KSZ8081_SetLinkSpeedDuplex.str1.4
                0x0800b94c       0x2f ./component/phy/fsl_phyksz8081.o
 .rodata.PHY_KSZ8081_EnableLoopback.str1.4
                0x0800b94c       0x8f ./component/phy/fsl_phyksz8081.o
 .rodata        0x0800b94c       0x24 ./board/board.o
 .rodata.ConfigSvcSensor.str1.4
                0x0800b970       0x28 ./board/board.o
 .rodata.avpllConfig_BOARD_BootClockRUN
                0x0800b970        0x3 ./board/clock_config.o
                0x0800b970                avpllConfig_BOARD_BootClockRUN
 .rodata.IO_MUX_SetPinMux.str1.4
                0x0800b973       0x78 ./board/pin_mux.o
 .rodata.IO_MUX_SetPinConfig.str1.4
                0x0800b973       0x55 ./board/pin_mux.o
 *fill*         0x0800b973        0x1 ff
 .rodata        0x0800b974        0x2 ./board/pin_mux.o
 *fill*         0x0800b976        0x2 ff
 .rodata.__num_Ciob_streams
                0x0800b978        0x4 C:/nxp/MCUXpressoIDE_24.12.148/ide/plugins/com.nxp.mcuxpresso.tools.win32_24.12.0.202407110909/tools/bin/../lib/gcc/arm-none-eabi/13.2.1/../../../../arm-none-eabi/lib/thumb/v8-m.main+fp/hard\libcr_nohost_nf.a(__ciob.o)
                0x0800b978                __num_Ciob_streams
 .rodata._initio.str1.1
                0x0800b97c        0x4 C:/nxp/MCUXpressoIDE_24.12.148/ide/plugins/com.nxp.mcuxpresso.tools.win32_24.12.0.202407110909/tools/bin/../lib/gcc/arm-none-eabi/13.2.1/../../../../arm-none-eabi/lib/thumb/v8-m.main+fp/hard\libcr_c.a(initio.o)
                0x0800b980                        . = ALIGN (0x4)

.glue_7         0x0800b980        0x0
 .glue_7        0x0800b980        0x0 linker stubs

.glue_7t        0x0800b980        0x0
 .glue_7t       0x0800b980        0x0 linker stubs

.vfp11_veneer   0x0800b980        0x0
 .vfp11_veneer  0x0800b980        0x0 linker stubs

.v4_bx          0x0800b980        0x0
 .v4_bx         0x0800b980        0x0 linker stubs

.iplt           0x0800b980        0x0
 .iplt          0x0800b980        0x0 ./utilities/debug_console_lite/fsl_debug_console.o

.rel.dyn        0x0800b980        0x0
 .rel.iplt      0x0800b980        0x0 ./utilities/debug_console_lite/fsl_debug_console.o

.ARM.extab
 *(SORT_BY_ALIGNMENT(.ARM.extab*) SORT_BY_ALIGNMENT(.gnu.linkonce.armextab.*))

.ARM.exidx      0x0800b980        0x0
                0x0800b980                        __exidx_start = .
 *(SORT_BY_ALIGNMENT(.ARM.exidx*) SORT_BY_ALIGNMENT(.gnu.linkonce.armexidx.*))
                0x0800b980                        __exidx_end = .
                0x0800b980                        _etext = .

.uninit_RESERVED
                0x20000000        0x0
                0x20000000                        _start_uninit_RESERVED = .
 *(SORT_BY_ALIGNMENT(.bss.$RESERVED*))
                0x20000000                        . = ALIGN (0x4)
                0x20000000                        _end_uninit_RESERVED = .

.data           0x20000000      0xc14 load address 0x0800b980
 FILL mask 0xff
                0x20000000                        _data = .
                [!provide]                        PROVIDE (__start_data_RAM = .)
                [!provide]                        PROVIDE (__start_data_SRAM = .)
 *(SORT_BY_ALIGNMENT(vtable))
 *(SORT_BY_ALIGNMENT(.ramfunc*))
 *(SORT_BY_ALIGNMENT(CodeQuickAccess))
 CodeQuickAccess
                0x20000000      0x9e0 ./drivers/fsl_power.o
                0x20000000                POWER_SetSleepMode
                0x20000060                POWER_EnterPowerMode
                0x200000cc                POWER_DisableGDetVSensors
                0x20000230                POWER_EnableGDetVSensors
 CodeQuickAccess
                0x200009e0      0x1a0 ./board/board.o
                0x200009e0                BOARD_SetFlexspiClock
                0x20000a68                BOARD_DeinitFlash
                0x20000ac0                BOARD_InitFlash
 CodeQuickAccess.__stub
                0x20000b80       0x38 linker stubs
 *(SORT_BY_ALIGNMENT(DataQuickAccess))
 *(SORT_BY_ALIGNMENT(RamFunction))
 *(SORT_BY_ALIGNMENT(.data*))
 .data.phrase   0x20000bb8       0x40 ./source/ethernet.o
                0x20000bb8                phrase
 .data.g_macAddr_src
                0x20000bf8        0x6 ./source/ethernet.o
                0x20000bf8                g_macAddr_src
 *fill*         0x20000bfe        0x2 ff
 .data.ethConfig
                0x20000c00        0xc ./source/ethernet.o
                0x20000c00                ethConfig
 .data.base     0x20000c0c        0x4 ./source/ethernet.o
                0x20000c0c                base
 .data.SystemCoreClock
                0x20000c10        0x4 ./device/system_RW612.o
                0x20000c10                SystemCoreClock
                0x20000c14                        . = ALIGN (0x4)
                0x20000c14                        _edata = .
                [!provide]                        PROVIDE (__end_data_RAM = .)
                [!provide]                        PROVIDE (__end_data_SRAM = .)

.igot.plt       0x20000c14        0x0 load address 0x0800c594
 .igot.plt      0x20000c14        0x0 ./utilities/debug_console_lite/fsl_debug_console.o

.bss            0x20000c40     0x3788
                0x20000c40                        _bss = .
                [!provide]                        PROVIDE (__start_bss_RAM = .)
                [!provide]                        PROVIDE (__start_bss_SRAM = .)
 *(SORT_BY_ALIGNMENT(.bss*))
 .bss.g_rxBuffDescrip
                0x20000c40       0x20 ./source/ethernet.o
                0x20000c40                g_rxBuffDescrip
 *fill*         0x20000c60       0x20 
 .bss.g_txBuffDescrip
                0x20000c80       0x20 ./source/ethernet.o
                0x20000c80                g_txBuffDescrip
 *fill*         0x20000ca0       0x20 
 .bss.g_rxDataBuff
                0x20000cc0     0x1800 ./source/ethernet.o
                0x20000cc0                g_rxDataBuff
 .bss.g_txDataBuff
                0x200024c0     0x1800 ./source/ethernet.o
                0x200024c0                g_txDataBuff
 .bss.s_debugConsole
                0x20003cc0       0x14 ./utilities/debug_console_lite/fsl_debug_console.o
 .bss.g_handle  0x20003cd4       0x7c ./source/ethernet.o
 .bss.g_frame   0x20003d50      0x3f6 ./source/ethernet.o
 *fill*         0x20004146        0x2 
 .bss.phyHandle
                0x20004148        0xc ./source/ethernet.o
 .bss.testTxNum
                0x20004154        0x4 ./source/ethernet.o
                0x20004154                testTxNum
 .bss.g_clkinFreq
                0x20004158        0x4 ./drivers/fsl_clock.o
                0x20004158                g_clkinFreq
 .bss.g_mclkinFreq
                0x2000415c        0x4 ./drivers/fsl_clock.o
                0x2000415c                g_mclkinFreq
 .bss.s_ENETHandle
                0x20004160        0x4 ./drivers/fsl_enet.o
 .bss.s_enetTxIsr
                0x20004164        0x4 ./drivers/fsl_enet.o
 .bss.s_enetRxIsr
                0x20004168        0x4 ./drivers/fsl_enet.o
 .bss.s_enetErrIsr
                0x2000416c        0x4 ./drivers/fsl_enet.o
 .bss.s_enetTsIsr
                0x20004170        0x4 ./drivers/fsl_enet.o
 .bss.s_enet1588TimerIsr
                0x20004174        0x4 ./drivers/fsl_enet.o
 .bss.s_flexcommIrqHandler
                0x20004178       0x14 ./drivers/fsl_flexcomm.o
 .bss.s_flexcommHandle
                0x2000418c       0x14 ./drivers/fsl_flexcomm.o
 .bss.s_flexspiHandle
                0x200041a0        0x4 ./drivers/fsl_flexspi.o
 .bss.s_flexspiIsr
                0x200041a4        0x4 ./drivers/fsl_flexspi.o
 .bss.s_nvicContext
                0x200041a8       0xec ./drivers/fsl_power.o
 .bss.s_systickContext
                0x20004294        0x8 ./drivers/fsl_power.o
 .bss.s_clockContext
                0x2000429c        0x4 ./drivers/fsl_power.o
 .bss.s_gdetSensorContext
                0x200042a0       0x28 ./drivers/fsl_power.o
 .bss.s_captPulseCb
                0x200042c8        0x4 ./drivers/fsl_power.o
 .bss.s_captPulseCbParam
                0x200042cc        0x4 ./drivers/fsl_power.o
 .bss.s_preSwitch
                0x200042d0        0x4 ./drivers/fsl_power.o
 .bss.s_preSwitchParam
                0x200042d4        0x4 ./drivers/fsl_power.o
 .bss.s_postSwitch
                0x200042d8        0x4 ./drivers/fsl_power.o
 .bss.s_postSwitchParam
                0x200042dc        0x4 ./drivers/fsl_power.o
 .bss.s_gdetCfgloadFunc
                0x200042e0        0x4 ./drivers/fsl_power.o
 .bss.s_gdetCfgData
                0x200042e4       0x1c ./drivers/fsl_power.o
 .bss.g_phy_resource
                0x20004300        0x8 ./board/hardware_init.o
                0x20004300                g_phy_resource
 .bss.errno     0x20004308        0x4 C:/nxp/MCUXpressoIDE_24.12.148/ide/plugins/com.nxp.mcuxpresso.tools.win32_24.12.0.202407110909/tools/bin/../lib/gcc/arm-none-eabi/13.2.1/../../../../arm-none-eabi/lib/thumb/v8-m.main+fp/hard\libcr_c.a(errno.o)
                0x20004308                errno
 .bss.__end_of_heap
                0x2000430c        0x4 C:/nxp/MCUXpressoIDE_24.12.148/ide/plugins/com.nxp.mcuxpresso.tools.win32_24.12.0.202407110909/tools/bin/../lib/gcc/arm-none-eabi/13.2.1/../../../../arm-none-eabi/lib/thumb/v8-m.main+fp/hard\libcr_c.a(__init_alloc.o)
                0x2000430c                __end_of_heap
 .bss.__heaps   0x20004310        0x4 C:/nxp/MCUXpressoIDE_24.12.148/ide/plugins/com.nxp.mcuxpresso.tools.win32_24.12.0.202407110909/tools/bin/../lib/gcc/arm-none-eabi/13.2.1/../../../../arm-none-eabi/lib/thumb/v8-m.main+fp/hard\libcr_c.a(__init_alloc.o)
                0x20004310                __heaps
 .bss.__Ciob    0x20004314       0xb4 C:/nxp/MCUXpressoIDE_24.12.148/ide/plugins/com.nxp.mcuxpresso.tools.win32_24.12.0.202407110909/tools/bin/../lib/gcc/arm-none-eabi/13.2.1/../../../../arm-none-eabi/lib/thumb/v8-m.main+fp/hard\libcr_nohost_nf.a(__ciob.o)
                0x20004314                __Ciob
 *(SORT_BY_ALIGNMENT(COMMON))
                0x200043c8                        . = ALIGN (0x4)
                0x200043c8                        _ebss = .
                [!provide]                        PROVIDE (__end_bss_RAM = .)
                [!provide]                        PROVIDE (__end_bss_SRAM = .)
                [!provide]                        PROVIDE (end = .)

.noinit         0x200043c8        0x0
                0x200043c8                        _noinit = .
                [!provide]                        PROVIDE (__start_noinit_RAM = .)
                [!provide]                        PROVIDE (__start_noinit_SRAM = .)
 *(SORT_BY_ALIGNMENT(.noinit*))
                0x200043c8                        . = ALIGN (0x4)
                0x200043c8                        _end_noinit = .
                [!provide]                        PROVIDE (__end_noinit_RAM = .)
                [!provide]                        PROVIDE (__end_noinit_SRAM = .)
                0x00001000                        _HeapSize = 0x1000

.heap           0x200043c8     0x1000
                0x200043c8                        _pvHeapStart = .
                0x200053c8                        . = (. + _HeapSize)
 *fill*         0x200043c8     0x1000 
                0x200053c8                        . = ALIGN (0x4)
                0x200053c8                        _pvHeapLimit = .
                0x00001000                        _StackSize = 0x1000

.heap2stackfill
                0x200053c8     0x1000
                0x200063c8                        . = (. + _StackSize)
 *fill*         0x200053c8     0x1000 

.stack          0x2012f000        0x0
                0x2012f000                        _vStackBase = .
                0x2012f000                        . = ALIGN (0x4)
                0x20130000                        _vStackTop = (. + _StackSize)
                0x08001000                        _image_start = LOADADDR (.text)
                0x0800c594                        _image_end = (LOADADDR (.data) + SIZEOF (.data))
                0x0000b594                        _image_size = (_image_end - _image_start)
OUTPUT(ethernet.axf elf32-littlearm)
LOAD linker stubs

.debug_info     0x00000000    0x26ecc
 .debug_info    0x00000000      0xd8d ./utilities/debug_console_lite/fsl_debug_console.o
 .debug_info    0x00000d8d      0x12e ./utilities/fsl_assert.o
 .debug_info    0x00000ebb       0x24 ./utilities/fsl_memcpy.o
 .debug_info    0x00000edf     0x11bf ./startup/startup_rw612.o
 .debug_info    0x0000209e      0x7ba ./source/aes.o
 .debug_info    0x00002858      0x286 ./source/crc.o
 .debug_info    0x00002ade     0x1f8b ./source/ethernet.o
 .debug_info    0x00004a69       0x3c ./source/semihost_hardfault.o
 .debug_info    0x00004aa5      0x815 ./flash_config/flash_config.o
 .debug_info    0x000052ba     0x3524 ./drivers/fsl_clock.o
 .debug_info    0x000087de      0x38b ./drivers/fsl_common_arm.o
 .debug_info    0x00008b69      0x6d2 ./drivers/fsl_crc.o
 .debug_info    0x0000923b     0x3db5 ./drivers/fsl_enet.o
 .debug_info    0x0000cff0      0xeee ./drivers/fsl_flexcomm.o
 .debug_info    0x0000dede     0x2650 ./drivers/fsl_flexspi.o
 .debug_info    0x0001052e      0xe3c ./drivers/fsl_gpio.o
 .debug_info    0x0001136a      0xe12 ./drivers/fsl_ocotp.o
 .debug_info    0x0001217c     0x4bec ./drivers/fsl_power.o
 .debug_info    0x00016d68      0x48e ./drivers/fsl_reset.o
 .debug_info    0x000171f6     0x1c6f ./drivers/fsl_usart.o
 .debug_info    0x00018e65     0x1569 ./device/system_RW612.o
 .debug_info    0x0001a3ce      0xd90 ./component/uart/fsl_adapter_usart.o
 .debug_info    0x0001b15e      0xc23 ./component/phy/fsl_phyksz8081.o
 .debug_info    0x0001bd81      0xf1e ./component/els_pkc/src/comps/mcuxClEls/src/mcuxClEls_Common.o
 .debug_info    0x0001cc9f      0x68f ./component/els_pkc/src/comps/mcuxClEls/src/mcuxClEls_GlitchDetector.o