Archive member included to satisfy reference by file (symbol)

C:/nxp/MCUXpressoIDE_24.12.148/ide/plugins/com.nxp.mcuxpresso.tools.win32_24.12.0.202407110909/tools/bin/../lib/gcc/arm-none-eabi/13.2.1/../../../../arm-none-eabi/lib/thumb/v8-m.main+fp/hard\libcr_nohost_nf.a(_cr__main.o)
                              ./startup/startup_rw612.o (__main)
C:/nxp/MCUXpressoIDE_24.12.148/ide/plugins/com.nxp.mcuxpresso.tools.win32_24.12.0.202407110909/tools/bin/../lib/gcc/arm-none-eabi/13.2.1/../../../../arm-none-eabi/lib/thumb/v8-m.main+fp/hard\libcr_c.a(memset.o)
                              ./drivers/fsl_cache.o (memset)
C:/nxp/MCUXpressoIDE_24.12.148/ide/plugins/com.nxp.mcuxpresso.tools.win32_24.12.0.202407110909/tools/bin/../lib/gcc/arm-none-eabi/13.2.1/../../../../arm-none-eabi/lib/thumb/v8-m.main+fp/hard\libcr_c.a(alloc.o)
                              ./source/enet_txrx_transfer.o (malloc)
C:/nxp/MCUXpressoIDE_24.12.148/ide/plugins/com.nxp.mcuxpresso.tools.win32_24.12.0.202407110909/tools/bin/../lib/gcc/arm-none-eabi/13.2.1/../../../../arm-none-eabi/lib/thumb/v8-m.main+fp/hard\libcr_c.a(errno.o)
                              ./utilities/str/fsl_str.o (errno)
C:/nxp/MCUXpressoIDE_24.12.148/ide/plugins/com.nxp.mcuxpresso.tools.win32_24.12.0.202407110909/tools/bin/../lib/gcc/arm-none-eabi/13.2.1/../../../../arm-none-eabi/lib/thumb/v8-m.main+fp/hard\libcr_c.a(initio.o)
                              C:/nxp/MCUXpressoIDE_24.12.148/ide/plugins/com.nxp.mcuxpresso.tools.win32_24.12.0.202407110909/tools/bin/../lib/gcc/arm-none-eabi/13.2.1/../../../../arm-none-eabi/lib/thumb/v8-m.main+fp/hard\libcr_nohost_nf.a(_cr__main.o) (_initio)
C:/nxp/MCUXpressoIDE_24.12.148/ide/plugins/com.nxp.mcuxpresso.tools.win32_24.12.0.202407110909/tools/bin/../lib/gcc/arm-none-eabi/13.2.1/../../../../arm-none-eabi/lib/thumb/v8-m.main+fp/hard\libcr_c.a(scanf.o)
                              ./utilities/str/fsl_str.o (strtoul)
C:/nxp/MCUXpressoIDE_24.12.148/ide/plugins/com.nxp.mcuxpresso.tools.win32_24.12.0.202407110909/tools/bin/../lib/gcc/arm-none-eabi/13.2.1/../../../../arm-none-eabi/lib/thumb/v8-m.main+fp/hard\libcr_c.a(setvbuf.o)
                              C:/nxp/MCUXpressoIDE_24.12.148/ide/plugins/com.nxp.mcuxpresso.tools.win32_24.12.0.202407110909/tools/bin/../lib/gcc/arm-none-eabi/13.2.1/../../../../arm-none-eabi/lib/thumb/v8-m.main+fp/hard\libcr_c.a(initio.o) (setvbuf)
C:/nxp/MCUXpressoIDE_24.12.148/ide/plugins/com.nxp.mcuxpresso.tools.win32_24.12.0.202407110909/tools/bin/../lib/gcc/arm-none-eabi/13.2.1/../../../../arm-none-eabi/lib/thumb/v8-m.main+fp/hard\libcr_c.a(strlen.o)
                              ./utilities/str/fsl_str.o (strlen)
C:/nxp/MCUXpressoIDE_24.12.148/ide/plugins/com.nxp.mcuxpresso.tools.win32_24.12.0.202407110909/tools/bin/../lib/gcc/arm-none-eabi/13.2.1/../../../../arm-none-eabi/lib/thumb/v8-m.main+fp/hard\libcr_c.a(ungetc.o)
                              C:/nxp/MCUXpressoIDE_24.12.148/ide/plugins/com.nxp.mcuxpresso.tools.win32_24.12.0.202407110909/tools/bin/../lib/gcc/arm-none-eabi/13.2.1/../../../../arm-none-eabi/lib/thumb/v8-m.main+fp/hard\libcr_c.a(scanf.o) (ungetc)
C:/nxp/MCUXpressoIDE_24.12.148/ide/plugins/com.nxp.mcuxpresso.tools.win32_24.12.0.202407110909/tools/bin/../lib/gcc/arm-none-eabi/13.2.1/../../../../arm-none-eabi/lib/thumb/v8-m.main+fp/hard\libcr_c.a(__fillbuf.o)
                              C:/nxp/MCUXpressoIDE_24.12.148/ide/plugins/com.nxp.mcuxpresso.tools.win32_24.12.0.202407110909/tools/bin/../lib/gcc/arm-none-eabi/13.2.1/../../../../arm-none-eabi/lib/thumb/v8-m.main+fp/hard\libcr_c.a(scanf.o) (__filbuf)
C:/nxp/MCUXpressoIDE_24.12.148/ide/plugins/com.nxp.mcuxpresso.tools.win32_24.12.0.202407110909/tools/bin/../lib/gcc/arm-none-eabi/13.2.1/../../../../arm-none-eabi/lib/thumb/v8-m.main+fp/hard\libcr_c.a(__init_alloc.o)
                              C:/nxp/MCUXpressoIDE_24.12.148/ide/plugins/com.nxp.mcuxpresso.tools.win32_24.12.0.202407110909/tools/bin/../lib/gcc/arm-none-eabi/13.2.1/../../../../arm-none-eabi/lib/thumb/v8-m.main+fp/hard\libcr_c.a(alloc.o) (__heaps)
C:/nxp/MCUXpressoIDE_24.12.148/ide/plugins/com.nxp.mcuxpresso.tools.win32_24.12.0.202407110909/tools/bin/../lib/gcc/arm-none-eabi/13.2.1/../../../../arm-none-eabi/lib/thumb/v8-m.main+fp/hard\libcr_c.a(_cr_sbrk.o)
                              C:/nxp/MCUXpressoIDE_24.12.148/ide/plugins/com.nxp.mcuxpresso.tools.win32_24.12.0.202407110909/tools/bin/../lib/gcc/arm-none-eabi/13.2.1/../../../../arm-none-eabi/lib/thumb/v8-m.main+fp/hard\libcr_c.a(alloc.o) (_sbrk)
C:/nxp/MCUXpressoIDE_24.12.148/ide/plugins/com.nxp.mcuxpresso.tools.win32_24.12.0.202407110909/tools/bin/../lib/gcc/arm-none-eabi/13.2.1/../../../../arm-none-eabi/lib/thumb/v8-m.main+fp/hard\libcr_c.a(_deferredlazyseek.o)
[...]
Memory Configuration

Name             Origin             Length             Attributes
QSPI_FLASH       0x08000000         0x00800000         xr
SRAM             0x20000000         0x00130000         xrw
*default*        0x00000000         0xffffffff

Linker script and memory map

LOAD ./utilities/str/fsl_str.o
LOAD ./utilities/debug_console_lite/fsl_debug_console.o
LOAD ./utilities/fsl_assert.o
LOAD ./utilities/fsl_memcpy.o
LOAD ./startup/startup_rw612.o
LOAD ./source/enet_txrx_transfer.o
LOAD ./source/semihost_hardfault.o
LOAD ./flash_config/flash_config.o
LOAD ./drivers/fsl_cache.o
LOAD ./drivers/fsl_clock.o
LOAD ./drivers/fsl_common.o
LOAD ./drivers/fsl_common_arm.o
LOAD ./drivers/fsl_enet.o
LOAD ./drivers/fsl_flexcomm.o
LOAD ./drivers/fsl_flexspi.o
LOAD ./drivers/fsl_gpio.o
LOAD ./drivers/fsl_i2s_bridge.o
LOAD ./drivers/fsl_iped.o
LOAD ./drivers/fsl_ocotp.o
LOAD ./drivers/fsl_power.o
LOAD ./drivers/fsl_reset.o
LOAD ./drivers/fsl_usart.o
LOAD ./device/system_RW612.o
LOAD ./component/uart/fsl_adapter_usart.o
LOAD ./component/silicon_id/fsl_silicon_id.o
LOAD ./component/silicon_id/fsl_silicon_id_soc.o
LOAD ./component/phy/fsl_phyksz8081.o
LOAD ./component/els_pkc/src/comps/mcuxCsslParamIntegrity/src/mcuxCsslParamIntegrity32.o
LOAD ./component/els_pkc/src/comps/mcuxCsslMemory/src/mcuxCsslMemory_Clear.o
LOAD ./component/els_pkc/src/comps/mcuxCsslMemory/src/mcuxCsslMemory_Compare.o
LOAD ./component/els_pkc/src/comps/mcuxCsslMemory/src/mcuxCsslMemory_Copy.o
LOAD ./component/els_pkc/src/comps/mcuxCsslMemory/src/mcuxCsslMemory_Set.o
LOAD ./component/els_pkc/src/comps/mcuxClMemory/src/mcuxClMemory.o
LOAD ./component/els_pkc/src/comps/mcuxClEls/src/mcuxClEls_Common.o
LOAD ./component/els_pkc/src/comps/mcuxClEls/src/mcuxClEls_GlitchDetector.o
LOAD ./component/els_pkc/src/comps/mcuxClBuffer/src/mcuxClBuffer.o
LOAD ./board/board.o
LOAD ./board/clock_config.o
LOAD ./board/hardware_init.o
LOAD ./board/pin_mux.o
START GROUP
LOAD C:/nxp/MCUXpressoIDE_24.12.148/ide/plugins/com.nxp.mcuxpresso.tools.win32_24.12.0.202407110909/tools/bin/../lib/gcc/arm-none-eabi/13.2.1/../../../../arm-none-eabi/lib/thumb/v8-m.main+fp/hard\libcr_nohost_nf.a
LOAD C:/nxp/MCUXpressoIDE_24.12.148/ide/plugins/com.nxp.mcuxpresso.tools.win32_24.12.0.202407110909/tools/bin/../lib/gcc/arm-none-eabi/13.2.1/../../../../arm-none-eabi/lib/thumb/v8-m.main+fp/hard\libcr_c.a
LOAD C:/nxp/MCUXpressoIDE_24.12.148/ide/plugins/com.nxp.mcuxpresso.tools.win32_24.12.0.202407110909/tools/bin/../lib/gcc/arm-none-eabi/13.2.1/thumb/v8-m.main+fp/hard\libcr_eabihelpers.a
LOAD C:/nxp/MCUXpressoIDE_24.12.148/ide/plugins/com.nxp.mcuxpresso.tools.win32_24.12.0.202407110909/tools/bin/../lib/gcc/arm-none-eabi/13.2.1/thumb/v8-m.main+fp/hard\libgcc.a
END GROUP
                0x08000000                        __base_QSPI_FLASH = 0x8000000
                0x08000000                        __base_Flash = 0x8000000
                0x08800000                        __top_QSPI_FLASH = 0x8800000
                0x08800000                        __top_Flash = 0x8800000
                0x20000000                        __base_SRAM = 0x20000000
                0x20000000                        __base_RAM = 0x20000000
                0x20130000                        __top_SRAM = 0x20130000
                0x20130000                        __top_RAM = 0x20130000

.boot_hdr       0x08000000     0x1000
 FILL mask 0xff
                0x00000400                        . = 0x400
 *fill*         0x08000000      0x400 ff
                0x08000400                        __FLASH_BASE = .
 *(SORT_BY_ALIGNMENT(.flash_conf))
 .flash_conf    0x08000400      0xc00 ./flash_config/flash_config.o
                0x08000400                flexspi_config
                0x00001000                        . = 0x1000

.text           0x08001000     0x9cf0
 FILL mask 0xff
                0x08001000                        __vectors_start__ = ABSOLUTE (.)
 *(SORT_BY_ALIGNMENT(.isr_vector))
 .isr_vector    0x08001000      0x244 ./startup/startup_rw612.o
                0x08001000                g_pfnVectors
                0x08001000                __Vectors
                0x08001244                        . = ALIGN (0x4)
                0x08001244                        __section_table_start = .
                0x08001244                        __data_section_table = .
                0x08001244        0x4 LONG 0x800acf0 LOADADDR (.data)
                0x08001248        0x4 LONG 0x20000000 ADDR (.data)
                0x0800124c        0x4 LONG 0xbc4 SIZEOF (.data)
                0x08001250                        __data_section_table_end = .
                0x08001250                        __bss_section_table = .
                0x08001250        0x4 LONG 0x20000c00 ADDR (.bss)
                0x08001254        0x4 LONG 0x3784 SIZEOF (.bss)
                0x08001258                        __bss_section_table_end = .
                0x08001258                        __section_table_end = .
 *(SORT_BY_ALIGNMENT(.after_vectors*))
 .after_vectors.reset
                0x08001258       0x68 ./startup/startup_rw612.o
                0x08001258                ResetISR
 .after_vectors.init_data
                0x080012c0       0x1e ./startup/startup_rw612.o
                0x080012c0                data_init
 .after_vectors.init_bss
                0x080012de       0x12 ./startup/startup_rw612.o
                0x080012de                bss_init
 .after_vectors
                0x080012f0       0x16 ./startup/startup_rw612.o
                0x080012f0                NMI_Handler
                0x080012f4                MemManage_Handler
                0x080012f6                BusFault_Handler
                0x080012f8                UsageFault_Handler
                0x080012fa                SecureFault_Handler
                0x080012fc                SVC_Handler
                0x080012fe                DebugMon_Handler
                0x08001300                PendSV_Handler
                0x08001302                SysTick_Handler
                0x08001304                Reserved75_DriverIRQHandler
                0x08001304                GAU_ACOMP_WKUP_DriverIRQHandler
                0x08001304                SGPIO_INTA_DriverIRQHandler
                0x08001304                B2MWKUP0_DriverIRQHandler
                0x08001304                DMA0_DriverIRQHandler
                0x08001304                B2MWKUP_DONE2_DriverIRQHandler
                0x08001304                PKC_ERR_DriverIRQHandler
                0x08001304                BLE_MCI_INT7_DriverIRQHandler
                0x08001304                BLE_MCI_INT3_DriverIRQHandler
                0x08001304                BLE_MCI_INT5_DriverIRQHandler
                0x08001304                B2MWKUP_DONE0_DriverIRQHandler
                0x08001304                HWVAD_DriverIRQHandler
                0x08001304                USIM_DriverIRQHandler
                0x08001304                WKDEEPSLEEP_DriverIRQHandler
                0x08001304                B2MWKUP_DONE3_DriverIRQHandler
                0x08001304                Reserved73_DriverIRQHandler
                0x08001304                WL_MCI_INT5_DriverIRQHandler
                0x08001304                PIN_INT3_DriverIRQHandler
                0x08001304                PIN_INT2_DriverIRQHandler
                0x08001304                ELS_DriverIRQHandler
                0x08001304                OTP_DriverIRQHandler
                0x08001304                GPIO_INTB_DriverIRQHandler
                0x08001304                TRNG_DriverIRQHandler
                0x08001304                ACC_C_INT_DriverIRQHandler
                0x08001304                PIN_INT0_DriverIRQHandler
                0x08001304                GFMRT_DriverIRQHandler
                0x08001304                Reserved76_DriverIRQHandler
                0x08001304                CTIMER2_DriverIRQHandler
                0x08001304                Reserved69_DriverIRQHandler
                0x08001304                WL_MCI_INT3_DriverIRQHandler
                0x08001304                SECUREVIOLATION_DriverIRQHandler
                0x08001304                BACC_DriverIRQHandler
                0x08001304                Reserved34_DriverIRQHandler
                0x08001304                IntDefaultHandler
                0x08001304                Reserved138_DriverIRQHandler
                0x08001304                Reserved136_DriverIRQHandler
                0x08001304                Reserved67_DriverIRQHandler
                0x08001304                W2MWKUP_DONE7_DriverIRQHandler
                0x08001304                W2MWKUP1_DriverIRQHandler
                0x08001304                W2MWKUP_DONE4_DriverIRQHandler
                0x08001304                WL_MCI_INT1_DriverIRQHandler
                0x08001304                B2MWKUP_DONE7_DriverIRQHandler
                0x08001304                PIN_INT4_DriverIRQHandler
                0x08001304                PIN_INT5_DriverIRQHandler
                0x08001304                PIN0_INT_DriverIRQHandler
                0x08001304                Reserved47_DriverIRQHandler
                0x08001304                GAU_ADC0_DriverIRQHandler
                0x08001304                CTIMER4_DriverIRQHandler
                0x08001304                WL_MCI_INT0_DriverIRQHandler
                0x08001304                PIN_INT7_DriverIRQHandler
                0x08001304                GDMA_DriverIRQHandler
                0x08001304                BLE_MCI_INT1_DriverIRQHandler
                0x08001304                OS_EVENT_TIMER_DriverIRQHandler
                0x08001304                Reserved38_DriverIRQHandler
                0x08001304                POWERQUAD_DriverIRQHandler
                0x08001304                ELS_GDET_DriverIRQHandler
                0x08001304                Reserved35_DriverIRQHandler
                0x08001304                CTIMER0_DriverIRQHandler
                0x08001304                Reserved79_DriverIRQHandler
                0x08001304                MRT_DriverIRQHandler
                0x08001304                BLE_MCI_INT6_DriverIRQHandler
                0x08001304                CTIMER1_DriverIRQHandler
                0x08001304                PIN1_INT_DriverIRQHandler
                0x08001304                PIN_INT6_DriverIRQHandler
                0x08001304                W2MWKUP_DONE6_DriverIRQHandler
                0x08001304                SGPIO_INTB_DriverIRQHandler
                0x08001304                ACC_S_INT_DriverIRQHandler
                0x08001304                PMIP_CHANGE_DriverIRQHandler
                0x08001304                PIN_INT1_DriverIRQHandler
                0x08001304                W2MWKUP0_DriverIRQHandler
                0x08001304                CTIMER3_DriverIRQHandler
                0x08001304                W2MWKUP_DONE0_DriverIRQHandler
                0x08001304                Reserved74_DriverIRQHandler
                0x08001304                PKC_INT_DriverIRQHandler
                0x08001304                GPIO_INTA_DriverIRQHandler
                0x08001304                Reserved61_DriverIRQHandler
                0x08001304                WL_MCI_INT2_DriverIRQHandler
                0x08001304                PUF_DriverIRQHandler
                0x08001304                GAU_ACOMP_DriverIRQHandler
                0x08001304                Reserved40_DriverIRQHandler
                0x08001304                RTC_DriverIRQHandler
                0x08001304                WACC_DriverIRQHandler
                0x08001304                Reserved65_DriverIRQHandler
                0x08001304                LCD_DriverIRQHandler
                0x08001304                B2MWKUP1_DriverIRQHandler
                0x08001304                W2MWKUP_DONE1_DriverIRQHandler
                0x08001304                BLE_MCI_INT4_DriverIRQHandler
                0x08001304                PMIP_DriverIRQHandler
                0x08001304                BLE_MCI_INT2_DriverIRQHandler
                0x08001304                GAU_DAC_DriverIRQHandler
                0x08001304                Reserved60_DriverIRQHandler
                0x08001304                WL_MCI_INT4_DriverIRQHandler
                0x08001304                Reserved49_DriverIRQHandler
                0x08001304                DMIC_DriverIRQHandler
                0x08001304                DMA1_DriverIRQHandler
                0x08001304                Reserved137_DriverIRQHandler
                0x08001304                B2MWKUP_DONE4_DriverIRQHandler
                0x08001304                B2MWKUP_DONE1_DriverIRQHandler
                0x08001304                GAU_ADC1_DriverIRQHandler
                0x08001304                BLE_MCI_INT0_DriverIRQHandler
                0x08001304                ELS_GDET_UM_DriverIRQHandler
                0x08001304                WL_MCI_INT7_DriverIRQHandler
                0x08001304                UTICK_DriverIRQHandler
                0x08001304                W2MWKUP_DONE2_DriverIRQHandler
                0x08001304                B2MWKUP_DONE6_DriverIRQHandler
                0x08001304                WDT0_DriverIRQHandler
                0x08001304                Reserved68_DriverIRQHandler
                0x08001304                Reserved59_DriverIRQHandler
                0x08001304                SDIO_DriverIRQHandler
                0x08001304                WL_MCI_INT6_DriverIRQHandler
                0x08001304                W2MWKUP_DONE3_DriverIRQHandler
                0x08001304                B2MWKUP_DONE5_DriverIRQHandler
                0x08001304                CDOG_INT_DriverIRQHandler
                0x08001304                Reserved46_DriverIRQHandler
                0x08001304                Reserved37_DriverIRQHandler
                0x08001304                SCT0_DriverIRQHandler
                0x08001304                HYPERVISOR_DriverIRQHandler
                0x08001304                ITRC_DriverIRQHandler
                0x08001304                Reserved50_DriverIRQHandler
                0x08001304                W2MWKUP_DONE5_DriverIRQHandler
                0x08001304                USB_DriverIRQHandler
 *(SORT_BY_ALIGNMENT(.text*))
 *fill*         0x08001306        0x2 ff
 .text.DbgConsole_Init
                0x08001308       0x88 ./utilities/debug_console_lite/fsl_debug_console.o
                0x08001308                DbgConsole_Init
 .text.DbgConsole_Vprintf
                0x08001390       0x3c ./utilities/debug_console_lite/fsl_debug_console.o
                0x08001390                DbgConsole_Vprintf
 .text.DbgConsole_Putchar
                0x080013cc       0x30 ./utilities/debug_console_lite/fsl_debug_console.o
                0x080013cc                DbgConsole_Putchar
 .text.DbgConsole_PrintfFormattedData
                0x080013fc      0x9ec ./utilities/debug_console_lite/fsl_debug_console.o
 .text.__assertion_failed
                0x08001de8       0x2c ./utilities/fsl_assert.o
                0x08001de8                __assertion_failed
 .text          0x08001e14       0xa0 ./utilities/fsl_memcpy.o
                0x08001e14                memcpy
 .text.ENET_BuildBroadCastFrame
                0x08001eb4       0x94 ./source/enet_txrx_transfer.o
 .text.main     0x08001f48      0x344 ./source/enet_txrx_transfer.o
                0x08001f48                main
 .text.CLOCK_GetSysOscFreq
                0x0800228c       0x54 ./drivers/fsl_clock.o
 .text.CLOCK_GetMclkInClkFreq
                0x080022e0       0x18 ./drivers/fsl_clock.o
 .text.CLOCK_GetLpOscFreq
                0x080022f8       0x30 ./drivers/fsl_clock.o
 .text.CLOCK_DelayUs
                0x08002328       0x4c ./drivers/fsl_clock.o
 .text.CLOCK_GetT3PllMciIrcClkFreq
                0x08002374       0x58 ./drivers/fsl_clock.o
                0x08002374                CLOCK_GetT3PllMciIrcClkFreq
 .text.CLOCK_GetT3PllMci256mClkFreq
                0x080023cc       0x1c ./drivers/fsl_clock.o
                0x080023cc                CLOCK_GetT3PllMci256mClkFreq
 .text.CLOCK_GetTcpuFvcoFreq
                0x080023e8       0xa4 ./drivers/fsl_clock.o
 .text.CLOCK_GetTcpuMciClkFreq
                0x0800248c       0x24 ./drivers/fsl_clock.o
                0x0800248c                CLOCK_GetTcpuMciClkFreq
 .text.CLOCK_EnableClock
                0x080024b0      0x118 ./drivers/fsl_clock.o
                0x080024b0                CLOCK_EnableClock
 .text.CLOCK_DisableClock
                0x080025c8      0x104 ./drivers/fsl_clock.o
                0x080025c8                CLOCK_DisableClock
 .text.CLOCK_AttachClk
                0x080026cc       0xf4 ./drivers/fsl_clock.o
                0x080026cc                CLOCK_AttachClk
 .text.CLOCK_GetAvPllCh1Freq
                0x080027c0       0x5c ./drivers/fsl_clock.o
                0x080027c0                CLOCK_GetAvPllCh1Freq
 .text.CLOCK_GetMainPllClkFreq
                0x0800281c       0x20 ./drivers/fsl_clock.o
 .text.CLOCK_GetAudioPllClkFreq
                0x0800283c       0x20 ./drivers/fsl_clock.o
 .text.CLOCK_GetMainClkFreq
                0x0800285c       0xac ./drivers/fsl_clock.o
                0x0800285c                CLOCK_GetMainClkFreq
 .text.CLOCK_GetCoreSysClkFreq
                0x08002908       0x20 ./drivers/fsl_clock.o
                0x08002908                CLOCK_GetCoreSysClkFreq
 .text.CLOCK_GetFRGClock
                0x08002928      0x148 ./drivers/fsl_clock.o
                0x08002928                CLOCK_GetFRGClock
 .text.CLOCK_SetFRGClock
                0x08002a70       0xa4 ./drivers/fsl_clock.o
                0x08002a70                CLOCK_SetFRGClock
 .text.CLOCK_GetFlexCommClkFreq
                0x08002b14       0xa4 ./drivers/fsl_clock.o
                0x08002b14                CLOCK_GetFlexCommClkFreq
 .text.CLOCK_CfgTcpuRefClk
                0x08002bb8      0x114 ./drivers/fsl_clock.o
 .text.CLOCK_InitTcpuRefClk
                0x08002ccc       0x64 ./drivers/fsl_clock.o
                0x08002ccc                CLOCK_InitTcpuRefClk
 .text.CLOCK_DeinitTcpuRefClk
                0x08002d30       0x40 ./drivers/fsl_clock.o
                0x08002d30                CLOCK_DeinitTcpuRefClk
 .text.CLOCK_InitTddrRefClk
                0x08002d70       0x70 ./drivers/fsl_clock.o
                0x08002d70                CLOCK_InitTddrRefClk
 .text.CLOCK_DeinitTddrRefClk
                0x08002de0       0x40 ./drivers/fsl_clock.o
                0x08002de0                CLOCK_DeinitTddrRefClk
 .text.CLOCK_InitT3RefClk
                0x08002e20       0x68 ./drivers/fsl_clock.o
                0x08002e20                CLOCK_InitT3RefClk
 .text.CLOCK_DeinitT3RefClk
                0x08002e88       0x38 ./drivers/fsl_clock.o
                0x08002e88                CLOCK_DeinitT3RefClk
 .text.CLOCK_ConfigAvPll
                0x08002ec0       0xf4 ./drivers/fsl_clock.o
 .text.CLOCK_ConfigAvPllCh1
                0x08002fb4       0x84 ./drivers/fsl_clock.o
 .text.CLOCK_ConfigAvPllCh2
                0x08003038       0x64 ./drivers/fsl_clock.o
 .text.CLOCK_PowerUpAnaGrp
                0x0800309c       0x34 ./drivers/fsl_clock.o
 .text.CLOCK_PowerDownAnaGrp
                0x080030d0       0x30 ./drivers/fsl_clock.o
 .text.CLOCK_EnableAvPllCh
                0x08003100      0x154 ./drivers/fsl_clock.o
                0x08003100                CLOCK_EnableAvPllCh
 .text.CLOCK_DisableAvPllCh
                0x08003254       0x60 ./drivers/fsl_clock.o
                0x08003254                CLOCK_DisableAvPllCh
 .text.CLOCK_InitAvPll
                0x080032b4       0x88 ./drivers/fsl_clock.o
                0x080032b4                CLOCK_InitAvPll
 .text.CLOCK_DeinitAvPll
                0x0800333c       0x54 ./drivers/fsl_clock.o
                0x0800333c                CLOCK_DeinitAvPll
 .text.SDK_DelayAtLeastUs
                0x08003390       0x8c ./drivers/fsl_common_arm.o
                0x08003390                SDK_DelayAtLeastUs
 .text.__NVIC_EnableIRQ
                0x0800341c       0x3c ./drivers/fsl_enet.o
 .text.ENET_GetInstance
                0x08003458       0x44 ./drivers/fsl_enet.o
                0x08003458                ENET_GetInstance
 .text.ENET_GetDefaultConfig
                0x0800349c       0x4c ./drivers/fsl_enet.o
                0x0800349c                ENET_GetDefaultConfig
 .text.ENET_Up  0x080034e8       0xb8 ./drivers/fsl_enet.o
                0x080034e8                ENET_Up
 .text.ENET_ResetHardware
                0x080035a0       0x34 ./drivers/fsl_enet.o
                0x080035a0                ENET_ResetHardware
 .text.ENET_SetRxISRHandler
                0x080035d4       0x30 ./drivers/fsl_enet.o
                0x080035d4                ENET_SetRxISRHandler
 .text.ENET_SetTxISRHandler
                0x08003604       0x30 ./drivers/fsl_enet.o
                0x08003604                ENET_SetTxISRHandler
 .text.ENET_SetErrISRHandler
                0x08003634       0x30 ./drivers/fsl_enet.o
                0x08003634                ENET_SetErrISRHandler
 .text.ENET_SetHandler
                0x08003664      0x1a4 ./drivers/fsl_enet.o
 .text.ENET_SetMacController
                0x08003808      0x308 ./drivers/fsl_enet.o
 .text.ENET_SetTxBufferDescriptors
                0x08003b10      0x130 ./drivers/fsl_enet.o
 .text.ENET_SetRxBufferDescriptors
                0x08003c40      0x138 ./drivers/fsl_enet.o
 .text.ENET_RxBufferFreeAll
                0x08003d78       0xcc ./drivers/fsl_enet.o
 .text.ENET_ActiveReadRing
                0x08003e44       0x44 ./drivers/fsl_enet.o
 .text.ENET_ActiveSendRing
                0x08003e88       0x4c ./drivers/fsl_enet.o
 .text.ENET_SetSMI
                0x08003ed4       0xa0 ./drivers/fsl_enet.o
                0x08003ed4                ENET_SetSMI
 .text.ENET_MDIORead
                0x08003f74       0x70 ./drivers/fsl_enet.o
                0x08003f74                ENET_MDIORead
 .text.ENET_IncreaseIndex
                0x08003fe4       0x40 ./drivers/fsl_enet.o
 .text.ENET_GetRxErrBeforeReadFrame
                0x08004024      0x108 ./drivers/fsl_enet.o
                0x08004024                ENET_GetRxErrBeforeReadFrame
 .text.ENET_GetRxFrameSize
                0x0800412c      0x128 ./drivers/fsl_enet.o
                0x0800412c                ENET_GetRxFrameSize
 .text.ENET_ReadFrame
                0x08004254      0x190 ./drivers/fsl_enet.o
                0x08004254                ENET_ReadFrame
 .text.ENET_UpdateReadBuffers
                0x080043e4       0x94 ./drivers/fsl_enet.o
 .text.ENET_SendFrame
                0x08004478      0x388 ./drivers/fsl_enet.o
                0x08004478                ENET_SendFrame
 .text.ENET_ReclaimTxDescriptor
                0x08004800      0x10c ./drivers/fsl_enet.o
                0x08004800                ENET_ReclaimTxDescriptor
 .text.ENET_TransmitIRQHandler
                0x0800490c       0x8c ./drivers/fsl_enet.o
                0x0800490c                ENET_TransmitIRQHandler
 .text.ENET_ReceiveIRQHandler
                0x08004998       0x5c ./drivers/fsl_enet.o
                0x08004998                ENET_ReceiveIRQHandler
 .text.ENET_ErrorIRQHandler
                0x080049f4       0x90 ./drivers/fsl_enet.o
                0x080049f4                ENET_ErrorIRQHandler
 .text.ENET_CommonFrame0IRQHandler
                0x08004a84       0xf0 ./drivers/fsl_enet.o
                0x08004a84                ENET_CommonFrame0IRQHandler
 .text.ENET_Ptp1588IRQHandler
                0x08004b74       0x44 ./drivers/fsl_enet.o
                0x08004b74                ENET_Ptp1588IRQHandler
 .text.ENET_DriverIRQHandler
                0x08004bb8       0x14 ./drivers/fsl_enet.o
                0x08004bb8                ENET_DriverIRQHandler
 .text.ENET_TIMER_DriverIRQHandler
                0x08004bcc       0x14 ./drivers/fsl_enet.o
                0x08004bcc                ENET_TIMER_DriverIRQHandler
 .text.FLEXCOMM_GetInstance
                0x08004be0       0x4c ./drivers/fsl_flexcomm.o
                0x08004be0                FLEXCOMM_GetInstance
 .text.FLEXCOMM_Init
                0x08004c2c       0x50 ./drivers/fsl_flexcomm.o
                0x08004c2c                FLEXCOMM_Init
 .text.FLEXCOMM0_DriverIRQHandler
                0x08004c7c       0x5c ./drivers/fsl_flexcomm.o
                0x08004c7c                FLEXCOMM0_DriverIRQHandler
 .text.FLEXCOMM1_DriverIRQHandler
                0x08004cd8       0x5c ./drivers/fsl_flexcomm.o
                0x08004cd8                FLEXCOMM1_DriverIRQHandler
 .text.FLEXCOMM2_DriverIRQHandler
                0x08004d34       0x5c ./drivers/fsl_flexcomm.o
                0x08004d34                FLEXCOMM2_DriverIRQHandler
 .text.FLEXCOMM3_DriverIRQHandler
                0x08004d90       0x5c ./drivers/fsl_flexcomm.o
                0x08004d90                FLEXCOMM3_DriverIRQHandler
 .text.FLEXCOMM14_DriverIRQHandler
                0x08004dec       0x5c ./drivers/fsl_flexcomm.o
                0x08004dec                FLEXCOMM14_DriverIRQHandler
 .text.FLEXSPI_DriverIRQHandler
                0x08004e48       0x24 ./drivers/fsl_flexspi.o
                0x08004e48                FLEXSPI_DriverIRQHandler
 .text.GPIO_EnablePortClock
                0x08004e6c       0x34 ./drivers/fsl_gpio.o
 .text.GPIO_PortInit
                0x08004ea0       0x2c ./drivers/fsl_gpio.o
                0x08004ea0                GPIO_PortInit
 .text.otp_get_nonmask_status_result
                0x08004ecc       0x60 ./drivers/fsl_ocotp.o
 .text.otp_wait_busy
                0x08004f2c       0x50 ./drivers/fsl_ocotp.o
 .text.otp_clear_status
                0x08004f7c       0x28 ./drivers/fsl_ocotp.o
 .text.OCOTP_OtpInit
                0x08004fa4       0x34 ./drivers/fsl_ocotp.o
                0x08004fa4                OCOTP_OtpInit
 .text.OCOTP_OtpDeinit
                0x08004fd8       0x44 ./drivers/fsl_ocotp.o
                0x08004fd8                OCOTP_OtpDeinit
 .text.OCOTP_OtpFuseRead
                0x0800501c       0x74 ./drivers/fsl_ocotp.o
                0x0800501c                OCOTP_OtpFuseRead
 .text.soc_otp_read
                0x08005090      0x120 ./drivers/fsl_ocotp.o
 .text.OCOTP_ReadSVC
                0x080051b0       0x34 ./drivers/fsl_ocotp.o
                0x080051b0                OCOTP_ReadSVC
 .text.OCOTP_ReadPackage
                0x080051e4       0x58 ./drivers/fsl_ocotp.o
                0x080051e4                OCOTP_ReadPackage
 .text.__NVIC_SetPriorityGrouping
                0x0800523c       0x48 ./drivers/fsl_power.o
 .text.__NVIC_GetPriorityGrouping
                0x08005284       0x1c ./drivers/fsl_power.o
 .text.POWER_GetThresholdParams
                0x080052a0      0x124 ./drivers/fsl_power.o
 .text.POWER_SaveNvicState
                0x080053c4      0x140 ./drivers/fsl_power.o
 .text.POWER_RestoreNvicState
                0x08005504      0x11c ./drivers/fsl_power.o
 .text.CAPTIMER_DriverIRQHandler
                0x08005620       0x34 ./drivers/fsl_power.o
                0x08005620                CAPTIMER_DriverIRQHandler
 .text.POWER_EnableWakeup
                0x08005654      0x1d4 ./drivers/fsl_power.o
                0x08005654                POWER_EnableWakeup
 .text.POWER_InitVSensorThreshold
                0x08005828      0x1f0 ./drivers/fsl_power.o
 .text.Power_InitLoadGdetCfg
                0x08005a18       0x70 ./drivers/fsl_power.o
                0x08005a18                Power_InitLoadGdetCfg
 .text.POWER_InitVoltage
                0x08005a88       0x94 ./drivers/fsl_power.o
                0x08005a88                POWER_InitVoltage
 .text.POWER_TrimSvc
                0x08005b1c      0x138 ./drivers/fsl_power.o
                0x08005b1c                POWER_TrimSvc
 .text.RESET_SetPeripheralReset
                0x08005c54       0xf8 ./drivers/fsl_reset.o
                0x08005c54                RESET_SetPeripheralReset
 .text.RESET_ClearPeripheralReset
                0x08005d4c      0x104 ./drivers/fsl_reset.o
                0x08005d4c                RESET_ClearPeripheralReset
 .text.USART_Init
                0x08005e50      0x1d8 ./drivers/fsl_usart.o
                0x08005e50                USART_Init
 .text.USART_GetDefaultConfig
                0x08006028       0xa0 ./drivers/fsl_usart.o
                0x08006028                USART_GetDefaultConfig
 .text.USART_SetBaudRate
                0x080060c8      0x18c ./drivers/fsl_usart.o
                0x080060c8                USART_SetBaudRate
 .text.USART_WriteBlocking
                0x08006254       0x8c ./drivers/fsl_usart.o
                0x08006254                USART_WriteBlocking
 .text.USART_ReadBlocking
                0x080062e0      0x104 ./drivers/fsl_usart.o
                0x080062e0                USART_ReadBlocking
 .text.SystemInit
                0x080063e4       0xc4 ./device/system_RW612.o
                0x080063e4                SystemInit
 .text.getT3PllMciIrcClkFreq
                0x080064a8       0x50 ./device/system_RW612.o
 .text.getTcpuFvcoFreq
                0x080064f8       0x9c ./device/system_RW612.o
 .text.getT3PllMci256mClkFreq
                0x08006594       0x1c ./device/system_RW612.o
 .text.getTcpuMciClkFreq
                0x080065b0       0x24 ./device/system_RW612.o
 .text.getSysOscFreq
                0x080065d4       0x48 ./device/system_RW612.o
 .text.getLpOscFreq
                0x0800661c       0x30 ./device/system_RW612.o
 .text.getMainPllClkFreq
                0x0800664c       0x20 ./device/system_RW612.o
 .text.SystemCoreClockUpdate
                0x0800666c       0xc4 ./device/system_RW612.o
                0x0800666c                SystemCoreClockUpdate
 .text.HAL_UartInitCommon
                0x08006730      0x110 ./component/uart/fsl_adapter_usart.o
 .text.HAL_UartReceiveBlocking
                0x08006840       0x6c ./component/uart/fsl_adapter_usart.o
                0x08006840                HAL_UartReceiveBlocking
 .text.HAL_UartSendBlocking
                0x080068ac       0x64 ./component/uart/fsl_adapter_usart.o
                0x080068ac                HAL_UartSendBlocking
 .text.PHY_KSZ8081_Init
                0x08006910      0x180 ./component/phy/fsl_phyksz8081.o
                0x08006910                PHY_KSZ8081_Init
 .text.PHY_KSZ8081_GetAutoNegotiationStatus
                0x08006a90       0x54 ./component/phy/fsl_phyksz8081.o
                0x08006a90                PHY_KSZ8081_GetAutoNegotiationStatus
 .text.PHY_KSZ8081_GetLinkStatus
                0x08006ae4       0x58 ./component/phy/fsl_phyksz8081.o
                0x08006ae4                PHY_KSZ8081_GetLinkStatus
 .text.PHY_KSZ8081_GetLinkSpeedDuplex
                0x08006b3c       0x98 ./component/phy/fsl_phyksz8081.o
                0x08006b3c                PHY_KSZ8081_GetLinkSpeedDuplex
 .text.PHY_KSZ8081_SetLinkSpeedDuplex
                0x08006bd4       0x98 ./component/phy/fsl_phyksz8081.o
                0x08006bd4                PHY_KSZ8081_SetLinkSpeedDuplex
 .text.PHY_KSZ8081_EnableLoopback
                0x08006c6c      0x158 ./component/phy/fsl_phyksz8081.o
                0x08006c6c                PHY_KSZ8081_EnableLoopback
 .text.mcuxClEls_isBusy
                0x08006dc4       0x24 ./component/els_pkc/src/comps/mcuxClEls/src/mcuxClEls_Common.o
 .text.mcuxClEls_GetErrorCode
                0x08006de8      0x1c0 ./component/els_pkc/src/comps/mcuxClEls/src/mcuxClEls_Common.o
                0x08006de8                mcuxClEls_GetErrorCode
 .text.mcuxClEls_WaitForOperation
                0x08006fa8       0x9c ./component/els_pkc/src/comps/mcuxClEls/src/mcuxClEls_Common.o
                0x08006fa8                mcuxClEls_WaitForOperation
 .text.mcuxClEls_ResetErrorFlags
                0x08007044       0x74 ./component/els_pkc/src/comps/mcuxClEls/src/mcuxClEls_Common.o
                0x08007044                mcuxClEls_ResetErrorFlags
 .text.mcuxClEls_setInput0_fixedSize
                0x080070b8       0x20 ./component/els_pkc/src/comps/mcuxClEls/src/mcuxClEls_GlitchDetector.o
 .text.mcuxClEls_startCommand
                0x080070d8       0x40 ./component/els_pkc/src/comps/mcuxClEls/src/mcuxClEls_GlitchDetector.o
 .text.mcuxClEls_isBusy
                0x08007118       0x24 ./component/els_pkc/src/comps/mcuxClEls/src/mcuxClEls_GlitchDetector.o
 .text.BOARD_InitDebugConsole
                0x0800713c       0x44 ./board/board.o
                0x0800713c                BOARD_InitDebugConsole
 .text.LoadGdetCfg
                0x08007180       0xcc ./board/board.o
 .text.ConfigSvcSensor
                0x0800724c      0x168 ./board/board.o
 .text.BOARD_ClockPreConfig
                0x080073b4       0x6c ./board/board.o
                0x080073b4                BOARD_ClockPreConfig
 .text.BOARD_ClockPostConfig
                0x08007420       0x3c ./board/board.o
                0x08007420                BOARD_ClockPostConfig
 .text.BOARD_BootClockRUN
                0x0800745c      0x108 ./board/clock_config.o
                0x0800745c                BOARD_BootClockRUN
 .text.BOARD_InitModuleClock
                0x08007564       0x14 ./board/hardware_init.o
                0x08007564                BOARD_InitModuleClock
 .text.MDIO_Init
                0x08007578       0x50 ./board/hardware_init.o
 .text.MDIO_Write
                0x080075c8       0x2c ./board/hardware_init.o
 .text.MDIO_Read
                0x080075f4       0x2c ./board/hardware_init.o
 .text.BOARD_InitHardware
                0x08007620       0x68 ./board/hardware_init.o
                0x08007620                BOARD_InitHardware
 .text.IO_MUX_SetPinMux
                0x08007688      0x294 ./board/pin_mux.o
 .text.IO_MUX_SetPinConfig
                0x0800791c       0xbc ./board/pin_mux.o
 .text.BOARD_InitPins
                0x080079d8      0x1a8 ./board/pin_mux.o
                0x080079d8                BOARD_InitPins
 .text.malloc   0x08007b80       0xc8 C:/nxp/MCUXpressoIDE_24.12.148/ide/plugins/com.nxp.mcuxpresso.tools.win32_24.12.0.202407110909/tools/bin/../lib/gcc/arm-none-eabi/13.2.1/../../../../arm-none-eabi/lib/thumb/v8-m.main+fp/hard\libcr_c.a(alloc.o)
                0x08007b80                malloc
 .text._initio  0x08007c48       0x78 C:/nxp/MCUXpressoIDE_24.12.148/ide/plugins/com.nxp.mcuxpresso.tools.win32_24.12.0.202407110909/tools/bin/../lib/gcc/arm-none-eabi/13.2.1/../../../../arm-none-eabi/lib/thumb/v8-m.main+fp/hard\libcr_c.a(initio.o)
                0x08007c48                _initio
 .text._sbrk    0x08007cc0       0x3c C:/nxp/MCUXpressoIDE_24.12.148/ide/plugins/com.nxp.mcuxpresso.tools.win32_24.12.0.202407110909/tools/bin/../lib/gcc/arm-none-eabi/13.2.1/../../../../arm-none-eabi/lib/thumb/v8-m.main+fp/hard\libcr_c.a(_cr_sbrk.o)
                0x08007cc0                _sbrk
 .text._Cwritebuf
                0x08007cfc       0x6c C:/nxp/MCUXpressoIDE_24.12.148/ide/plugins/com.nxp.mcuxpresso.tools.win32_24.12.0.202407110909/tools/bin/../lib/gcc/arm-none-eabi/13.2.1/../../../../arm-none-eabi/lib/thumb/v8-m.main+fp/hard\libcr_c.a(_writebuf.o)
                0x08007cfc                _Cwritebuf
 .text.fflush   0x08007d68       0x3c C:/nxp/MCUXpressoIDE_24.12.148/ide/plugins/com.nxp.mcuxpresso.tools.win32_24.12.0.202407110909/tools/bin/../lib/gcc/arm-none-eabi/13.2.1/../../../../arm-none-eabi/lib/thumb/v8-m.main+fp/hard\libcr_c.a(fflush.o)
                0x08007d68                fflush
 .text.fseek    0x08007da4       0xf8 C:/nxp/MCUXpressoIDE_24.12.148/ide/plugins/com.nxp.mcuxpresso.tools.win32_24.12.0.202407110909/tools/bin/../lib/gcc/arm-none-eabi/13.2.1/../../../../arm-none-eabi/lib/thumb/v8-m.main+fp/hard\libcr_c.a(fseek.o)
                0x08007da4                fseek
 .text.ftell    0x08007e9c       0x44 C:/nxp/MCUXpressoIDE_24.12.148/ide/plugins/com.nxp.mcuxpresso.tools.win32_24.12.0.202407110909/tools/bin/../lib/gcc/arm-none-eabi/13.2.1/../../../../arm-none-eabi/lib/thumb/v8-m.main+fp/hard\libcr_c.a(ftell.o)
                0x08007e9c                ftell
 .text.__check_heap_overflow
                0x08007ee0       0x18 C:/nxp/MCUXpressoIDE_24.12.148/ide/plugins/com.nxp.mcuxpresso.tools.win32_24.12.0.202407110909/tools/bin/../lib/gcc/arm-none-eabi/13.2.1/../../../../arm-none-eabi/lib/thumb/v8-m.main+fp/hard\libcr_c.a(_cr_check_heap.o)
                0x08007ee0                __check_heap_overflow
 .text.DbgConsole_Printf
                0x08007ef8       0x2c ./utilities/debug_console_lite/fsl_debug_console.o
                0x08007ef8                DbgConsole_Printf
 .text.DbgConsole_PrintfPaddingCharacter
                0x08007f24       0x40 ./utilities/debug_console_lite/fsl_debug_console.o
 .text.DbgConsole_ConvertRadixNumToString
                0x08007f64      0x2b0 ./utilities/debug_console_lite/fsl_debug_console.o
 .text.fsl_assert_hook
                0x08008214       0x1a ./utilities/fsl_assert.o
                0x08008214                fsl_assert_hook
 .text.WDT0_IRQHandler
                0x0800822e        0x8 ./startup/startup_rw612.o
                0x0800822e                WDT0_IRQHandler
 .text.DMA0_IRQHandler
                0x08008236        0x8 ./startup/startup_rw612.o
                0x08008236                DMA0_IRQHandler
 .text.GPIO_INTA_IRQHandler
                0x0800823e        0x8 ./startup/startup_rw612.o
                0x0800823e                GPIO_INTA_IRQHandler
 .text.GPIO_INTB_IRQHandler
                0x08008246        0x8 ./startup/startup_rw612.o
                0x08008246                GPIO_INTB_IRQHandler
 .text.PIN_INT0_IRQHandler
                0x0800824e        0x8 ./startup/startup_rw612.o
                0x0800824e                PIN_INT0_IRQHandler
 .text.PIN_INT1_IRQHandler
                0x08008256        0x8 ./startup/startup_rw612.o
                0x08008256                PIN_INT1_IRQHandler
 .text.PIN_INT2_IRQHandler
                0x0800825e        0x8 ./startup/startup_rw612.o
                0x0800825e                PIN_INT2_IRQHandler
 .text.PIN_INT3_IRQHandler
                0x08008266        0x8 ./startup/startup_rw612.o
                0x08008266                PIN_INT3_IRQHandler
 .text.UTICK_IRQHandler
                0x0800826e        0x8 ./startup/startup_rw612.o
                0x0800826e                UTICK_IRQHandler
 .text.MRT_IRQHandler
                0x08008276        0x8 ./startup/startup_rw612.o
                0x08008276                MRT_IRQHandler
 .text.CTIMER0_IRQHandler
                0x0800827e        0x8 ./startup/startup_rw612.o
                0x0800827e                CTIMER0_IRQHandler
 .text.CTIMER1_IRQHandler
                0x08008286        0x8 ./startup/startup_rw612.o
                0x08008286                CTIMER1_IRQHandler
 .text.SCT0_IRQHandler
                0x0800828e        0x8 ./startup/startup_rw612.o
                0x0800828e                SCT0_IRQHandler
 .text.CTIMER3_IRQHandler
                0x08008296        0x8 ./startup/startup_rw612.o
                0x08008296                CTIMER3_IRQHandler
 .text.FLEXCOMM0_IRQHandler
                0x0800829e        0x8 ./startup/startup_rw612.o
                0x0800829e                FLEXCOMM0_IRQHandler
 .text.FLEXCOMM1_IRQHandler
                0x080082a6        0x8 ./startup/startup_rw612.o
                0x080082a6                FLEXCOMM1_IRQHandler
 .text.FLEXCOMM2_IRQHandler
                0x080082ae        0x8 ./startup/startup_rw612.o
                0x080082ae                FLEXCOMM2_IRQHandler
 .text.FLEXCOMM3_IRQHandler
                0x080082b6        0x8 ./startup/startup_rw612.o
                0x080082b6                FLEXCOMM3_IRQHandler
 .text.Reserved34_IRQHandler
                0x080082be        0x8 ./startup/startup_rw612.o
                0x080082be                Reserved34_IRQHandler
 .text.Reserved35_IRQHandler
                0x080082c6        0x8 ./startup/startup_rw612.o
                0x080082c6                Reserved35_IRQHandler
 .text.FLEXCOMM14_IRQHandler
                0x080082ce        0x8 ./startup/startup_rw612.o
                0x080082ce                FLEXCOMM14_IRQHandler
 .text.Reserved37_IRQHandler
                0x080082d6        0x8 ./startup/startup_rw612.o
                0x080082d6                Reserved37_IRQHandler
 .text.Reserved38_IRQHandler
                0x080082de        0x8 ./startup/startup_rw612.o
                0x080082de                Reserved38_IRQHandler
 .text.GFMRT_IRQHandler
                0x080082e6        0x8 ./startup/startup_rw612.o
                0x080082e6                GFMRT_IRQHandler
 .text.Reserved40_IRQHandler
                0x080082ee        0x8 ./startup/startup_rw612.o
                0x080082ee                Reserved40_IRQHandler
 .text.DMIC_IRQHandler
                0x080082f6        0x8 ./startup/startup_rw612.o
                0x080082f6                DMIC_IRQHandler
 .text.WKDEEPSLEEP_IRQHandler
                0x080082fe        0x8 ./startup/startup_rw612.o
                0x080082fe                WKDEEPSLEEP_IRQHandler
 .text.HYPERVISOR_IRQHandler
                0x08008306        0x8 ./startup/startup_rw612.o
                0x08008306                HYPERVISOR_IRQHandler
 .text.SECUREVIOLATION_IRQHandler
                0x0800830e        0x8 ./startup/startup_rw612.o
                0x0800830e                SECUREVIOLATION_IRQHandler
 .text.HWVAD_IRQHandler
                0x08008316        0x8 ./startup/startup_rw612.o
                0x08008316                HWVAD_IRQHandler
 .text.Reserved46_IRQHandler
                0x0800831e        0x8 ./startup/startup_rw612.o
                0x0800831e                Reserved46_IRQHandler
 .text.Reserved47_IRQHandler
                0x08008326        0x8 ./startup/startup_rw612.o
                0x08008326                Reserved47_IRQHandler
 .text.RTC_IRQHandler
                0x0800832e        0x8 ./startup/startup_rw612.o
                0x0800832e                RTC_IRQHandler
 .text.Reserved49_IRQHandler
                0x08008336        0x8 ./startup/startup_rw612.o
                0x08008336                Reserved49_IRQHandler
 .text.Reserved50_IRQHandler
                0x0800833e        0x8 ./startup/startup_rw612.o
                0x0800833e                Reserved50_IRQHandler
 .text.PIN_INT4_IRQHandler
                0x08008346        0x8 ./startup/startup_rw612.o
                0x08008346                PIN_INT4_IRQHandler
 .text.PIN_INT5_IRQHandler
                0x0800834e        0x8 ./startup/startup_rw612.o
                0x0800834e                PIN_INT5_IRQHandler
 .text.PIN_INT6_IRQHandler
                0x08008356        0x8 ./startup/startup_rw612.o
                0x08008356                PIN_INT6_IRQHandler
 .text.PIN_INT7_IRQHandler
                0x0800835e        0x8 ./startup/startup_rw612.o
                0x0800835e                PIN_INT7_IRQHandler
 .text.CTIMER2_IRQHandler
                0x08008366        0x8 ./startup/startup_rw612.o
                0x08008366                CTIMER2_IRQHandler
 .text.CTIMER4_IRQHandler
                0x0800836e        0x8 ./startup/startup_rw612.o
                0x0800836e                CTIMER4_IRQHandler
 .text.OS_EVENT_TIMER_IRQHandler
                0x08008376        0x8 ./startup/startup_rw612.o
                0x08008376                OS_EVENT_TIMER_IRQHandler
 .text.FLEXSPI_IRQHandler
                0x0800837e        0x8 ./startup/startup_rw612.o
                0x0800837e                FLEXSPI_IRQHandler
 .text.Reserved59_IRQHandler
                0x08008386        0x8 ./startup/startup_rw612.o
                0x08008386                Reserved59_IRQHandler
 .text.Reserved60_IRQHandler
                0x0800838e        0x8 ./startup/startup_rw612.o
                0x0800838e                Reserved60_IRQHandler
 .text.Reserved61_IRQHandler
                0x08008396        0x8 ./startup/startup_rw612.o
                0x08008396                Reserved61_IRQHandler
 .text.SDIO_IRQHandler
                0x0800839e        0x8 ./startup/startup_rw612.o
                0x0800839e                SDIO_IRQHandler
 .text.SGPIO_INTA_IRQHandler
                0x080083a6        0x8 ./startup/startup_rw612.o
                0x080083a6                SGPIO_INTA_IRQHandler
 .text.SGPIO_INTB_IRQHandler
                0x080083ae        0x8 ./startup/startup_rw612.o
                0x080083ae                SGPIO_INTB_IRQHandler
 .text.Reserved65_IRQHandler
                0x080083b6        0x8 ./startup/startup_rw612.o
                0x080083b6                Reserved65_IRQHandler
 .text.USB_IRQHandler
                0x080083be        0x8 ./startup/startup_rw612.o
                0x080083be                USB_IRQHandler
 .text.Reserved67_IRQHandler
                0x080083c6        0x8 ./startup/startup_rw612.o
                0x080083c6                Reserved67_IRQHandler
 .text.Reserved68_IRQHandler
                0x080083ce        0x8 ./startup/startup_rw612.o
                0x080083ce                Reserved68_IRQHandler
 .text.Reserved69_IRQHandler
                0x080083d6        0x8 ./startup/startup_rw612.o
                0x080083d6                Reserved69_IRQHandler
 .text.DMA1_IRQHandler
                0x080083de        0x8 ./startup/startup_rw612.o
                0x080083de                DMA1_IRQHandler
 .text.PUF_IRQHandler
                0x080083e6        0x8 ./startup/startup_rw612.o
                0x080083e6                PUF_IRQHandler
 .text.POWERQUAD_IRQHandler
                0x080083ee        0x8 ./startup/startup_rw612.o
                0x080083ee                POWERQUAD_IRQHandler
 .text.Reserved73_IRQHandler
                0x080083f6        0x8 ./startup/startup_rw612.o
                0x080083f6                Reserved73_IRQHandler
 .text.Reserved74_IRQHandler
                0x080083fe        0x8 ./startup/startup_rw612.o
                0x080083fe                Reserved74_IRQHandler
 .text.Reserved75_IRQHandler
                0x08008406        0x8 ./startup/startup_rw612.o
                0x08008406                Reserved75_IRQHandler
 .text.Reserved76_IRQHandler
                0x0800840e        0x8 ./startup/startup_rw612.o
                0x0800840e                Reserved76_IRQHandler
 .text.LCD_IRQHandler
                0x08008416        0x8 ./startup/startup_rw612.o
                0x08008416                LCD_IRQHandler
 .text.CAPTIMER_IRQHandler
                0x0800841e        0x8 ./startup/startup_rw612.o
                0x0800841e                CAPTIMER_IRQHandler
 .text.Reserved79_IRQHandler
                0x08008426        0x8 ./startup/startup_rw612.o
                0x08008426                Reserved79_IRQHandler
 .text.W2MWKUP_DONE0_IRQHandler
                0x0800842e        0x8 ./startup/startup_rw612.o
                0x0800842e                W2MWKUP_DONE0_IRQHandler
 .text.W2MWKUP_DONE1_IRQHandler
                0x08008436        0x8 ./startup/startup_rw612.o
                0x08008436                W2MWKUP_DONE1_IRQHandler
 .text.W2MWKUP_DONE2_IRQHandler
                0x0800843e        0x8 ./startup/startup_rw612.o
                0x0800843e                W2MWKUP_DONE2_IRQHandler
 .text.W2MWKUP_DONE3_IRQHandler
                0x08008446        0x8 ./startup/startup_rw612.o
                0x08008446                W2MWKUP_DONE3_IRQHandler
 .text.W2MWKUP_DONE4_IRQHandler
                0x0800844e        0x8 ./startup/startup_rw612.o
                0x0800844e                W2MWKUP_DONE4_IRQHandler
 .text.W2MWKUP_DONE5_IRQHandler
                0x08008456        0x8 ./startup/startup_rw612.o
                0x08008456                W2MWKUP_DONE5_IRQHandler
 .text.W2MWKUP_DONE6_IRQHandler
                0x0800845e        0x8 ./startup/startup_rw612.o
                0x0800845e                W2MWKUP_DONE6_IRQHandler
 .text.W2MWKUP_DONE7_IRQHandler
                0x08008466        0x8 ./startup/startup_rw612.o
                0x08008466                W2MWKUP_DONE7_IRQHandler
 .text.W2MWKUP0_IRQHandler
                0x0800846e        0x8 ./startup/startup_rw612.o
                0x0800846e                W2MWKUP0_IRQHandler
 .text.W2MWKUP1_IRQHandler
                0x08008476        0x8 ./startup/startup_rw612.o
                0x08008476                W2MWKUP1_IRQHandler
 .text.WL_MCI_INT0_IRQHandler
                0x0800847e        0x8 ./startup/startup_rw612.o
                0x0800847e                WL_MCI_INT0_IRQHandler
 .text.WL_MCI_INT1_IRQHandler
                0x08008486        0x8 ./startup/startup_rw612.o
                0x08008486                WL_MCI_INT1_IRQHandler
 .text.WL_MCI_INT2_IRQHandler
                0x0800848e        0x8 ./startup/startup_rw612.o
                0x0800848e                WL_MCI_INT2_IRQHandler
 .text.WL_MCI_INT3_IRQHandler
                0x08008496        0x8 ./startup/startup_rw612.o
                0x08008496                WL_MCI_INT3_IRQHandler
 .text.WL_MCI_INT4_IRQHandler
                0x0800849e        0x8 ./startup/startup_rw612.o
                0x0800849e                WL_MCI_INT4_IRQHandler
 .text.WL_MCI_INT5_IRQHandler
                0x080084a6        0x8 ./startup/startup_rw612.o
                0x080084a6                WL_MCI_INT5_IRQHandler
 .text.WL_MCI_INT6_IRQHandler
                0x080084ae        0x8 ./startup/startup_rw612.o
                0x080084ae                WL_MCI_INT6_IRQHandler
 .text.WL_MCI_INT7_IRQHandler
                0x080084b6        0x8 ./startup/startup_rw612.o
                0x080084b6                WL_MCI_INT7_IRQHandler
 .text.B2MWKUP_DONE0_IRQHandler
                0x080084be        0x8 ./startup/startup_rw612.o
                0x080084be                B2MWKUP_DONE0_IRQHandler
 .text.B2MWKUP_DONE1_IRQHandler
                0x080084c6        0x8 ./startup/startup_rw612.o
                0x080084c6                B2MWKUP_DONE1_IRQHandler
 .text.B2MWKUP_DONE2_IRQHandler
                0x080084ce        0x8 ./startup/startup_rw612.o
                0x080084ce                B2MWKUP_DONE2_IRQHandler
 .text.B2MWKUP_DONE3_IRQHandler
                0x080084d6        0x8 ./startup/startup_rw612.o
                0x080084d6                B2MWKUP_DONE3_IRQHandler
 .text.B2MWKUP_DONE4_IRQHandler
                0x080084de        0x8 ./startup/startup_rw612.o
                0x080084de                B2MWKUP_DONE4_IRQHandler
 .text.B2MWKUP_DONE5_IRQHandler
                0x080084e6        0x8 ./startup/startup_rw612.o
                0x080084e6                B2MWKUP_DONE5_IRQHandler
 .text.B2MWKUP_DONE6_IRQHandler
                0x080084ee        0x8 ./startup/startup_rw612.o
                0x080084ee                B2MWKUP_DONE6_IRQHandler
 .text.B2MWKUP_DONE7_IRQHandler
                0x080084f6        0x8 ./startup/startup_rw612.o
                0x080084f6                B2MWKUP_DONE7_IRQHandler
 .text.B2MWKUP0_IRQHandler
                0x080084fe        0x8 ./startup/startup_rw612.o
                0x080084fe                B2MWKUP0_IRQHandler
 .text.B2MWKUP1_IRQHandler
                0x08008506        0x8 ./startup/startup_rw612.o
                0x08008506                B2MWKUP1_IRQHandler
 .text.BLE_MCI_INT0_IRQHandler
                0x0800850e        0x8 ./startup/startup_rw612.o
                0x0800850e                BLE_MCI_INT0_IRQHandler
 .text.BLE_MCI_INT1_IRQHandler
                0x08008516        0x8 ./startup/startup_rw612.o
                0x08008516                BLE_MCI_INT1_IRQHandler
 .text.BLE_MCI_INT2_IRQHandler
                0x0800851e        0x8 ./startup/startup_rw612.o
                0x0800851e                BLE_MCI_INT2_IRQHandler
 .text.BLE_MCI_INT3_IRQHandler
                0x08008526        0x8 ./startup/startup_rw612.o
                0x08008526                BLE_MCI_INT3_IRQHandler
 .text.BLE_MCI_INT4_IRQHandler
                0x0800852e        0x8 ./startup/startup_rw612.o
                0x0800852e                BLE_MCI_INT4_IRQHandler
 .text.BLE_MCI_INT5_IRQHandler
                0x08008536        0x8 ./startup/startup_rw612.o
                0x08008536                BLE_MCI_INT5_IRQHandler
 .text.BLE_MCI_INT6_IRQHandler
                0x0800853e        0x8 ./startup/startup_rw612.o
                0x0800853e                BLE_MCI_INT6_IRQHandler
 .text.BLE_MCI_INT7_IRQHandler
                0x08008546        0x8 ./startup/startup_rw612.o
                0x08008546                BLE_MCI_INT7_IRQHandler
 .text.PIN0_INT_IRQHandler
                0x0800854e        0x8 ./startup/startup_rw612.o
                0x0800854e                PIN0_INT_IRQHandler
 .text.PIN1_INT_IRQHandler
                0x08008556        0x8 ./startup/startup_rw612.o
                0x08008556                PIN1_INT_IRQHandler
 .text.ELS_IRQHandler
                0x0800855e        0x8 ./startup/startup_rw612.o
                0x0800855e                ELS_IRQHandler
 .text.ELS_GDET_IRQHandler
                0x08008566        0x8 ./startup/startup_rw612.o
                0x08008566                ELS_GDET_IRQHandler
 .text.ELS_GDET_UM_IRQHandler
                0x0800856e        0x8 ./startup/startup_rw612.o
                0x0800856e                ELS_GDET_UM_IRQHandler
 .text.PKC_INT_IRQHandler
                0x08008576        0x8 ./startup/startup_rw612.o
                0x08008576                PKC_INT_IRQHandler
 .text.PKC_ERR_IRQHandler
                0x0800857e        0x8 ./startup/startup_rw612.o
                0x0800857e                PKC_ERR_IRQHandler
 .text.CDOG_INT_IRQHandler
                0x08008586        0x8 ./startup/startup_rw612.o
                0x08008586                CDOG_INT_IRQHandler
 .text.GAU_DAC_IRQHandler
                0x0800858e        0x8 ./startup/startup_rw612.o
                0x0800858e                GAU_DAC_IRQHandler
 .text.GAU_ACOMP_WKUP_IRQHandler
                0x08008596        0x8 ./startup/startup_rw612.o
                0x08008596                GAU_ACOMP_WKUP_IRQHandler
 .text.GAU_ACOMP_IRQHandler
                0x0800859e        0x8 ./startup/startup_rw612.o
                0x0800859e                GAU_ACOMP_IRQHandler
 .text.GAU_ADC1_IRQHandler
                0x080085a6        0x8 ./startup/startup_rw612.o
                0x080085a6                GAU_ADC1_IRQHandler
 .text.GAU_ADC0_IRQHandler
                0x080085ae        0x8 ./startup/startup_rw612.o
                0x080085ae                GAU_ADC0_IRQHandler
 .text.USIM_IRQHandler
                0x080085b6        0x8 ./startup/startup_rw612.o
                0x080085b6                USIM_IRQHandler
 .text.OTP_IRQHandler
                0x080085be        0x8 ./startup/startup_rw612.o
                0x080085be                OTP_IRQHandler
 .text.ENET_IRQHandler
                0x080085c6        0x8 ./startup/startup_rw612.o
                0x080085c6                ENET_IRQHandler
 .text.ENET_TIMER_IRQHandler
                0x080085ce        0x8 ./startup/startup_rw612.o
                0x080085ce                ENET_TIMER_IRQHandler
 .text.PMIP_IRQHandler
                0x080085d6        0x8 ./startup/startup_rw612.o
                0x080085d6                PMIP_IRQHandler
 .text.PMIP_CHANGE_IRQHandler
                0x080085de        0x8 ./startup/startup_rw612.o
                0x080085de                PMIP_CHANGE_IRQHandler
 .text.ITRC_IRQHandler
                0x080085e6        0x8 ./startup/startup_rw612.o
                0x080085e6                ITRC_IRQHandler
 .text.Reserved136_IRQHandler
                0x080085ee        0x8 ./startup/startup_rw612.o
                0x080085ee                Reserved136_IRQHandler
 .text.Reserved137_IRQHandler
                0x080085f6        0x8 ./startup/startup_rw612.o
                0x080085f6                Reserved137_IRQHandler
 .text.Reserved138_IRQHandler
                0x080085fe        0x8 ./startup/startup_rw612.o
                0x080085fe                Reserved138_IRQHandler
 .text.TRNG_IRQHandler
                0x08008606        0x8 ./startup/startup_rw612.o
                0x08008606                TRNG_IRQHandler
 .text.ACC_C_INT_IRQHandler
                0x0800860e        0x8 ./startup/startup_rw612.o
                0x0800860e                ACC_C_INT_IRQHandler
 .text.ACC_S_INT_IRQHandler
                0x08008616        0x8 ./startup/startup_rw612.o
                0x08008616                ACC_S_INT_IRQHandler
 .text.WACC_IRQHandler
                0x0800861e        0x8 ./startup/startup_rw612.o
                0x0800861e                WACC_IRQHandler
 .text.BACC_IRQHandler
                0x08008626        0x8 ./startup/startup_rw612.o
                0x08008626                BACC_IRQHandler
 .text.GDMA_IRQHandler
                0x0800862e        0x8 ./startup/startup_rw612.o
                0x0800862e                GDMA_IRQHandler
 .text.ENET_ActiveRead
                0x08008636       0x1c ./source/enet_txrx_transfer.o
 .text.PHY_Init
                0x08008652       0x28 ./source/enet_txrx_transfer.o
 .text.PHY_GetAutoNegotiationStatus
                0x0800867a       0x20 ./source/enet_txrx_transfer.o
 .text.PHY_GetLinkStatus
                0x0800869a       0x20 ./source/enet_txrx_transfer.o
 .text.PHY_GetLinkSpeedDuplex
                0x080086ba       0x24 ./source/enet_txrx_transfer.o
 .text.HardFault_Handler
                0x080086de       0x36 ./source/semihost_hardfault.o
                0x080086de                HardFault_Handler
 .text.CLOCK_GetClk32KFreq
                0x08008714       0x12 ./drivers/fsl_clock.o
 .text.CLOCK_Delay
                0x08008726       0x22 ./drivers/fsl_clock.o
 .text.CLOCK_SetClkDiv
                0x08008748       0x78 ./drivers/fsl_clock.o
                0x08008748                CLOCK_SetClkDiv
 .text.CLOCK_GetFFroFreq
                0x080087c0        0xe ./drivers/fsl_clock.o
                0x080087c0                CLOCK_GetFFroFreq
 .text.CLOCK_GetSFroFreq
                0x080087ce       0x10 ./drivers/fsl_clock.o
                0x080087ce                CLOCK_GetSFroFreq
 .text.DelayLoop
                0x080087de       0x20 ./drivers/fsl_common_arm.o
 .text.EnableIRQ
                0x080087fe       0x32 ./drivers/fsl_enet.o
 .text.DisableGlobalIRQ
                0x08008830       0x22 ./drivers/fsl_enet.o
 .text.EnableGlobalIRQ
                0x08008852       0x20 ./drivers/fsl_enet.o
 .text.MEMORY_ConvertMemoryMapAddress
                0x08008872       0x74 ./drivers/fsl_enet.o
 .text.ENET_Reset
                0x080088e6       0x20 ./drivers/fsl_enet.o
 .text.ENET_GetSMI
                0x08008906       0x26 ./drivers/fsl_enet.o
 .text.ENET_ReadSMIData
                0x0800892c       0x1a ./drivers/fsl_enet.o
 .text.ENET_StartSMIWrite
                0x08008946       0x52 ./drivers/fsl_enet.o
 .text.ENET_StartSMIRead
                0x08008998       0x4e ./drivers/fsl_enet.o
 .text.ENET_EnableSleepMode
                0x080089e6       0x38 ./drivers/fsl_enet.o
 .text.ENET_EnableInterrupts
                0x08008a1e       0x22 ./drivers/fsl_enet.o
 .text.ENET_GetInterruptStatus
                0x08008a40       0x18 ./drivers/fsl_enet.o
 .text.ENET_ClearInterruptStatus
                0x08008a58       0x1c ./drivers/fsl_enet.o
 .text.ENET_Init
                0x08008a74       0x4e ./drivers/fsl_enet.o
                0x08008a74                ENET_Init
 .text.ENET_SetMacAddr
                0x08008ac2       0x5e ./drivers/fsl_enet.o
                0x08008ac2                ENET_SetMacAddr
 .text.ENET_MDIOWaitTransferOver
                0x08008b20       0x2a ./drivers/fsl_enet.o
 .text.ENET_MDIOWrite
                0x08008b4a       0x5e ./drivers/fsl_enet.o
                0x08008b4a                ENET_MDIOWrite
 .text.ENET_TxDirtyRingAvailable
                0x08008ba8       0x2e ./drivers/fsl_enet.o
 .text.ENET_EnableStatistics
                0x08008bd6       0x38 ./drivers/fsl_enet.o
                0x08008bd6                ENET_EnableStatistics
 .text.FLEXCOMM_PeripheralIsPresent
                0x08008c0e       0x64 ./drivers/fsl_flexcomm.o
 .text.FLEXCOMM_SetPeriph
                0x08008c72       0x74 ./drivers/fsl_flexcomm.o
 .text.GPIO_PinInit
                0x08008ce6       0xa4 ./drivers/fsl_gpio.o
                0x08008ce6                GPIO_PinInit
 .text.OCOTP_ReadSocOtp
                0x08008d8a       0x6a ./drivers/fsl_ocotp.o
                0x08008d8a                OCOTP_ReadSocOtp
 .text.DisableGlobalIRQ
                0x08008df4       0x22 ./drivers/fsl_power.o
 .text.EnableGlobalIRQ
                0x08008e16       0x20 ./drivers/fsl_power.o
 .text.RESET_PeripheralReset
                0x08008e36       0x22 ./drivers/fsl_reset.o
                0x08008e36                RESET_PeripheralReset
 .text.USART_EnableContinuousSCLK
                0x08008e58       0x38 ./drivers/fsl_usart.o
 .text.USART_SetRxTimeoutConfig
                0x08008e90       0x68 ./drivers/fsl_usart.o
                0x08008e90                USART_SetRxTimeoutConfig
 .text.getFFroFreq
                0x08008ef8        0xe ./device/system_RW612.o
 .text.getSFroFreq
                0x08008f06       0x10 ./device/system_RW612.o
 .text.SystemInitHook
                0x08008f16        0xe ./device/system_RW612.o
                0x08008f16                SystemInitHook
 .text.HAL_UartGetStatus
                0x08008f24       0x22 ./component/uart/fsl_adapter_usart.o
 .text.HAL_UartInit
                0x08008f46       0x36 ./component/uart/fsl_adapter_usart.o
                0x08008f46                HAL_UartInit
 .text.PHY_KSZ8081_Write
                0x08008f7c       0x2a ./component/phy/fsl_phyksz8081.o
                0x08008f7c                PHY_KSZ8081_Write
 .text.PHY_KSZ8081_Read
                0x08008fa6       0x28 ./component/phy/fsl_phyksz8081.o
                0x08008fa6                PHY_KSZ8081_Read
 .text.PHY_KSZ8081_EnableLinkInterrupt
                0x08008fce       0xb6 ./component/phy/fsl_phyksz8081.o
                0x08008fce                PHY_KSZ8081_EnableLinkInterrupt
 .text.PHY_KSZ8081_ClearInterrupt
                0x08009084       0x24 ./component/phy/fsl_phyksz8081.o
                0x08009084                PHY_KSZ8081_ClearInterrupt
 .text.mcuxClEls_getSfrField
                0x080090a8       0x24 ./component/els_pkc/src/comps/mcuxClEls/src/mcuxClEls_Common.o
 .text.mcuxClEls_GlitchDetector_LoadConfig_Async
                0x080090cc       0x98 ./component/els_pkc/src/comps/mcuxClEls/src/mcuxClEls_GlitchDetector.o
                0x080090cc                mcuxClEls_GlitchDetector_LoadConfig_Async
 .text.BOARD_InitBootClocks
                0x08009164        0xc ./board/clock_config.o
                0x08009164                BOARD_InitBootClocks
 .text.GPIO_PinWrite
                0x08009170       0x2a ./board/hardware_init.o
 .text.BOARD_InitBootPins
                0x0800919a        0xc ./board/pin_mux.o
                0x0800919a                BOARD_InitBootPins
 .text.__main   0x080091a6        0xe C:/nxp/MCUXpressoIDE_24.12.148/ide/plugins/com.nxp.mcuxpresso.tools.win32_24.12.0.202407110909/tools/bin/../lib/gcc/arm-none-eabi/13.2.1/../../../../arm-none-eabi/lib/thumb/v8-m.main+fp/hard\libcr_nohost_nf.a(_cr__main.o)
                0x080091a6                __main
 .text.memset   0x080091b4        0x4 C:/nxp/MCUXpressoIDE_24.12.148/ide/plugins/com.nxp.mcuxpresso.tools.win32_24.12.0.202407110909/tools/bin/../lib/gcc/arm-none-eabi/13.2.1/../../../../arm-none-eabi/lib/thumb/v8-m.main+fp/hard\libcr_c.a(memset.o)
                0x080091b4                memset
 .text.free     0x080091b8       0x30 C:/nxp/MCUXpressoIDE_24.12.148/ide/plugins/com.nxp.mcuxpresso.tools.win32_24.12.0.202407110909/tools/bin/../lib/gcc/arm-none-eabi/13.2.1/../../../../arm-none-eabi/lib/thumb/v8-m.main+fp/hard\libcr_c.a(alloc.o)
                0x080091b8                free
 .text.setvbuf  0x080091e8       0x3e C:/nxp/MCUXpressoIDE_24.12.148/ide/plugins/com.nxp.mcuxpresso.tools.win32_24.12.0.202407110909/tools/bin/../lib/gcc/arm-none-eabi/13.2.1/../../../../arm-none-eabi/lib/thumb/v8-m.main+fp/hard\libcr_c.a(setvbuf.o)
                0x080091e8                setvbuf
 .text.strlen   0x08009226       0x4e C:/nxp/MCUXpressoIDE_24.12.148/ide/plugins/com.nxp.mcuxpresso.tools.win32_24.12.0.202407110909/tools/bin/../lib/gcc/arm-none-eabi/13.2.1/../../../../arm-none-eabi/lib/thumb/v8-m.main+fp/hard\libcr_c.a(strlen.o)
                0x08009226                strlen
 .text._deferredlazyseek
                0x08009274       0x40 C:/nxp/MCUXpressoIDE_24.12.148/ide/plugins/com.nxp.mcuxpresso.tools.win32_24.12.0.202407110909/tools/bin/../lib/gcc/arm-none-eabi/13.2.1/../../../../arm-none-eabi/lib/thumb/v8-m.main+fp/hard\libcr_c.a(_deferredlazyseek.o)
                0x08009274                _deferredlazyseek
 .text._fdopen  0x080092b4       0x68 C:/nxp/MCUXpressoIDE_24.12.148/ide/plugins/com.nxp.mcuxpresso.tools.win32_24.12.0.202407110909/tools/bin/../lib/gcc/arm-none-eabi/13.2.1/../../../../arm-none-eabi/lib/thumb/v8-m.main+fp/hard\libcr_c.a(_fdopen.o)
                0x080092b4                _fdopen
 .text._fflush  0x0800931c       0x52 C:/nxp/MCUXpressoIDE_24.12.148/ide/plugins/com.nxp.mcuxpresso.tools.win32_24.12.0.202407110909/tools/bin/../lib/gcc/arm-none-eabi/13.2.1/../../../../arm-none-eabi/lib/thumb/v8-m.main+fp/hard\libcr_c.a(_fflush.o)
                0x0800931c                _fflush
 .text.fclose   0x0800936e       0x58 C:/nxp/MCUXpressoIDE_24.12.148/ide/plugins/com.nxp.mcuxpresso.tools.win32_24.12.0.202407110909/tools/bin/../lib/gcc/arm-none-eabi/13.2.1/../../../../arm-none-eabi/lib/thumb/v8-m.main+fp/hard\libcr_c.a(fclose.o)
                0x0800936e                fclose
 .text.remove   0x080093c6       0x14 C:/nxp/MCUXpressoIDE_24.12.148/ide/plugins/com.nxp.mcuxpresso.tools.win32_24.12.0.202407110909/tools/bin/../lib/gcc/arm-none-eabi/13.2.1/../../../../arm-none-eabi/lib/thumb/v8-m.main+fp/hard\libcr_c.a(remove.o)
                0x080093c6                remove
 .text._do_fflush
                0x080093da       0x40 C:/nxp/MCUXpressoIDE_24.12.148/ide/plugins/com.nxp.mcuxpresso.tools.win32_24.12.0.202407110909/tools/bin/../lib/gcc/arm-none-eabi/13.2.1/../../../../arm-none-eabi/lib/thumb/v8-m.main+fp/hard\libcr_c.a(_do_fflush.o)
                0x080093da                _do_fflush
 .text.__aeabi_division_ldivmod
                0x0800941a       0x26 C:/nxp/MCUXpressoIDE_24.12.148/ide/plugins/com.nxp.mcuxpresso.tools.win32_24.12.0.202407110909/tools/bin/../lib/gcc/arm-none-eabi/13.2.1/thumb/v8-m.main+fp/hard\libcr_eabihelpers.a(division_64.o)
                0x0800941a                __aeabi_ldivmod
 .text.__aeabi_division_uldivmod
                0x08009440      0x174 C:/nxp/MCUXpressoIDE_24.12.148/ide/plugins/com.nxp.mcuxpresso.tools.win32_24.12.0.202407110909/tools/bin/../lib/gcc/arm-none-eabi/13.2.1/thumb/v8-m.main+fp/hard\libcr_eabihelpers.a(division_64.o)
                0x08009440                __aeabi_uldivmod
                0x08009444                __bhs_ldivmod1
 .text.__aeabi_division_idiv0
                0x080095b4        0x2 C:/nxp/MCUXpressoIDE_24.12.148/ide/plugins/com.nxp.mcuxpresso.tools.win32_24.12.0.202407110909/tools/bin/../lib/gcc/arm-none-eabi/13.2.1/thumb/v8-m.main+fp/hard\libcr_eabihelpers.a(division_idiv0.o)
                0x080095b4                __aeabi_idiv0
 .text.__aeabi_memset_lowlevel
                0x080095b6       0x32 C:/nxp/MCUXpressoIDE_24.12.148/ide/plugins/com.nxp.mcuxpresso.tools.win32_24.12.0.202407110909/tools/bin/../lib/gcc/arm-none-eabi/13.2.1/thumb/v8-m.main+fp/hard\libcr_eabihelpers.a(memcpy.o)
                0x080095b6                __aeabi_lowlevel_memset
 .text.__sys_close
                0x080095e8        0x6 C:/nxp/MCUXpressoIDE_24.12.148/ide/plugins/com.nxp.mcuxpresso.tools.win32_24.12.0.202407110909/tools/bin/../lib/gcc/arm-none-eabi/13.2.1/../../../../arm-none-eabi/lib/thumb/v8-m.main+fp/hard\libcr_nohost_nf.a(__sys_close.o)
                0x080095e8                __sys_close
 .text.__sys_flen
                0x080095ee        0x6 C:/nxp/MCUXpressoIDE_24.12.148/ide/plugins/com.nxp.mcuxpresso.tools.win32_24.12.0.202407110909/tools/bin/../lib/gcc/arm-none-eabi/13.2.1/../../../../arm-none-eabi/lib/thumb/v8-m.main+fp/hard\libcr_nohost_nf.a(__sys_flen.o)
                0x080095ee                __sys_flen
 .text.__sys_istty
                0x080095f4        0x6 C:/nxp/MCUXpressoIDE_24.12.148/ide/plugins/com.nxp.mcuxpresso.tools.win32_24.12.0.202407110909/tools/bin/../lib/gcc/arm-none-eabi/13.2.1/../../../../arm-none-eabi/lib/thumb/v8-m.main+fp/hard\libcr_nohost_nf.a(__sys_istty.o)
                0x080095f4                __sys_istty
 .text.__sys_remove
                0x080095fa        0x6 C:/nxp/MCUXpressoIDE_24.12.148/ide/plugins/com.nxp.mcuxpresso.tools.win32_24.12.0.202407110909/tools/bin/../lib/gcc/arm-none-eabi/13.2.1/../../../../arm-none-eabi/lib/thumb/v8-m.main+fp/hard\libcr_nohost_nf.a(__sys_remove.o)
                0x080095fa                __sys_remove
 .text.__sys_seek
                0x08009600        0x6 C:/nxp/MCUXpressoIDE_24.12.148/ide/plugins/com.nxp.mcuxpresso.tools.win32_24.12.0.202407110909/tools/bin/../lib/gcc/arm-none-eabi/13.2.1/../../../../arm-none-eabi/lib/thumb/v8-m.main+fp/hard\libcr_nohost_nf.a(__sys_seek.o)
                0x08009600                __sys_seek
 .text.__sys_tmpnam
                0x08009606        0x6 C:/nxp/MCUXpressoIDE_24.12.148/ide/plugins/com.nxp.mcuxpresso.tools.win32_24.12.0.202407110909/tools/bin/../lib/gcc/arm-none-eabi/13.2.1/../../../../arm-none-eabi/lib/thumb/v8-m.main+fp/hard\libcr_nohost_nf.a(__sys_tmpnam.o)
                0x08009606                __sys_tmpnam
 .text.__sys_write
                0x0800960c        0x4 C:/nxp/MCUXpressoIDE_24.12.148/ide/plugins/com.nxp.mcuxpresso.tools.win32_24.12.0.202407110909/tools/bin/../lib/gcc/arm-none-eabi/13.2.1/../../../../arm-none-eabi/lib/thumb/v8-m.main+fp/hard\libcr_nohost_nf.a(__sys_write.o)
                0x0800960c                __sys_write
 .text.__sys_write.__stub
                0x08009610       0x20 linker stubs
 *(SORT_BY_ALIGNMENT(.rodata) SORT_BY_ALIGNMENT(.rodata.*) SORT_BY_ALIGNMENT(.constdata) SORT_BY_ALIGNMENT(.constdata.*))
 .rodata.__assertion_failed.str1.4
                0x08009630     0x1516 ./utilities/fsl_assert.o
                                 0x14 (size before relaxing)
 .rodata.main.str1.4
                0x0800ab46      0x190 ./source/enet_txrx_transfer.o
 *fill*         0x0800ab46        0x2 ff
 .rodata        0x0800ab48       0x20 ./source/enet_txrx_transfer.o
 .rodata.s_avpllFreq
                0x0800ab68       0x2c ./drivers/fsl_clock.o
 .rodata.s_avpllFreqOff
                0x0800ab94       0x2c ./drivers/fsl_clock.o
 .rodata.s_avpllPostDiv
                0x0800abc0       0x2c ./drivers/fsl_clock.o
 .rodata.s_avpllPostDiv0p5
                0x0800abec       0x2c ./drivers/fsl_clock.o
 .rodata.CLOCK_GetT3PllMciIrcClkFreq.str1.4
                0x0800ac18       0x18 ./drivers/fsl_clock.o
 .rodata.CLOCK_GetTcpuFvcoFreq.str1.4
                0x0800ac18       0x18 ./drivers/fsl_clock.o
 .rodata.CLOCK_EnableClock.str1.4
                0x0800ac18       0x18 ./drivers/fsl_clock.o
 .rodata.CLOCK_DisableClock.str1.4
                0x0800ac18       0x18 ./drivers/fsl_clock.o
 .rodata.CLOCK_GetFRGClock.str1.4
                0x0800ac18       0x18 ./drivers/fsl_clock.o
 .rodata.CLOCK_SetFRGClock.str1.4
                0x0800ac18       0x60 ./drivers/fsl_clock.o
 .rodata.CLOCK_GetFlexCommClkFreq.str1.4
                0x0800ac18       0x18 ./drivers/fsl_clock.o
 .rodata.CLOCK_CfgTcpuRefClk.str1.4
                0x0800ac18       0x19 ./drivers/fsl_clock.o
 .rodata.CLOCK_InitAvPll.str1.4
                0x0800ac18       0x18 ./drivers/fsl_clock.o
 .rodata.SDK_DelayAtLeastUs.str1.4
                0x0800ac18       0x2b ./drivers/fsl_common_arm.o
 .rodata.s_enetClock
                0x0800ac18        0x4 ./drivers/fsl_enet.o
                0x0800ac18                s_enetClock
 .rodata.s_enetExtraClock
                0x0800ac1c        0x4 ./drivers/fsl_enet.o
                0x0800ac1c                s_enetExtraClock
 .rodata.s_enetResets
                0x0800ac20        0x4 ./drivers/fsl_enet.o
 .rodata.ENET_GetInstance.str1.4
                0x0800ac24       0x34 ./drivers/fsl_enet.o
 .rodata.ENET_GetDefaultConfig.str1.4
                0x0800ac24       0x20 ./drivers/fsl_enet.o
 .rodata.ENET_Up.str1.4
                0x0800ac24       0xe0 ./drivers/fsl_enet.o
 .rodata.ENET_SetHandler.str1.4
                0x0800ac24       0x58 ./drivers/fsl_enet.o
 .rodata.ENET_SetTxBufferDescriptors.str1.4
                0x0800ac24       0x60 ./drivers/fsl_enet.o
 .rodata.ENET_SetRxBufferDescriptors.str1.4
                0x0800ac24       0x96 ./drivers/fsl_enet.o
 .rodata.ENET_RxBufferFreeAll.str1.4
                0x0800ac24       0x67 ./drivers/fsl_enet.o
 .rodata.ENET_ActiveReadRing.str1.4
                0x0800ac24       0x64 ./drivers/fsl_enet.o
 .rodata.ENET_ActiveSendRing.str1.4
                0x0800ac24       0x4b ./drivers/fsl_enet.o
 .rodata.ENET_SetSMI.str1.4
                0x0800ac24       0x45 ./drivers/fsl_enet.o
 .rodata.ENET_MDIORead.str1.4
                0x0800ac24       0x20 ./drivers/fsl_enet.o
 .rodata.ENET_IncreaseIndex.str1.4
                0x0800ac24       0x1e ./drivers/fsl_enet.o
 .rodata.ENET_GetRxErrBeforeReadFrame.str1.4
                0x0800ac24       0x87 ./drivers/fsl_enet.o
 .rodata.ENET_GetRxFrameSize.str1.4
                0x0800ac24       0x83 ./drivers/fsl_enet.o
 .rodata.ENET_ReadFrame.str1.4
                0x0800ac24       0x6f ./drivers/fsl_enet.o
 .rodata.ENET_UpdateReadBuffers.str1.4
                0x0800ac24       0x6f ./drivers/fsl_enet.o
 .rodata.ENET_SendFrame.str1.4
                0x0800ac24       0x8f ./drivers/fsl_enet.o
 .rodata.ENET_ReclaimTxDescriptor.str1.4
                0x0800ac24       0x4b ./drivers/fsl_enet.o
 .rodata.ENET_TransmitIRQHandler.str1.4
                0x0800ac24       0x21 ./drivers/fsl_enet.o
 .rodata.ENET_ReceiveIRQHandler.str1.4
                0x0800ac24       0x21 ./drivers/fsl_enet.o
 .rodata.ENET_ErrorIRQHandler.str1.4
                0x0800ac24       0x21 ./drivers/fsl_enet.o
 .rodata.s_flexcommBaseAddrs
                0x0800ac24       0x14 ./drivers/fsl_flexcomm.o
 .rodata.s_flexcommClocks
                0x0800ac38       0x14 ./drivers/fsl_flexcomm.o
 .rodata.s_flexcommResets
                0x0800ac4c        0xa ./drivers/fsl_flexcomm.o
 .rodata.FLEXCOMM_GetInstance.str1.4
                0x0800ac56       0x41 ./drivers/fsl_flexcomm.o
 .rodata.FLEXCOMM0_DriverIRQHandler.str1.4
                0x0800ac56       0x3c ./drivers/fsl_flexcomm.o
 .rodata.FLEXCOMM1_DriverIRQHandler.str1.4
                0x0800ac56       0x3c ./drivers/fsl_flexcomm.o
 .rodata.FLEXCOMM2_DriverIRQHandler.str1.4
                0x0800ac56       0x3c ./drivers/fsl_flexcomm.o
 .rodata.FLEXCOMM3_DriverIRQHandler.str1.4
                0x0800ac56       0x3c ./drivers/fsl_flexcomm.o
 .rodata.FLEXCOMM14_DriverIRQHandler.str1.4
                0x0800ac56       0x3c ./drivers/fsl_flexcomm.o
 *fill*         0x0800ac56        0x2 ff
 .rodata.s_gpioClockName
                0x0800ac58        0x8 ./drivers/fsl_gpio.o
 .rodata.s_gpioResets
                0x0800ac60        0x4 ./drivers/fsl_gpio.o
 .rodata.GPIO_EnablePortClock.str1.4
                0x0800ac64       0x33 ./drivers/fsl_gpio.o
 .rodata.OCOTP_ReadSVC.str1.4
                0x0800ac64       0x1e ./drivers/fsl_ocotp.o
 .rodata.OCOTP_ReadPackage.str1.4
                0x0800ac64       0x1f ./drivers/fsl_ocotp.o
 .rodata.str1.4
                0x0800ac64      0x127 ./drivers/fsl_power.o
 .rodata.s_droTable
                0x0800ac64       0x13 ./drivers/fsl_power.o
 .rodata.POWER_GetThresholdParams.str1.4
                0x0800ac77       0x60 ./drivers/fsl_power.o
 .rodata.POWER_SaveNvicState.str1.4
                0x0800ac77       0x76 ./drivers/fsl_power.o
 .rodata.POWER_EnableWakeup.str1.4
                0x0800ac77       0x24 ./drivers/fsl_power.o
 .rodata.Power_InitLoadGdetCfg.str1.4
                0x0800ac77       0x62 ./drivers/fsl_power.o
 .rodata.POWER_InitVoltage.str1.4
                0x0800ac77       0x46 ./drivers/fsl_power.o
 .rodata.POWER_TrimSvc.str1.4
                0x0800ac77       0x1e ./drivers/fsl_power.o
 .rodata.RESET_SetPeripheralReset.str1.4
                0x0800ac77       0x1e ./drivers/fsl_reset.o
 .rodata.RESET_ClearPeripheralReset.str1.4
                0x0800ac77       0x1f ./drivers/fsl_reset.o
 .rodata.USART_Init.str1.4
                0x0800ac77       0x4f ./drivers/fsl_usart.o
 .rodata.USART_GetDefaultConfig.str1.4
                0x0800ac77       0x21 ./drivers/fsl_usart.o
 .rodata.USART_SetBaudRate.str1.4
                0x0800ac77       0x53 ./drivers/fsl_usart.o
 .rodata.USART_WriteBlocking.str1.4
                0x0800ac77       0x36 ./drivers/fsl_usart.o
 .rodata.USART_ReadBlocking.str1.4
                0x0800ac77       0x36 ./drivers/fsl_usart.o
 *fill*         0x0800ac77        0x1 ff
 .rodata.s_UsartAdapterBase
                0x0800ac78       0x14 ./component/uart/fsl_adapter_usart.o
 .rodata.HAL_UartInitCommon.str1.4
                0x0800ac8c       0xeb ./component/uart/fsl_adapter_usart.o
 .rodata.HAL_UartReceiveBlocking.str1.4
                0x0800ac8c       0x65 ./component/uart/fsl_adapter_usart.o
 .rodata.HAL_UartSendBlocking.str1.4
                0x0800ac8c       0x65 ./component/uart/fsl_adapter_usart.o
 .rodata.phyksz8081_ops
                0x0800ac8c       0x30 ./component/phy/fsl_phyksz8081.o
                0x0800ac8c                phyksz8081_ops
 .rodata.PHY_KSZ8081_Init.str1.4
                0x0800acbc       0x37 ./component/phy/fsl_phyksz8081.o
 .rodata.PHY_KSZ8081_GetAutoNegotiationStatus.str1.4
                0x0800acbc       0x1e ./component/phy/fsl_phyksz8081.o
 .rodata.PHY_KSZ8081_GetLinkStatus.str1.4
                0x0800acbc       0x1e ./component/phy/fsl_phyksz8081.o
 .rodata.PHY_KSZ8081_GetLinkSpeedDuplex.str1.4
                0x0800acbc       0x3e ./component/phy/fsl_phyksz8081.o
 .rodata.PHY_KSZ8081_SetLinkSpeedDuplex.str1.4
                0x0800acbc       0x2f ./component/phy/fsl_phyksz8081.o
 .rodata.PHY_KSZ8081_EnableLoopback.str1.4
                0x0800acbc       0x8f ./component/phy/fsl_phyksz8081.o
 .rodata        0x0800acbc       0x24 ./board/board.o
 .rodata.ConfigSvcSensor.str1.4
                0x0800ace0       0x28 ./board/board.o
 .rodata.avpllConfig_BOARD_BootClockRUN
                0x0800ace0        0x3 ./board/clock_config.o
                0x0800ace0                avpllConfig_BOARD_BootClockRUN
 .rodata.IO_MUX_SetPinMux.str1.4
                0x0800ace3       0xa1 ./board/pin_mux.o
 .rodata.IO_MUX_SetPinConfig.str1.4
                0x0800ace3       0x7e ./board/pin_mux.o
 *fill*         0x0800ace3        0x1 ff
 .rodata        0x0800ace4        0x2 ./board/pin_mux.o
 *fill*         0x0800ace6        0x2 ff
 .rodata.__num_Ciob_streams
                0x0800ace8        0x4 C:/nxp/MCUXpressoIDE_24.12.148/ide/plugins/com.nxp.mcuxpresso.tools.win32_24.12.0.202407110909/tools/bin/../lib/gcc/arm-none-eabi/13.2.1/../../../../arm-none-eabi/lib/thumb/v8-m.main+fp/hard\libcr_nohost_nf.a(__ciob.o)
                0x0800ace8                __num_Ciob_streams
 .rodata._initio.str1.1
                0x0800acec        0x4 C:/nxp/MCUXpressoIDE_24.12.148/ide/plugins/com.nxp.mcuxpresso.tools.win32_24.12.0.202407110909/tools/bin/../lib/gcc/arm-none-eabi/13.2.1/../../../../arm-none-eabi/lib/thumb/v8-m.main+fp/hard\libcr_c.a(initio.o)
                0x0800acf0                        . = ALIGN (0x4)

.glue_7         0x0800acf0        0x0
 .glue_7        0x0800acf0        0x0 linker stubs

.glue_7t        0x0800acf0        0x0
 .glue_7t       0x0800acf0        0x0 linker stubs

.vfp11_veneer   0x0800acf0        0x0
 .vfp11_veneer  0x0800acf0        0x0 linker stubs

.v4_bx          0x0800acf0        0x0
 .v4_bx         0x0800acf0        0x0 linker stubs

.iplt           0x0800acf0        0x0
 .iplt          0x0800acf0        0x0 ./utilities/debug_console_lite/fsl_debug_console.o

.rel.dyn        0x0800acf0        0x0
 .rel.iplt      0x0800acf0        0x0 ./utilities/debug_console_lite/fsl_debug_console.o

.ARM.extab
 *(SORT_BY_ALIGNMENT(.ARM.extab*) SORT_BY_ALIGNMENT(.gnu.linkonce.armextab.*))

.ARM.exidx      0x0800acf0        0x0
                0x0800acf0                        __exidx_start = .
 *(SORT_BY_ALIGNMENT(.ARM.exidx*) SORT_BY_ALIGNMENT(.gnu.linkonce.armexidx.*))
                0x0800acf0                        __exidx_end = .
                0x0800acf0                        _etext = .

.uninit_RESERVED
                0x20000000        0x0
                0x20000000                        _start_uninit_RESERVED = .
 *(SORT_BY_ALIGNMENT(.bss.$RESERVED*))
                0x20000000                        . = ALIGN (0x4)
                0x20000000                        _end_uninit_RESERVED = .

.data           0x20000000      0xbc4 load address 0x0800acf0
 FILL mask 0xff
                0x20000000                        _data = .
                [!provide]                        PROVIDE (__start_data_RAM = .)
                [!provide]                        PROVIDE (__start_data_SRAM = .)
 *(SORT_BY_ALIGNMENT(vtable))
 *(SORT_BY_ALIGNMENT(.ramfunc*))
 *(SORT_BY_ALIGNMENT(CodeQuickAccess))
 CodeQuickAccess
                0x20000000      0x9e0 ./drivers/fsl_power.o
                0x20000000                POWER_SetSleepMode
                0x20000060                POWER_EnterPowerMode
                0x200000cc                POWER_DisableGDetVSensors
                0x20000230                POWER_EnableGDetVSensors
 CodeQuickAccess
                0x200009e0      0x1a0 ./board/board.o
                0x200009e0                BOARD_SetFlexspiClock
                0x20000a68                BOARD_DeinitFlash
                0x20000ac0                BOARD_InitFlash
 CodeQuickAccess.__stub
                0x20000b80       0x38 linker stubs
 *(SORT_BY_ALIGNMENT(DataQuickAccess))
 *(SORT_BY_ALIGNMENT(RamFunction))
 *(SORT_BY_ALIGNMENT(.data*))
 .data.g_macAddr
                0x20000bb8        0x6 ./source/enet_txrx_transfer.o
                0x20000bb8                g_macAddr
 *fill*         0x20000bbe        0x2 ff
 .data.SystemCoreClock
                0x20000bc0        0x4 ./device/system_RW612.o
                0x20000bc0                SystemCoreClock
                0x20000bc4                        . = ALIGN (0x4)
                0x20000bc4                        _edata = .
                [!provide]                        PROVIDE (__end_data_RAM = .)
                [!provide]                        PROVIDE (__end_data_SRAM = .)

.igot.plt       0x20000bc4        0x0 load address 0x0800b8b4
 .igot.plt      0x20000bc4        0x0 ./utilities/debug_console_lite/fsl_debug_console.o

.bss            0x20000c00     0x3784
                0x20000c00                        _bss = .
                [!provide]                        PROVIDE (__start_bss_RAM = .)
                [!provide]                        PROVIDE (__start_bss_SRAM = .)
 *(SORT_BY_ALIGNMENT(.bss*))
 .bss.g_rxBuffDescrip
                0x20000c00       0x20 ./source/enet_txrx_transfer.o
                0x20000c00                g_rxBuffDescrip
 *fill*         0x20000c20       0x20 
 .bss.g_txBuffDescrip
                0x20000c40       0x20 ./source/enet_txrx_transfer.o
                0x20000c40                g_txBuffDescrip
 *fill*         0x20000c60       0x20 
 .bss.g_rxDataBuff
                0x20000c80     0x1800 ./source/enet_txrx_transfer.o
                0x20000c80                g_rxDataBuff
 .bss.g_txDataBuff
                0x20002480     0x1800 ./source/enet_txrx_transfer.o
                0x20002480                g_txDataBuff
 .bss.s_debugConsole
                0x20003c80       0x14 ./utilities/debug_console_lite/fsl_debug_console.o
 .bss.g_handle  0x20003c94       0x7c ./source/enet_txrx_transfer.o
 .bss.g_frame   0x20003d10      0x3f6 ./source/enet_txrx_transfer.o
 *fill*         0x20004106        0x2 
 .bss.phyHandle
                0x20004108        0xc ./source/enet_txrx_transfer.o
 .bss.g_clkinFreq
                0x20004114        0x4 ./drivers/fsl_clock.o
                0x20004114                g_clkinFreq
 .bss.g_mclkinFreq
                0x20004118        0x4 ./drivers/fsl_clock.o
                0x20004118                g_mclkinFreq
 .bss.s_ENETHandle
                0x2000411c        0x4 ./drivers/fsl_enet.o
 .bss.s_enetTxIsr
                0x20004120        0x4 ./drivers/fsl_enet.o
 .bss.s_enetRxIsr
                0x20004124        0x4 ./drivers/fsl_enet.o
 .bss.s_enetErrIsr
                0x20004128        0x4 ./drivers/fsl_enet.o
 .bss.s_enetTsIsr
                0x2000412c        0x4 ./drivers/fsl_enet.o
 .bss.s_enet1588TimerIsr
                0x20004130        0x4 ./drivers/fsl_enet.o
 .bss.s_flexcommIrqHandler
                0x20004134       0x14 ./drivers/fsl_flexcomm.o
 .bss.s_flexcommHandle
                0x20004148       0x14 ./drivers/fsl_flexcomm.o
 .bss.s_flexspiHandle
                0x2000415c        0x4 ./drivers/fsl_flexspi.o
 .bss.s_flexspiIsr
                0x20004160        0x4 ./drivers/fsl_flexspi.o
 .bss.s_nvicContext
                0x20004164       0xec ./drivers/fsl_power.o
 .bss.s_systickContext
                0x20004250        0x8 ./drivers/fsl_power.o
 .bss.s_clockContext
                0x20004258        0x4 ./drivers/fsl_power.o
 .bss.s_gdetSensorContext
                0x2000425c       0x28 ./drivers/fsl_power.o
 .bss.s_captPulseCb
                0x20004284        0x4 ./drivers/fsl_power.o
 .bss.s_captPulseCbParam
                0x20004288        0x4 ./drivers/fsl_power.o
 .bss.s_preSwitch
                0x2000428c        0x4 ./drivers/fsl_power.o
 .bss.s_preSwitchParam
                0x20004290        0x4 ./drivers/fsl_power.o
 .bss.s_postSwitch
                0x20004294        0x4 ./drivers/fsl_power.o
 .bss.s_postSwitchParam
                0x20004298        0x4 ./drivers/fsl_power.o
 .bss.s_gdetCfgloadFunc
                0x2000429c        0x4 ./drivers/fsl_power.o
 .bss.s_gdetCfgData
                0x200042a0       0x1c ./drivers/fsl_power.o
 .bss.g_phy_resource
                0x200042bc        0x8 ./board/hardware_init.o
                0x200042bc                g_phy_resource
 .bss.errno     0x200042c4        0x4 C:/nxp/MCUXpressoIDE_24.12.148/ide/plugins/com.nxp.mcuxpresso.tools.win32_24.12.0.202407110909/tools/bin/../lib/gcc/arm-none-eabi/13.2.1/../../../../arm-none-eabi/lib/thumb/v8-m.main+fp/hard\libcr_c.a(errno.o)
                0x200042c4                errno
 .bss.__end_of_heap
                0x200042c8        0x4 C:/nxp/MCUXpressoIDE_24.12.148/ide/plugins/com.nxp.mcuxpresso.tools.win32_24.12.0.202407110909/tools/bin/../lib/gcc/arm-none-eabi/13.2.1/../../../../arm-none-eabi/lib/thumb/v8-m.main+fp/hard\libcr_c.a(__init_alloc.o)
                0x200042c8                __end_of_heap
 .bss.__heaps   0x200042cc        0x4 C:/nxp/MCUXpressoIDE_24.12.148/ide/plugins/com.nxp.mcuxpresso.tools.win32_24.12.0.202407110909/tools/bin/../lib/gcc/arm-none-eabi/13.2.1/../../../../arm-none-eabi/lib/thumb/v8-m.main+fp/hard\libcr_c.a(__init_alloc.o)
                0x200042cc                __heaps
 .bss.__Ciob    0x200042d0       0xb4 C:/nxp/MCUXpressoIDE_24.12.148/ide/plugins/com.nxp.mcuxpresso.tools.win32_24.12.0.202407110909/tools/bin/../lib/gcc/arm-none-eabi/13.2.1/../../../../arm-none-eabi/lib/thumb/v8-m.main+fp/hard\libcr_nohost_nf.a(__ciob.o)
                0x200042d0                __Ciob
 *(SORT_BY_ALIGNMENT(COMMON))
                0x20004384                        . = ALIGN (0x4)
                0x20004384                        _ebss = .
                [!provide]                        PROVIDE (__end_bss_RAM = .)
                [!provide]                        PROVIDE (__end_bss_SRAM = .)
                [!provide]                        PROVIDE (end = .)

.noinit         0x20004384        0x0
                0x20004384                        _noinit = .
                [!provide]                        PROVIDE (__start_noinit_RAM = .)
                [!provide]                        PROVIDE (__start_noinit_SRAM = .)
 *(SORT_BY_ALIGNMENT(.noinit*))
                0x20004384                        . = ALIGN (0x4)
                0x20004384                        _end_noinit = .
                [!provide]                        PROVIDE (__end_noinit_RAM = .)
                [!provide]                        PROVIDE (__end_noinit_SRAM = .)
                0x00001000                        _HeapSize = 0x1000

.heap           0x20004384     0x1000
                0x20004384                        _pvHeapStart = .
                0x20005384                        . = (. + _HeapSize)
 *fill*         0x20004384     0x1000 
                0x20005384                        . = ALIGN (0x4)
                0x20005384                        _pvHeapLimit = .
                0x00001000                        _StackSize = 0x1000

.heap2stackfill
                0x20005384     0x1000
                0x20006384                        . = (. + _StackSize)
 *fill*         0x20005384     0x1000 

.stack          0x2012f000        0x0
                0x2012f000                        _vStackBase = .
                0x2012f000                        . = ALIGN (0x4)
                0x20130000                        _vStackTop = (. + _StackSize)
                0x08001000                        _image_start = LOADADDR (.text)
                0x0800b8b4                        _image_end = (LOADADDR (.data) + SIZEOF (.data))
                0x0000a8b4                        _image_size = (_image_end - _image_start)
OUTPUT(frdmrw612_enet_txrx_transfer.axf elf32-littlearm)
LOAD linker stubs

.debug_info     0x00000000    0x2597a
 .debug_info    0x00000000      0xd8d ./utilities/debug_console_lite/fsl_debug_console.o
 .debug_info    0x00000d8d      0x12e ./utilities/fsl_assert.o
 .debug_info    0x00000ebb       0x24 ./utilities/fsl_memcpy.o
 .debug_info    0x00000edf     0x11bf ./startup/startup_rw612.o
 .debug_info    0x0000209e     0x1c2b ./source/enet_txrx_transfer.o
 .debug_info    0x00003cc9       0x3c ./source/semihost_hardfault.o
 .debug_info    0x00003d05      0x815 ./flash_config/flash_config.o
 .debug_info    0x0000451a     0x3524 ./drivers/fsl_clock.o
 .debug_info    0x00007a3e      0x38b ./drivers/fsl_common_arm.o
 .debug_info    0x00007dc9     0x3db5 ./drivers/fsl_enet.o
 .debug_info    0x0000bb7e      0xeee ./drivers/fsl_flexcomm.o
 .debug_info    0x0000ca6c     0x2650 ./drivers/fsl_flexspi.o
 .debug_info    0x0000f0bc      0xe3c ./drivers/fsl_gpio.o
 .debug_info    0x0000fef8      0xe12 ./drivers/fsl_ocotp.o
 .debug_info    0x00010d0a     0x4bec ./drivers/fsl_power.o
 .debug_info    0x000158f6      0x48e ./drivers/fsl_reset.o
 .debug_info    0x00015d84     0x1c6f ./drivers/fsl_usart.o
 .debug_info    0x000179f3     0x1569 ./device/system_RW612.o
 .debug_info    0x00018f5c      0xd90 ./component/uart/fsl_adapter_usart.o
 .debug_info    0x00019cec      0xc23 ./component/phy/fsl_phyksz8081.o
 .debug_info    0x0001a90f      0xf1e ./component/els_pkc/src/comps/mcuxClEls/src/mcuxClEls_Common.o
 .debug_info    0x0001b82d      0x68f ./component/els_pkc/src/comps/mcuxClEls/src/mcuxClEls_GlitchDetector.o
 .debug_info    0x0001bebc     0x37c4 ./board/board.o
 .debug_info    0x0001f680     0x175e ./board/clock_config.o
 .debug_info    0x00020dde     0x124e ./board/hardware_init.o
 .debug_info    0x0002202c      0xdaf ./board/pin_mux.o
 .debug_info    0x00022ddb       0x85 C:/nxp/MCUXpressoIDE_24.12.148/ide/plugins/com.nxp.mcuxpresso.tools.win32_24.12.0.202407110909/tools/bin/../lib/gcc/arm-none-eabi/13.2.1/../../../../arm-none-eabi/lib/thumb/v8-m.main+fp/hard\libcr_nohost_nf.a(_cr__main.o)
 .debug_info    0x00022e60       0xfc C:/nxp/MCUXpressoIDE_24.12.148/ide/plugins/com.nxp.mcuxpresso.tools.win32_24.12.0.202407110909/tools/bin/../lib/gcc/arm-none-eabi/13.2.1/../../../../arm-none-eabi/lib/thumb/v8-m.main+fp/hard\libcr_c.a(memset.o)
 .debug_info    0x00022f5c      0x520 C:/nxp/MCUXpressoIDE_24.12.148/ide/plugins/com.nxp.mcuxpresso.tools.win32_24.12.0.202407110909/tools/bin/../lib/gcc/arm-none-eabi/13.2.1/../../../../arm-none-eabi/lib/thumb/v8-m.main+fp/hard\libcr_c.a(alloc.o)
 .debug_info    0x0002347c       0x44 C:/nxp/MCUXpressoIDE_24.12.148/ide/plugins/com.nxp.mcuxpresso.tools.win32_24.12.0.202407110909/tools/bin/../lib/gcc/arm-none-eabi/13.2.1/../../../../arm-none-eabi/lib/thumb/v8-m.main+fp/hard\libcr_c.a(errno.o)
 .debug_info    0x000234c0      0x339 C:/nxp/MCUXpressoIDE_24.12.148/ide/plugins/com.nxp.mcuxpresso.tools.win32_24.12.0.202407110909/tools/bin/../lib/gcc/arm-none-eabi/13.2.1/../../../../arm-none-eabi/lib/thumb/v8-m.main+fp/hard\libcr_c.a(initio.o)
 .debug_info    0x000237f9      0x1fd C:/nxp/MCUXpressoIDE_24.12.148/ide/plugins/com.nxp.mcuxpresso.tools.win32_24.12.0.202407110909/tools/bin/../lib/gcc/arm-none-eabi/13.2.1/../../../../arm-none-eabi/lib/thumb/v8-m.main+fp/hard\libcr_c.a(setvbuf.o)
 .debug_info    0x000239f6       0xe1 C:/nxp/MCUXpressoIDE_24.12.148/ide/plugins/com.nxp.mcuxpresso.tools.win32_24.12.0.202407110909/tools/bin/../lib/gcc/arm-none-eabi/13.2.1/../../../../arm-none-eabi/lib/thumb/v8-m.main+fp/hard\libcr_c.a(strlen.o)
 .debug_info    0x00023ad7       0xd4 C:/nxp/MCUXpressoIDE_24.12.148/ide/plugins/com.nxp.mcuxpresso.tools.win32_24.12.0.202407110909/tools/bin/../lib/gcc/arm-none-eabi/13.2.1/../../../../arm-none-eabi/lib/thumb/v8-m.main+fp/hard\libcr_c.a(__init_alloc.o)
 .debug_info    0x00023bab      0x107 C:/nxp/MCUXpressoIDE_24.12.148/ide/plugins/com.nxp.mcuxpresso.tools.win32_24.12.0.202407110909/tools/bin/../lib/gcc/arm-none-eabi/13.2.1/../../../../arm-none-eabi/lib/thumb/v8-m.main+fp/hard\libcr_c.a(_cr_sbrk.o)
 .debug_info    0x00023cb2      0x369 C:/nxp/MCUXpressoIDE_24.12.148/ide/plugins/com.nxp.mcuxpresso.tools.win32_24.12.0.202407110909/tools/bin/../lib/gcc/arm-none-eabi/13.2.1/../../../../arm-none-eabi/lib/thumb/v8-m.main+fp/hard\libcr_c.a(_deferredlazyseek.o)
 .debug_info    0x0002401b      0x24b C:/nxp/MCUXpressoIDE_24.12.148/ide/plugins/com.nxp.mcuxpresso.tools.win32_24.12.0.202407110909/tools/bin/../lib/gcc/arm-none-eabi/13.2.1/../../../../arm-none-eabi/lib/thumb/v8-m.main+fp/hard\libcr_c.a(_fdopen.o)